

 <DUALSPHYSICS5> Copyright (c) 2025 by
 Dr Jose M. Dominguez Alonso, Prof. Alejandro Crespo,
 Dr Georgios Fourtakas, Prof. Benedict Rogers,
 Dr Renato Vacondio, Dr Corrado Altomare,
 Dr Angelo Tafuni, Dr Orlando Garcia Feal,
 Dr Ivan Martinez Estevez, Dr Joseph O'Connor,
 Dr Aaron English, Dr Francesco Ricci,
 Prof. Moncho Gomez Gesteira, Prof. Peter Stansby

 EPHYSLAB Environmental Physics Laboratory, Universidade de Vigo
 School of Mechanical, Aerospace and Civil Engineering, University of Manchester

 DualSPHysics is free software: you can redistribute it and/or
 modify it under the terms of the GNU Lesser General Public License
 as published by the Free Software Foundation, either version 2.1 of
 the License, or (at your option) any later version.

 DualSPHysics is distributed in the hope that it will be useful,
 but WITHOUT ANY WARRANTY; without even the implied warranty of
 MERCHANTABILITY or FITNESS FOR A PARTICULAR PURPOSE.  See the
 GNU Lesser General Public License for more details.

 You should have received a copy of the GNU Lesser General Public License
 along with DualSPHysics. If not, see <http://www.gnu.org/licenses/>.

 Free download source files and documentation from DualSPHysics website (http://dual.sphysics.org).
 Full list of developers and contributors is available at https://dual.sphysics.org/developers
 Properly cite the use of DualSPHysics (Dominguez et al., 2022) (https://dual.sphysics.org/references).


DualSPHysics5 v5.4.355 (08-04-2025)
====================================
[CUDA Capable device(s)]
  Detected 8 CUDA Capable device(s)
  CUDA Driver Version / Runtime Version: 13.2 / 12.8
 
Device 0: "NVIDIA RTX 6000 Ada Generation"
  CUDA Capability Major....: 8.9
  Global memory............: 48511 MiB
  CUDA Cores...............: 18176 (142 Multiprocessors, 128 CUDA Cores/MP)
  GPU Max Clock rate.......: 2505 MHz (2.50 GHz)
  Memory Clock rate........: 10001 Mhz
  Memory Bus Width.........: 384-bit
  L2 Cache Size............: 98304 KiB
  Constant memory..........: 64 KiB
  Shared memory per block..: 48 KiB
  Registers per block......: 65536
  Maximum threads per MP...: 1536
  Maximum threads per block: 1024
  Concurrent copy and kernel execution....: Yes with 2 copy engine(s)
  Run time limit on kernels...............: Yes
  Integrated GPU sharing Host Memory......: No
  Support host page-locked memory mapping.: Yes
  Device has ECC support..................: Disabled
  Device supports Unified Addressing (UVA): Yes
  Device PCI (Domain / Bus / location)....: 0 / 33 / 0
  Device supports P2P and RDMA............: Yes
  Device supports P2P from/to GPUs........: 1,2,3,4,5,6,7
 
Device 1: "NVIDIA RTX 6000 Ada Generation"
  CUDA Capability Major....: 8.9
  Global memory............: 48511 MiB
  CUDA Cores...............: 18176 (142 Multiprocessors, 128 CUDA Cores/MP)
  GPU Max Clock rate.......: 2505 MHz (2.50 GHz)
  Memory Clock rate........: 10001 Mhz
  Memory Bus Width.........: 384-bit
  L2 Cache Size............: 98304 KiB
  Constant memory..........: 64 KiB
  Shared memory per block..: 48 KiB
  Registers per block......: 65536
  Maximum threads per MP...: 1536
  Maximum threads per block: 1024
  Concurrent copy and kernel execution....: Yes with 2 copy engine(s)
  Run time limit on kernels...............: Yes
  Integrated GPU sharing Host Memory......: No
  Support host page-locked memory mapping.: Yes
  Device has ECC support..................: Disabled
  Device supports Unified Addressing (UVA): Yes
  Device PCI (Domain / Bus / location)....: 0 / 64 / 0
  Device supports P2P and RDMA............: Yes
  Device supports P2P from/to GPUs........: 0,2,3,4,5,6,7
 
Device 2: "NVIDIA RTX 6000 Ada Generation"
  CUDA Capability Major....: 8.9
  Global memory............: 48511 MiB
  CUDA Cores...............: 18176 (142 Multiprocessors, 128 CUDA Cores/MP)
  GPU Max Clock rate.......: 2505 MHz (2.50 GHz)
  Memory Clock rate........: 10001 Mhz
  Memory Bus Width.........: 384-bit
  L2 Cache Size............: 98304 KiB
  Constant memory..........: 64 KiB
  Shared memory per block..: 48 KiB
  Registers per block......: 65536
  Maximum threads per MP...: 1536
  Maximum threads per block: 1024
  Concurrent copy and kernel execution....: Yes with 2 copy engine(s)
  Run time limit on kernels...............: Yes
  Integrated GPU sharing Host Memory......: No
  Support host page-locked memory mapping.: Yes
  Device has ECC support..................: Disabled
  Device supports Unified Addressing (UVA): Yes
  Device PCI (Domain / Bus / location)....: 0 / 65 / 0
  Device supports P2P and RDMA............: Yes
  Device supports P2P from/to GPUs........: 0,1,3,4,5,6,7
 
Device 3: "NVIDIA RTX 6000 Ada Generation"
  CUDA Capability Major....: 8.9
  Global memory............: 48511 MiB
  CUDA Cores...............: 18176 (142 Multiprocessors, 128 CUDA Cores/MP)
  GPU Max Clock rate.......: 2505 MHz (2.50 GHz)
  Memory Clock rate........: 10001 Mhz
  Memory Bus Width.........: 384-bit
  L2 Cache Size............: 98304 KiB
  Constant memory..........: 64 KiB
  Shared memory per block..: 48 KiB
  Registers per block......: 65536
  Maximum threads per MP...: 1536
  Maximum threads per block: 1024
  Concurrent copy and kernel execution....: Yes with 2 copy engine(s)
  Run time limit on kernels...............: Yes
  Integrated GPU sharing Host Memory......: No
  Support host page-locked memory mapping.: Yes
  Device has ECC support..................: Disabled
  Device supports Unified Addressing (UVA): Yes
  Device PCI (Domain / Bus / location)....: 0 / 66 / 0
  Device supports P2P and RDMA............: Yes
  Device supports P2P from/to GPUs........: 0,1,2,4,5,6,7
 
Device 4: "NVIDIA RTX 6000 Ada Generation"
  CUDA Capability Major....: 8.9
  Global memory............: 48511 MiB
  CUDA Cores...............: 18176 (142 Multiprocessors, 128 CUDA Cores/MP)
  GPU Max Clock rate.......: 2505 MHz (2.50 GHz)
  Memory Clock rate........: 10001 Mhz
  Memory Bus Width.........: 384-bit
  L2 Cache Size............: 98304 KiB
  Constant memory..........: 64 KiB
  Shared memory per block..: 48 KiB
  Registers per block......: 65536
  Maximum threads per MP...: 1536
  Maximum threads per block: 1024
  Concurrent copy and kernel execution....: Yes with 2 copy engine(s)
  Run time limit on kernels...............: Yes
  Integrated GPU sharing Host Memory......: No
  Support host page-locked memory mapping.: Yes
  Device has ECC support..................: Disabled
  Device supports Unified Addressing (UVA): Yes
  Device PCI (Domain / Bus / location)....: 0 / 157 / 0
  Device supports P2P and RDMA............: Yes
  Device supports P2P from/to GPUs........: 0,1,2,3,5,6,7
 
Device 5: "NVIDIA RTX 6000 Ada Generation"
  CUDA Capability Major....: 8.9
  Global memory............: 48511 MiB
  CUDA Cores...............: 18176 (142 Multiprocessors, 128 CUDA Cores/MP)
  GPU Max Clock rate.......: 2505 MHz (2.50 GHz)
  Memory Clock rate........: 10001 Mhz
  Memory Bus Width.........: 384-bit
  L2 Cache Size............: 98304 KiB
  Constant memory..........: 64 KiB
  Shared memory per block..: 48 KiB
  Registers per block......: 65536
  Maximum threads per MP...: 1536
  Maximum threads per block: 1024
  Concurrent copy and kernel execution....: Yes with 2 copy engine(s)
  Run time limit on kernels...............: Yes
  Integrated GPU sharing Host Memory......: No
  Support host page-locked memory mapping.: Yes
  Device has ECC support..................: Disabled
  Device supports Unified Addressing (UVA): Yes
  Device PCI (Domain / Bus / location)....: 0 / 158 / 0
  Device supports P2P and RDMA............: Yes
  Device supports P2P from/to GPUs........: 0,1,2,3,4,6,7
 
Device 6: "NVIDIA RTX 6000 Ada Generation"
  CUDA Capability Major....: 8.9
  Global memory............: 48511 MiB
  CUDA Cores...............: 18176 (142 Multiprocessors, 128 CUDA Cores/MP)
  GPU Max Clock rate.......: 2505 MHz (2.50 GHz)
  Memory Clock rate........: 10001 Mhz
  Memory Bus Width.........: 384-bit
  L2 Cache Size............: 98304 KiB
  Constant memory..........: 64 KiB
  Shared memory per block..: 48 KiB
  Registers per block......: 65536
  Maximum threads per MP...: 1536
  Maximum threads per block: 1024
  Concurrent copy and kernel execution....: Yes with 2 copy engine(s)
  Run time limit on kernels...............: Yes
  Integrated GPU sharing Host Memory......: No
  Support host page-locked memory mapping.: Yes
  Device has ECC support..................: Disabled
  Device supports Unified Addressing (UVA): Yes
  Device PCI (Domain / Bus / location)....: 0 / 173 / 0
  Device supports P2P and RDMA............: Yes
  Device supports P2P from/to GPUs........: 0,1,2,3,4,5,7
 
Device 7: "NVIDIA RTX 6000 Ada Generation"
  CUDA Capability Major....: 8.9
  Global memory............: 48511 MiB
  CUDA Cores...............: 18176 (142 Multiprocessors, 128 CUDA Cores/MP)
  GPU Max Clock rate.......: 2505 MHz (2.50 GHz)
  Memory Clock rate........: 10001 Mhz
  Memory Bus Width.........: 384-bit
  L2 Cache Size............: 98304 KiB
  Constant memory..........: 64 KiB
  Shared memory per block..: 48 KiB
  Registers per block......: 65536
  Maximum threads per MP...: 1536
  Maximum threads per block: 1024
  Concurrent copy and kernel execution....: Yes with 2 copy engine(s)
  Run time limit on kernels...............: Yes
  Integrated GPU sharing Host Memory......: No
  Support host page-locked memory mapping.: Yes
  Device has ECC support..................: Disabled
  Device supports Unified Addressing (UVA): Yes
  Device PCI (Domain / Bus / location)....: 0 / 174 / 0
  Device supports P2P and RDMA............: Yes
  Device supports P2P from/to GPUs........: 0,1,2,3,4,5,6
 
[GPU Hardware]
Device selected: 4 "NVIDIA RTX 6000 Ada Generation"
Compute capability: 8.9
Memory global: 48510 MiB
Memory shared: 49152 Bytes
 
[Initialising JSphGpuSingle  07-09-2026 19:55:00]
ProgramFile=".../bin/linux/DualSPHysics5.4_linux64"
Available features: Project Chrono coupling, MoorDynPlus coupling, Wave generation, FlexStruc, mDBC no-slip, GPU execution, OpenMP execution.
ExecutionDir=".../Projects/DualSPHysics/lagrangian-fluid-lab"
XmlFile=".../generated/fixed_box_dbc_zero_pressure/fixed_box_dbc_zero_pressure.xml"
OutputDir=".../fixed_box_dbc_zero_pressure/attempts/20260907T115459.044639Z-6ddfcdaa.partial"
OutputDataDir=".../attempts/20260907T115459.044639Z-6ddfcdaa.partial/data"
XML-App: GenCase v5.4.354.01 (07-04-2025)
**Basic case configuration is loaded
**Special case configuration is loaded
Loading initial state of particles...
Loaded particles: 36,752
MapRealPos(border)=(-0.00216506,-0.00216506,-0.00216506)-(1.20217,0.802165,0.802165)
MapRealPos(final)=(-0.303248,-0.203248,-0.203248)-(1.50325,1.00325,1.40541)
**Initial state of particles is loaded
PosCellCode="13_10_9 (8192,1024,512)"
PosCellSize=0.086603  (1 x KernelSize)
**3D-Simulation parameters:
CaseName="fixed_box_dbc_zero_pressure"
RunName="fixed_box_dbc_zero_pressure"
SavePosDouble=False
SvExtraParts=""
SaveFtAce=False
SvTimers=True
Boundary="DBC"
StepAlgorithm="Verlet"
  VerletSteps=40
Kernel="Wendland"
  Wendland.awen=5145.715
  Wendland.bwenh=-1.372197e+07
Viscosity="Artificial"
  Visco=0.01
  ViscoBoundFactor=1
DensityDiffusion="None"
Shifting="None"
RigidAlgorithm="None"
FloatingCount=0
CaseNp=36,752
CaseNbound=7,466
CaseNfixed=7,466
CaseNmoving=0
CaseNfloat=0
CaseNfluid=29,286
PeriodicActive="None"
Dp=0.025
KernelH=0.043301  (CoefficientH=1; H/Dp=1.73205)
KernelSize=0.08660254
CteB=57142.86
Gamma=7
RhopZero=1000
Cs0=19.99999970703125
CFLnumber=0.2
DtIni=0.002165063502316833
DtMin=0.0001082531767289397
DtAllParticles=False
MassFluid=0.015625
MassBound=0.015625
TimeMax=0.8
TimePart=0.01
Gravity=(0,0,0)
RhopOut=True
RhopOutMin=700
RhopOutMax=1300
WrnPartsOut=True
MinFluidStop=0
NpfMinimum=0
CellMode="Full"
ScellDiv=1
MapCells=(21,14,19)  (5,586 cells)
CellDomFixed=False
DomCells=(21,14,19)  (5,586 cells)
DomCellCode="1+11_10_10"
 
BlockSize calculation mode: Fixed.
  BsForcesBound=128 (39 regs)
  BsForcesFluid=128 (48 regs)
 
**CellDiv: Requested gpu memory for 38,717 particles (over-allocation: 1.05X): 0.6 MiB (1 times).
**CellDiv: Requested GPU memory for 5,586 cells (over-allocation: 4.14X): 0.1 MiB (1 times).
 
RunMode="Pos-Cell - Single-GPU"
 
Particle summary:
  Fixed....: 7,466  id:(0-7465)   MKs:2 (17-18)
  Moving...: 0
  Floating.: 0
  Fluid....: 29,286  id:(7466-36751)   MKs:1 (1)

Total particles: 36,752 (bound=7466 (fx=7466 mv=0 ft=0) fluid=29286)
Total MK blocks: 3 (bound=2 (fx=2 mv=0 ft=0) fluid=1)
 
GaugeSystem configuration:
Guage_0: 'BoxForce'
  Type.......: Force
  Compute....: 0 - 0.8   dt:0.005
  Output.....: 0 - 0.8   dt:0.005
  SaveVtkPart: False
  MkBound.....: 1 (Fixed particles)
  Particles id: 6737 - 7465
 

Initial allocated memory in CPU: 3,365,280 (3.21 MiB)  (9 particle arrays)
Initial allocated memory in GPU: 5,581,744 (5.32 MiB)  (14 particle arrays)
Part_0000        36,752 (100.0%) particles successfully stored

[Initialising simulation (nytons0h)  07-09-2026 19:55:00]
PART   PartTime   TotalSteps   Steps    Particles    Cells        Time/Sec   Finish time        
=====  =========  ===========  =======  ===========  ===========  =========  ===================
**Updated allocated memory in CPU: 3,365,280 (3.21 MiB)  (9 particle arrays)
**Updated allocated memory in GPU: 6,024,304 (5.75 MiB)  (15 particle arrays)
00001   0.010392           24       25       36,752        1,350       1.56  07-09-2026 19:55:01
00002   0.020352           47       23       36,752        1,350       1.50  07-09-2026 19:55:01
00003   0.030311           70       23       36,752        1,350       1.51  07-09-2026 19:55:01
00004   0.040270           93       23       36,752        1,350       1.52  07-09-2026 19:55:01
00005   0.050229          116       23       36,752        1,350       1.51  07-09-2026 19:55:01
00006   0.060189          139       23       36,752        1,350       1.51  07-09-2026 19:55:01
00007   0.070148          162       23       36,752        1,350       1.52  07-09-2026 19:55:01
00008   0.080107          185       23       36,752        1,350       1.50  07-09-2026 19:55:01
00009   0.090067          208       23       36,752        1,350       1.55  07-09-2026 19:55:01
00010   0.100026          231       23       36,752        1,350       1.50  07-09-2026 19:55:01
00011   0.110418          255       24       36,752        1,350       1.49  07-09-2026 19:55:01
00012   0.120378          278       23       36,752        1,350       1.50  07-09-2026 19:55:01
00013   0.130337          301       23       36,752        1,350       1.50  07-09-2026 19:55:01
00014   0.140296          324       23       36,752        1,350       1.51  07-09-2026 19:55:00
00015   0.150255          347       23       36,752        1,350       1.50  07-09-2026 19:55:00
00016   0.160215          370       23       36,752        1,350       1.50  07-09-2026 19:55:00
00017   0.170174          393       23       36,752        1,350       1.49  07-09-2026 19:55:00
00018   0.180133          416       23       36,752        1,350       1.49  07-09-2026 19:55:00
00019   0.190093          439       23       36,752        1,350       1.50  07-09-2026 19:55:00
00020   0.200052          462       23       36,752        1,350       1.50  07-09-2026 19:55:00
00021   0.210011          485       23       36,752        1,350       1.43  07-09-2026 19:55:00
00022   0.220403          509       24       36,752        1,350       1.41  07-09-2026 19:55:00
00023   0.230363          532       23       36,752        1,350       1.44  07-09-2026 19:55:00
00024   0.240322          555       23       36,752        1,350       1.43  07-09-2026 19:55:00
00025   0.250281          578       23       36,752        1,350       1.42  07-09-2026 19:55:00
00026   0.260241          601       23       36,752        1,350       1.42  07-09-2026 19:55:00
00027   0.270200          624       23       36,752        1,350       1.42  07-09-2026 19:55:00
00028   0.280159          647       23       36,752        1,350       1.43  07-09-2026 19:55:00
00029   0.290119          670       23       36,752        1,350       1.45  07-09-2026 19:55:00
00030   0.300078          693       23       36,752        1,350       1.46  07-09-2026 19:55:00
00031   0.310037          716       23       36,752        1,350       1.42  07-09-2026 19:55:00
00032   0.320429          740       24       36,752        1,350       1.41  07-09-2026 19:55:00
00033   0.330389          763       23       36,752        1,350       1.43  07-09-2026 19:55:00
00034   0.340348          786       23       36,752        1,350       1.42  07-09-2026 19:55:01
00035   0.350307          809       23       36,752        1,350       1.43  07-09-2026 19:55:01
00036   0.360267          832       23       36,752        1,350       1.42  07-09-2026 19:55:01
00037   0.370226          855       23       36,752        1,350       1.43  07-09-2026 19:55:01
00038   0.380185          878       23       36,752        1,350       1.42  07-09-2026 19:55:01
00039   0.390144          901       23       36,752        1,350       1.42  07-09-2026 19:55:01
00040   0.400104          924       23       36,752        1,350       1.42  07-09-2026 19:55:01
00041   0.410063          947       23       36,752        1,350       1.42  07-09-2026 19:55:01
00042   0.420022          970       23       36,752        1,350       1.43  07-09-2026 19:55:01
00043   0.430415          994       24       36,752        1,350       1.41  07-09-2026 19:55:01
00044   0.440374        1,017       23       36,752        1,350       1.45  07-09-2026 19:55:01
00045   0.450333        1,040       23       36,752        1,350       1.42  07-09-2026 19:55:01
00046   0.460293        1,063       23       36,752        1,350       1.43  07-09-2026 19:55:01
00047   0.470252        1,086       23       36,752        1,350       1.48  07-09-2026 19:55:01
00048   0.480211        1,109       23       36,752        1,350       1.42  07-09-2026 19:55:01
00049   0.490170        1,132       23       36,752        1,350       1.43  07-09-2026 19:55:01
00050   0.500130        1,155       23       36,752        1,350       1.42  07-09-2026 19:55:01
00051   0.510089        1,178       23       36,752        1,350       1.43  07-09-2026 19:55:01
00052   0.520048        1,201       23       36,752        1,350       1.42  07-09-2026 19:55:01
00053   0.530008        1,224       23       36,752        1,350       1.42  07-09-2026 19:55:01
00054   0.540400        1,248       24       36,752        1,350       1.42  07-09-2026 19:55:01
00055   0.550359        1,271       23       36,752        1,350       1.42  07-09-2026 19:55:01
00056   0.560318        1,294       23       36,752        1,350       1.43  07-09-2026 19:55:01
00057   0.570278        1,317       23       36,752        1,350       1.42  07-09-2026 19:55:01
00058   0.580237        1,340       23       36,752        1,350       1.44  07-09-2026 19:55:01
00059   0.590196        1,363       23       36,752        1,350       1.42  07-09-2026 19:55:01
00060   0.600156        1,386       23       36,752        1,350       1.42  07-09-2026 19:55:01
00061   0.610115        1,409       23       36,752        1,350       1.44  07-09-2026 19:55:01
00062   0.620074        1,432       23       36,752        1,350       1.42  07-09-2026 19:55:01
00063   0.630033        1,455       23       36,752        1,350       1.42  07-09-2026 19:55:01
00064   0.640426        1,479       24       36,752        1,350       1.42  07-09-2026 19:55:01
00065   0.650385        1,502       23       36,752        1,350       1.45  07-09-2026 19:55:01
00066   0.660344        1,525       23       36,752        1,350       1.43  07-09-2026 19:55:01
00067   0.670304        1,548       23       36,752        1,350       1.43  07-09-2026 19:55:01
00068   0.680263        1,571       23       36,752        1,350       1.43  07-09-2026 19:55:01
00069   0.690222        1,594       23       36,752        1,350       1.42  07-09-2026 19:55:01
00070   0.700182        1,617       23       36,752        1,350       1.42  07-09-2026 19:55:01
00071   0.710141        1,640       23       36,752        1,350       1.43  07-09-2026 19:55:01
00072   0.720100        1,663       23       36,752        1,350       1.43  07-09-2026 19:55:01
00073   0.730059        1,686       23       36,752        1,350       1.42  07-09-2026 19:55:01
00074   0.740019        1,709       23       36,752        1,350       1.47  07-09-2026 19:55:01
00075   0.750411        1,733       24       36,752        1,350       1.42  07-09-2026 19:55:01
00076   0.760370        1,756       23       36,752        1,350       1.42  07-09-2026 19:55:01
00077   0.770330        1,779       23       36,752        1,350       1.42  07-09-2026 19:55:01
00078   0.780289        1,802       23       36,752        1,350       1.43  07-09-2026 19:55:01
00079   0.790248        1,825       23       36,752        1,350       1.44  07-09-2026 19:55:01
00080   0.800207        1,848       23       36,752        1,350       1.40  07-09-2026 19:55:01

[Simulation finished  07-09-2026 19:55:01]
Particles of simulation (initial): 36,752
DTs adjusted to DtMin............: 0
Excluded particles...............: 0
Total Runtime....................: 1.358644 sec.
Simulation Runtime...............: 1.160732 sec.
Runtime per physical second......: 1.450539 sec.
Steps per second.................: 1592.098755
Steps of simulation..............: 1,848
PART files.......................: 81
Maximum number of particles......: 36,752
Maximum number of cells..........: 1,350
CPU Memory.......................: 3,365,280 (3.21 MiB)
GPU Memory.......................: 6,024,304 (5.75 MiB)
GPU Memory (for cells)...........: 89,416 (0.09 MiB)
 
[GPU Timers]
VA-Init..........................: 0.197916 sec.
NL-Limits........................: 0.024092 sec.
NL-PreSort.......................: 0.005343 sec.
NL-RadixSort.....................: 0.105870 sec.
NL-CellBegin.....................: 0.038293 sec.
NL-SortData......................: 0.031881 sec.
NL-OutCheck......................: 0 sec.
CF-PreForces.....................: 0.057544 sec.
CF-PreMDBC.......................: 0 sec.
CF-Forces........................: 0.715301 sec.
SU-Shifting......................: 0 sec.
SU-ComputeStep...................: 0.025264 sec.
SU-Floating......................: 0 sec.
SU-Motion........................: 0 sec.
SU-Periodic......................: 0 sec.
SU-ResizeNp......................: 0 sec.
SU-DownData......................: 0.035452 sec.
SU-SavePart......................: 0.074652 sec.
SU-Chrono........................: 0 sec.
SU-Moorings......................: 0 sec.
SU-InOut.........................: 0 sec.
SU-Gauges........................: 0.044070 sec.
SU-FlexStruc.....................: 0 sec.
 
[Output files]
- CfgGauge_InitPoints.vtk.: Saves points used for gauge calculations (by JGaugeSystem).
- CfgInit_Domain.vtk......: Saves the limits of the case and the simulation domain limits.
- CfgInit_MapCells.vtk....: Saves the cell division of the simulation domain.
- GaugesForce_BoxForce.csv: Saves Force data measured from boundary particles (by JGaugeForce).
- Run.csv.................: One line CSV file with execution parameters and other simulation data.
- Run.out.................: Log file of the simulation.
- RunPARTs.csv............: Saves extra information of simulated PARTs.
- data/PartInfo.ibi4......: Binary file with execution information for each instant (input for PartInfo program).
- data/PartOut_???.obi4...: Binary file with particles excluded during simulation (input for PartVtkOut program).
- data/Part_????.bi4......: Binary file with particle data in different instants.
- data/Part_Head.ibi4.....: Binary file with basic information of simulation data.
 
[References]
- Official solver reference DualSPHysics v5.0: J.M. Dominguez, G. Fourtakas,
    C. Altomare, R.B. Canelas, A. Tafuni, O. Garcia-Feal, I. Martinez-Estevez,
    A. Mokos, R. Vacondio, A.J.C. Crespo, B.D. Rogers, P.K. Stansby, M. Gomez-Gesteira.
    2022. DualSPHysics: from fluid dynamics to multiphysics problems.
    Computational Particle Mechanics, 9:867-895. doi: https://doi.org/10.1007/s40571-021-00404-2

- Optimised CPU multi-core and GPU implementation (Dominguez et al., 2013  https://doi.org/10.1016/j.cpc.2012.10.015)
- Dynamic boundary conditions (Crespo et al., 2007  https://doi.org/10.3970/cmc.2007.005.173)
- Viscosity: Artificial (Monaghan, 1992  https://doi.org/10.1146/annurev.aa.30.090192.002551)
- Kernel: Quintic Wendland (Wendland, 1995  https://doi.org/10.1007/BF02123482)
- Time integration scheme: Verlet (Verlet, 1967  https://doi.org/10.1103/PhysRev.159.98)

Finished execution (code=0).

