

 <GENCASE>  Copyright (c) 2025 by Dr Jose M. Dominguez
 All rights reserved.

 GenCase is a free tool for DualSPHysics simulations.
 DualSPHysics project is an international collaboration between
 University of Vigo (Spain) and University of Manchester (UK).

 Redistribution and use in binary form, without modification, are
 permitted provided that the following conditions are met:
 * Redistributions in binary form must reproduce the above copyright
   notice, this list of conditions and the following disclaimer in the
   documentation and/or other materials provided with the distribution.
 * Redistributions or modifications of source code are not permitted 
   unless expressly authorised, and must retain the above copyright 
   notice, this list of conditions and the following disclaimer.
 * Neither the name of the GenCase nor the names of its contributors
   may be used to endorse or promote products derived from this software
   without specific prior written permission.

 THIS SOFTWARE IS PROVIDED BY THE COPYRIGHT HOLDERS AND CONTRIBUTORS "AS IS"
 AND ANY EXPRESS OR IMPLIED WARRANTIES, INCLUDING, BUT NOT LIMITED TO, THE
 IMPLIED WARRANTIES OF MERCHANTABILITY AND FITNESS FOR A PARTICULAR PURPOSE
 ARE DISCLAIMED. IN NO EVENT SHALL THE COPYRIGHT OWNER BE LIABLE FOR ANY
 DIRECT, INDIRECT, INCIDENTAL, SPECIAL, EXEMPLARY, OR CONSEQUENTIAL DAMAGES
 (INCLUDING, BUT NOT LIMITED TO, PROCUREMENT OF SUBSTITUTE GOODS OR SERVICES;
 LOSS OF USE, DATA, OR PROFITS; OR BUSINESS INTERRUPTION) HOWEVER CAUSED AND
 ON ANY THEORY OF LIABILITY, WHETHER IN CONTRACT, STRICT LIABILITY, OR TORT
 (INCLUDING NEGLIGENCE OR OTHERWISE) ARISING IN ANY WAY OUT OF THE USE OF
 THIS SOFTWARE, EVEN IF ADVISED OF THE POSSIBILITY OF SUCH DAMAGE.


GenCase v5.4.354.01 (07-04-2025)
=================================
LoadDsphConfig> .../bin/linux/DsphConfig.xml
OmpThreads: 16

[LoadXMLInit]
List: GeometryForNormals
List: MAIN

Total operations: 17
[LoadXMLInit-End  time:0.000s]

[Draw]
List of available variables: Gravity_x=[0]  Gravity_y=[0]  Gravity_z=[-9.81]  Rhop0=[1000]  VResId=[0]  Dp=[0.06]  PosMin_x=[-2.22]  PosMin_y=[-2.22]  PosMin_z=[-0.24]  PosMax_x=[2.2]  PosMax_y=[2.2]  PosMax_z=[1.4]  CaseName=["R3_F6_mdbc_zero_normal_baseline_float1_outer_only"]  Data2D=[0]  Data2DPosy=[0]  H=[0.103923]  MassBound=[0.216]  MassFluid=[0.216]

Mk size: 1 bytes
Case limits: (-2.22,-2.22,-0.24) - (2.2,2.2,1.4)
Distance between points (Dp): 0.06
Reference position: (0,0,0)
Case domain: (0,0,0)-(72,72,26)
Domain points: 73 x 73 x 27 = 143,883
Case parts: 1 x 27z
Memory: 0.00 GiB  0.14 MiB  (143,883)

> MAIN
>> GeometryForNormals
FileShapes> hdp_Actual.vtk  shapes:3,338  points:1,886   (time:0.000s)
<< GeometryForNormals (6+1+1)
FileDbgDomains> /home/jade/Projects/DualSPHysics/lagrangian-fluid-lab/campaigns/v0.1-candidate/artifacts/r3-g2-f6-mdbc-zero-normal-preflight/R3_F6_mdbc_zero_normal_baseline_float1_outer_only/generated/R3_F6_mdbc_zero_normal_baseline_float1_outer_only_dbg-fillbox.vtk  domains:1
FileDbgDomains> /home/jade/Projects/DualSPHysics/lagrangian-fluid-lab/campaigns/v0.1-candidate/artifacts/r3-g2-f6-mdbc-zero-normal-preflight/R3_F6_mdbc_zero_normal_baseline_float1_outer_only/generated/R3_F6_mdbc_zero_normal_baseline_float1_outer_only_dbg-fillbox.vtk  domains:2
<MAIN (Operations= 13+4+1 = 18)

Triangles: 6,676 (4,250 ignored)
[Draw-End  time:0.048s]

[LoadsXMLConfig]
Execution parameters.
Initials configuration.
Floating bodies configuration.
Properties configuration.
Predefined motion configuration.
[LoadsXMLConfig-End  time:0.000s]

[PreparePoints]
Computing Vtk-Cells data...  (time:0.005s)
BitSizeTot: 21 (2 + 7+7+5)
Points loaded: 67,186
Sorting points by Z...
Sorting points by Mk...
Computing Grid-points...  (time:0.003s)

List of Points:
Points -> Fixed-Boundary particles:
  block[  0] (mk: 10):  24195  -->   24195
Points -> Floating-Boundary particles:
  block[  1] (mk: 20):    140  -->     140
Points -> Fluid particles:
  block[  2] (mk:  1):  42851  -->   42851

Particle summary:
  Fixed....: 24,195  id:(0-24194)   MKs:1 (10)
  Moving...: 0
  Floating.: 140  id:(24195-24334)   MKs:1 (20)
  Fluid....: 42,851  id:(24335-67185)   MKs:1 (1)

Total particles: 67,186 (bound=24335 (fx=24195 mv=0 ft=140) fluid=42851)
Total MK blocks: 3 (bound=2 (fx=1 mv=0 ft=1) fluid=1)

Maximum depth: 0.78 (automatic from the height of water+floating bodies)
Speed of system: 2.76619 (automatic)
Speed of sound: max(coefsound*speedsystem,10*sqrt(g*depth))
Speed of sound: 55.3238 max(55.3238,27.6619)
Speed of sound: 55.3238 (automatic)

Coefh:1.000000 (hdp:1.732051)

[PreparePoints-End  time:0.009s]

[SaveCase3D]
/home/jade/Projects/DualSPHysics/lagrangian-fluid-lab/campaigns/v0.1-candidate/artifacts/r3-g2-f6-mdbc-zero-normal-preflight/R3_F6_mdbc_zero_normal_baseline_float1_outer_only/generated/R3_F6_mdbc_zero_normal_baseline_float1_outer_only_MkCells.vtk  (time:0.000s, shapes:796, points:3,184)
/home/jade/Projects/DualSPHysics/lagrangian-fluid-lab/campaigns/v0.1-candidate/artifacts/r3-g2-f6-mdbc-zero-normal-preflight/R3_F6_mdbc_zero_normal_baseline_float1_outer_only/generated/R3_F6_mdbc_zero_normal_baseline_float1_outer_only.bi4<double>  (time:0.003s)
/home/jade/Projects/DualSPHysics/lagrangian-fluid-lab/campaigns/v0.1-candidate/artifacts/r3-g2-f6-mdbc-zero-normal-preflight/R3_F6_mdbc_zero_normal_baseline_float1_outer_only/generated/R3_F6_mdbc_zero_normal_baseline_float1_outer_only_All.vtk  (time: 0.005s)
/home/jade/Projects/DualSPHysics/lagrangian-fluid-lab/campaigns/v0.1-candidate/artifacts/r3-g2-f6-mdbc-zero-normal-preflight/R3_F6_mdbc_zero_normal_baseline_float1_outer_only/generated/R3_F6_mdbc_zero_normal_baseline_float1_outer_only_Bound.vtk  (time: 0.001s)
/home/jade/Projects/DualSPHysics/lagrangian-fluid-lab/campaigns/v0.1-candidate/artifacts/r3-g2-f6-mdbc-zero-normal-preflight/R3_F6_mdbc_zero_normal_baseline_float1_outer_only/generated/R3_F6_mdbc_zero_normal_baseline_float1_outer_only_Fluid.vtk  (time: 0.003s)
/home/jade/Projects/DualSPHysics/lagrangian-fluid-lab/campaigns/v0.1-candidate/artifacts/r3-g2-f6-mdbc-zero-normal-preflight/R3_F6_mdbc_zero_normal_baseline_float1_outer_only/generated/R3_F6_mdbc_zero_normal_baseline_float1_outer_only.xml  (time:0.001s)
 
Computing normals...
  Evaluating 24,335 particles with 3,338 shapes (distance 2x H = 0.207846).
  Time for computing 276,716 normals: 0.183s   Max.Memory: 6.39 MiB
  Non-zero particle normals: 140/24,335    Normals size range: (0.000470 - 0.801171).
  Final zero normals: 24,195/24,335 (99.4%)   Maximum normal: 0.801171 (7.71 x h)
  *** There are boundary particles without normal data.

*** WARNING: File '../../artifacts/r3-g2-f6-mdbc-zero-normal-preflight/R3_F6_mdbc_zero_normal_baseline_float1_outer_only/generated/Float1_world.stl' could not be copied.
*** /home/jade/Projects/DualSPHysics/lagrangian-fluid-lab/campaigns/v0.1-candidate/artifacts/r3-g2-f6-mdbc-zero-normal-preflight/R3_F6_mdbc_zero_normal_baseline_float1_outer_only/generated/R3_F6_mdbc_zero_normal_baseline_float1_outer_only.xml(row:31)


*** WARNING: File '../../artifacts/r3-g2-f6-mdbc-zero-normal-preflight/R3_F6_mdbc_zero_normal_baseline_float1_outer_only/generated/Float1_world.stl' could not be copied.
*** /home/jade/Projects/DualSPHysics/lagrangian-fluid-lab/campaigns/v0.1-candidate/artifacts/r3-g2-f6-mdbc-zero-normal-preflight/R3_F6_mdbc_zero_normal_baseline_float1_outer_only/generated/R3_F6_mdbc_zero_normal_baseline_float1_outer_only.xml(row:46)


Save files time: 0.207s

Particle limits:
  X range: -2.1 to 2.1 [m]
  Y range: -2.1 to 2.1 [m]
  Z range: -0.12 to 1.08 [m]

[SaveCase3D-End  time:0.212s]

[WARNINGS]
1. File '../../artifacts/r3-g2-f6-mdbc-zero-normal-preflight/R3_F6_mdbc_zero_normal_baseline_float1_outer_only/generated/Float1_world.stl' could not be copied.
*** /home/jade/Projects/DualSPHysics/lagrangian-fluid-lab/campaigns/v0.1-candidate/artifacts/r3-g2-f6-mdbc-zero-normal-preflight/R3_F6_mdbc_zero_normal_baseline_float1_outer_only/generated/R3_F6_mdbc_zero_normal_baseline_float1_outer_only.xml(row:31)
2. File '../../artifacts/r3-g2-f6-mdbc-zero-normal-preflight/R3_F6_mdbc_zero_normal_baseline_float1_outer_only/generated/Float1_world.stl' could not be copied.
*** /home/jade/Projects/DualSPHysics/lagrangian-fluid-lab/campaigns/v0.1-candidate/artifacts/r3-g2-f6-mdbc-zero-normal-preflight/R3_F6_mdbc_zero_normal_baseline_float1_outer_only/generated/R3_F6_mdbc_zero_normal_baseline_float1_outer_only.xml(row:46)

Time of execution: 0.269 sec. (16 threads)

Finished execution (code=0).

