

 <DUALSPHYSICS5> Copyright (c) 2025 by
 Dr Jose M. Dominguez Alonso, Prof. Alejandro Crespo,
 Dr Georgios Fourtakas, Prof. Benedict Rogers,
 Dr Renato Vacondio, Dr Corrado Altomare,
 Dr Angelo Tafuni, Dr Orlando Garcia Feal,
 Dr Ivan Martinez Estevez, Dr Joseph O'Connor,
 Dr Aaron English, Dr Francesco Ricci,
 Prof. Moncho Gomez Gesteira, Prof. Peter Stansby

 EPHYSLAB Environmental Physics Laboratory, Universidade de Vigo
 School of Mechanical, Aerospace and Civil Engineering, University of Manchester

 DualSPHysics is free software: you can redistribute it and/or
 modify it under the terms of the GNU Lesser General Public License
 as published by the Free Software Foundation, either version 2.1 of
 the License, or (at your option) any later version.

 DualSPHysics is distributed in the hope that it will be useful,
 but WITHOUT ANY WARRANTY; without even the implied warranty of
 MERCHANTABILITY or FITNESS FOR A PARTICULAR PURPOSE.  See the
 GNU Lesser General Public License for more details.

 You should have received a copy of the GNU Lesser General Public License
 along with DualSPHysics. If not, see <http://www.gnu.org/licenses/>.

 Free download source files and documentation from DualSPHysics website (http://dual.sphysics.org).
 Full list of developers and contributors is available at https://dual.sphysics.org/developers
 Properly cite the use of DualSPHysics (Dominguez et al., 2022) (https://dual.sphysics.org/references).


DualSPHysics5 v5.4.355 (08-04-2025)
====================================
LoadDsphConfig> .../bin/linux/DsphConfig.xml
Threads by host for parallel execution: 64

[Initialising JSphCpuSingle  07-09-2026 16:22:02]
ProgramFile=".../bin/linux/DualSPHysics5.4CPU_linux64"
Available features: Project Chrono coupling, MoorDynPlus coupling, Wave generation, FlexStruc, mDBC no-slip, OpenMP execution.
ExecutionDir=".../r3-g2-f6-mdbc-zero-normal-preflight/R3_F6_mdbc_zero_normal_baseline_combined_tank_radius_minus020/generated"
XmlFile=".../R3_F6_mdbc_zero_normal_baseline_combined_tank_radius_minus020/generated/R3_F6_mdbc_zero_normal_baseline_combined_tank_radius_minus020.xml"
OutputDir=".../runs/r3-g2-f6-mdbc-zero-normal-preflight/R3_F6_mdbc_zero_normal_baseline_combined_tank_radius_minus020"
OutputDataDir=".../r3-g2-f6-mdbc-zero-normal-preflight/R3_F6_mdbc_zero_normal_baseline_combined_tank_radius_minus020/data"
XML-App: GenCase v5.4.354.01 (07-04-2025)
**Basic case configuration is loaded
**Special case configuration is loaded
Loading initial state of particles...
Loaded particles: 67,186
MapRealPos(border)=(-2.1052,-2.1052,-0.125196)-(2.1052,2.1052,1.0852)
MapRealPos(final)=(-2.1052,-2.1052,-0.125196)-(2.1052,2.1052,1.4)
**Initial state of particles is loaded
**3D-Simulation parameters:
CaseName="R3_F6_mdbc_zero_normal_baseline_combined_tank_radius_minus020"
RunName="R3_F6_mdbc_zero_normal_baseline_combined_tank_radius_minus020"
SavePosDouble=True
SvExtraParts=""
SaveFtAce=False
SvTimers=True
Boundary="mDBC"
  SlipMode="DBC vel=0"
  mDBC-Corrector=False
  No Penetration=False
StepAlgorithm="Symplectic"
Kernel="Wendland"
  Wendland.awen=372.2306
  Wendland.bwenh=-172329.8
Viscosity="Artificial"
  Visco=0.01
  ViscoBoundFactor=1
DensityDiffusion="Fourtakas et al 2019 (full)"
  DensityDiffusionValue=0.1

*** WARNING: It is advised that selected DDT: 'Fourtakas et al 2019 (full)' is used with several boundary layers of particles when h/dp>1.5 (2h <= layers*Dp)

Shifting="None"
RigidAlgorithm="SPH"
FloatingCount=1
FtPause=0
FtConstraints=True
FtIgnoreRadius=False
CaseNp=67,186
CaseNbound=24,335
CaseNfixed=24,195
CaseNmoving=0
CaseNfloat=140
CaseNfluid=42,851
PeriodicActive="None"
Dp=0.06
KernelH=0.103923  (CoefficientH=1; H/Dp=1.73205)
KernelSize=0.2078461
CteB=437245.7
Gamma=7
RhopZero=1000
Cs0=55.32377455714677
CFLnumber=0.2
DtIni=0.001878451821674498
DtMin=9.392259248328056e-05
DtAllParticles=False
MassFluid=0.216
MassBound=0.216
FtPause=0
TimeMax=0.005
TimePart=0.005
Gravity=(0,0,-9.81)
RhopOut=True
RhopOutMin=700
RhopOutMax=1300
WrnPartsOut=True
MinFluidStop=0
NpfMinimum=0
CellMode="Full"
ScellDiv=1
MapCells=(21,21,8)  (3,528 cells)
CellDomFixed=False

*** WARNING: When mDBC is applied to floating bodies, their collisions should be solved using Chrono (RigidAlgorithm=3).

DomCells=(21,21,8)  (3,528 cells)
DomCellCode="1+11_11_9"
**CellDiv: Requested cpu memory for 70,673 particles (over-allocation: 1.05X): 2.4 MiB (1 times).
**CellDiv: Requested CPU memory for 3,528 cells (over-allocation: 1.33X): 0.1 MiB (1 times).
 
RunMode="Pos-Double - OpenMP(Threads:64)"
 
Particle summary:
  Fixed....: 24,195  id:(0-24194)   MKs:1 (10)
  Moving...: 0
  Floating.: 140  id:(24195-24334)   MKs:1 (20)
  Fluid....: 42,851  id:(24335-67185)   MKs:1 (1)

Total particles: 67,186 (bound=24335 (fx=24195 mv=0 ft=140) fluid=42851)
Total MK blocks: 3 (bound=2 (fx=1 mv=0 ft=1) fluid=1)
 
Damping configuration:
Damping zone_0 (type: Cylinder): 
  Axis points.: (0,0,0)-(0,0,1.2)
  LimitMin....: 1.400000
  LimitMax....: 2.000000
  Overlimit...: 0.100000
  ReduMax.....: 10
  Factorxyz...: (1,1,1)
 

Initial allocated memory in CPU: 6,821,156 (6.51 MiB)  (6 particle arrays)
Part_0000        67,186 (100.0%) particles successfully stored

[WARNINGS]
1. It is advised that selected DDT: 'Fourtakas et al 2019 (full)' is used with several boundary layers of particles when h/dp>1.5 (2h <= layers*Dp)
2. When mDBC is applied to floating bodies, their collisions should be solved using Chrono (RigidAlgorithm=3).

[Initialising simulation (5ldo2trg)  07-09-2026 16:22:02]
PART   PartTime   TotalSteps   Steps    Particles    Cells        Time/Sec   Finish time        
=====  =========  ===========  =======  ===========  ===========  =========  ===================
**Updated allocated memory in CPU: 12,744,788 (12.15 MiB)  (13 particle arrays)
00001   0.005256           10       10       67,186        2,646     117.23  07-09-2026 16:22:02

[Simulation finished  07-09-2026 16:22:02]
Particles of simulation (initial): 67,186
DTs adjusted to DtMin............: 0
Excluded particles...............: 0
Total Runtime....................: 0.636342 sec.
Simulation Runtime...............: 0.616154 sec.
Runtime per physical second......: 117.239105 sec.
Steps per second.................: 16.229708
Steps of simulation..............: 10
PART files.......................: 2
Maximum number of particles......: 67,186
Maximum number of cells..........: 2,646
CPU Memory.......................: 12,744,788 (12.15 MiB)
 
[CPU Timers]
VA-Init..........................: 0.020194 sec.
NL-Limits........................: 0.004407 sec.
NL-MakeSort......................: 0.008301 sec.
NL-SortData......................: 0.016139 sec.
NL-OutCheck......................: 0 sec.
CF-PreForces.....................: 0.029762 sec.
CF-PreMDBC.......................: 0.137371 sec.
CF-Forces........................: 0.366478 sec.
SU-Shifting......................: 0 sec.
SU-ComputeStep...................: 0.033239 sec.
SU-Floating......................: 0.017265 sec.
SU-Motion........................: 0 sec.
SU-Periodic......................: 0 sec.
SU-ResizeNp......................: 0 sec.
SU-SavePart......................: 0.002741 sec.
SU-Chrono........................: 0 sec.
SU-Moorings......................: 0 sec.
SU-InOut.........................: 0 sec.
SU-Gauges........................: 0 sec.
SU-FlexStruc.....................: 0 sec.
 
[Output files]
- CfgDamping_Scheme.vtk...: Saves VTK file with Damping configurations.
- CfgInit_Domain.vtk......: Saves the limits of the case and the simulation domain limits.
- CfgInit_MapCells.vtk....: Saves the cell division of the simulation domain.
- CfgInit_Normals.vtk.....: Saves VTK file with initial normals (from boundary particles to boundary limit).
- CfgInit_NormalsGhost.vtk: Saves VTK file with initial normals (from boundary particles to ghost node).
- Run.csv.................: One line CSV file with execution parameters and other simulation data.
- Run.out.................: Log file of the simulation.
- RunPARTs.csv............: Saves extra information of simulated PARTs.
- data/PartFloatInfo.ibi4.: Main binary file with floating data during simulation.
- data/PartInfo.ibi4......: Binary file with execution information for each instant (input for PartInfo program).
- data/PartMotionRef.ibi4.: Main binary file with motion reference data of moving and floating objects during simulation.
- data/PartOut_???.obi4...: Binary file with particles excluded during simulation (input for PartVtkOut program).
- data/Part_????.bi4......: Binary file with particle data in different instants.
- data/Part_Head.ibi4.....: Binary file with basic information of simulation data.
 
[WARNINGS]
1. It is advised that selected DDT: 'Fourtakas et al 2019 (full)' is used with several boundary layers of particles when h/dp>1.5 (2h <= layers*Dp)
2. When mDBC is applied to floating bodies, their collisions should be solved using Chrono (RigidAlgorithm=3).
 
[References]
- Official solver reference DualSPHysics v5.0: J.M. Dominguez, G. Fourtakas,
    C. Altomare, R.B. Canelas, A. Tafuni, O. Garcia-Feal, I. Martinez-Estevez,
    A. Mokos, R. Vacondio, A.J.C. Crespo, B.D. Rogers, P.K. Stansby, M. Gomez-Gesteira.
    2022. DualSPHysics: from fluid dynamics to multiphysics problems.
    Computational Particle Mechanics, 9:867-895. doi: https://doi.org/10.1007/s40571-021-00404-2

- Optimised CPU multi-core and GPU implementation (Dominguez et al., 2013  https://doi.org/10.1016/j.cpc.2012.10.015)
- Modified Dynamic boundary conditions (English et al., 2021  https://doi.org/10.1007/s40571-021-00403-3)
- Density diffusion Term: Fourtakas (Fourtakas et al., 2019  https://doi.org/10.1016/j.compfluid.2019.06.009)
- Viscosity: Artificial (Monaghan, 1992  https://doi.org/10.1146/annurev.aa.30.090192.002551)
- Kernel: Quintic Wendland (Wendland, 1995  https://doi.org/10.1007/BF02123482)
- Time integration scheme: Symplectic (Leimkhuler, 1996  https://doi.org/10.1007/978-3-319-16375-8_1)
- Floating objects (Canelas et al., 2015  https://doi.org/10.1002/fld.4031)
- Damping system (Altomare et al., 2017  https://doi.org/10.1016/j.coastaleng.2017.06.004)

Finished execution (code=0).
