

 <GENCASE>  Copyright (c) 2025 by Dr Jose M. Dominguez
 All rights reserved.

 GenCase is a free tool for DualSPHysics simulations.
 DualSPHysics project is an international collaboration between
 University of Vigo (Spain) and University of Manchester (UK).

 Redistribution and use in binary form, without modification, are
 permitted provided that the following conditions are met:
 * Redistributions in binary form must reproduce the above copyright
   notice, this list of conditions and the following disclaimer in the
   documentation and/or other materials provided with the distribution.
 * Redistributions or modifications of source code are not permitted 
   unless expressly authorised, and must retain the above copyright 
   notice, this list of conditions and the following disclaimer.
 * Neither the name of the GenCase nor the names of its contributors
   may be used to endorse or promote products derived from this software
   without specific prior written permission.

 THIS SOFTWARE IS PROVIDED BY THE COPYRIGHT HOLDERS AND CONTRIBUTORS "AS IS"
 AND ANY EXPRESS OR IMPLIED WARRANTIES, INCLUDING, BUT NOT LIMITED TO, THE
 IMPLIED WARRANTIES OF MERCHANTABILITY AND FITNESS FOR A PARTICULAR PURPOSE
 ARE DISCLAIMED. IN NO EVENT SHALL THE COPYRIGHT OWNER BE LIABLE FOR ANY
 DIRECT, INDIRECT, INCIDENTAL, SPECIAL, EXEMPLARY, OR CONSEQUENTIAL DAMAGES
 (INCLUDING, BUT NOT LIMITED TO, PROCUREMENT OF SUBSTITUTE GOODS OR SERVICES;
 LOSS OF USE, DATA, OR PROFITS; OR BUSINESS INTERRUPTION) HOWEVER CAUSED AND
 ON ANY THEORY OF LIABILITY, WHETHER IN CONTRACT, STRICT LIABILITY, OR TORT
 (INCLUDING NEGLIGENCE OR OTHERWISE) ARISING IN ANY WAY OUT OF THE USE OF
 THIS SOFTWARE, EVEN IF ADVISED OF THE POSSIBILITY OF SUCH DAMAGE.


GenCase v5.4.354.01 (07-04-2025)
=================================
OmpThreads: 16

[LoadXMLInit]
List: MAIN

Total operations: 9
[LoadXMLInit-End  time:0.000s]

[Draw]
List of available variables: Gravity_x=[0]  Gravity_y=[0]  Gravity_z=[-9.81]  Rhop0=[1000]  VResId=[0]  Dp=[0.02]  PosMin_x=[-0.2]  PosMin_y=[-0.2]  PosMin_z=[-0.2]  PosMax_x=[1.7]  PosMax_y=[0.8]  PosMax_z=[1.05]  CaseName=["F6_physical_anchor_cpu_native_preflight_20260921"]  Data2D=[0]  Data2DPosy=[0]  H=[0.034641]  MassBound=[0.008]  MassFluid=[0.008]

Mk size: 1 bytes
Case limits: (-0.2,-0.2,-0.2) - (1.7,0.8,1.05)
Distance between points (Dp): 0.02
Case domain: (0,0,0)-(94,49,61)
Domain points: 95 x 50 x 62 = 294,500
Case parts: 1 x 62z
Memory: 0.00 GiB  0.28 MiB  (294,500)

> MAIN
<MAIN (Operations= 6+3+0 = 9)

Triangles: 42 (0 ignored)
[Draw-End  time:0.001s]

[LoadsXMLConfig]
Execution parameters.
Initials configuration.
Floating bodies configuration.
Properties configuration.
Predefined motion configuration.
[LoadsXMLConfig-End  time:0.000s]

[PreparePoints]
Computing Vtk-Cells data...  (time:0.010s)
BitSizeTot: 20 (2 + 7+5+6)
Points loaded: 28,507
Sorting points by Z...
Sorting points by Mk...
Computing Grid-points...  (time:0.001s)

List of Points:
Points -> Fixed-Boundary particles:
  block[  0] (mk: 17):  11806  -->   11806
Points -> Floating-Boundary particles:
  block[  1] (mk: 25):    693  -->     693
Points -> Fluid particles:
  block[  2] (mk:  1):  16008  -->   16008

Particle summary:
  Fixed....: 11,806  id:(0-11805)   MKs:1 (17)
  Moving...: 0
  Floating.: 693  id:(11806-12498)   MKs:1 (25)
  Fluid....: 16,008  id:(12499-28506)   MKs:1 (1)

Total particles: 28,507 (bound=12499 (fx=11806 mv=0 ft=693) fluid=16008)
Total MK blocks: 3 (bound=2 (fx=1 mv=0 ft=1) fluid=1)

Maximum depth: 0.22 (automatic from the height of water+floating bodies)
Speed of system: 1.46908 (automatic)
Speed of sound: max(coefsound*speedsystem,10*sqrt(g*depth))
Speed of sound: 29.3816 max(29.3816,14.6908)
Speed of sound: 29.3816 (automatic)

Coefh:1.000000 (hdp:1.732051)

[PreparePoints-End  time:0.011s]

[SaveCase3D]
/home/jade/Projects/DualSPHysics/lagrangian-fluid-lab/campaigns/core-v1/cfd/f6-fluid-rigid-body-physical-anchor-cpu-native-preflight-v1-20260921/generated/F6_physical_anchor_cpu_native_preflight_20260921_MkCells.vtk  (time:0.000s, shapes:26, points:104)
/home/jade/Projects/DualSPHysics/lagrangian-fluid-lab/campaigns/core-v1/cfd/f6-fluid-rigid-body-physical-anchor-cpu-native-preflight-v1-20260921/generated/F6_physical_anchor_cpu_native_preflight_20260921.bi4<double>  (time:0.001s)
/home/jade/Projects/DualSPHysics/lagrangian-fluid-lab/campaigns/core-v1/cfd/f6-fluid-rigid-body-physical-anchor-cpu-native-preflight-v1-20260921/generated/F6_physical_anchor_cpu_native_preflight_20260921_All.vtk  (time: 0.001s)
/home/jade/Projects/DualSPHysics/lagrangian-fluid-lab/campaigns/core-v1/cfd/f6-fluid-rigid-body-physical-anchor-cpu-native-preflight-v1-20260921/generated/F6_physical_anchor_cpu_native_preflight_20260921_Bound.vtk  (time: 0.000s)
/home/jade/Projects/DualSPHysics/lagrangian-fluid-lab/campaigns/core-v1/cfd/f6-fluid-rigid-body-physical-anchor-cpu-native-preflight-v1-20260921/generated/F6_physical_anchor_cpu_native_preflight_20260921_Fluid.vtk  (time: 0.001s)
/home/jade/Projects/DualSPHysics/lagrangian-fluid-lab/campaigns/core-v1/cfd/f6-fluid-rigid-body-physical-anchor-cpu-native-preflight-v1-20260921/generated/F6_physical_anchor_cpu_native_preflight_20260921.xml  (time:0.000s)

Save files time: 0.004s

Particle limits:
  X range: 0 to 1.5 [m]
  Y range: 0 to 0.6 [m]
  Z range: 0 to 0.9 [m]

[SaveCase3D-End  time:0.005s]


Time of execution: 0.018 sec. (16 threads)

Finished execution (code=0).

