

 <MEASURETOOL>  Copyright (c) 2025 by Dr Jose M. Dominguez
 All rights reserved.

 MeasureTool is a free tool for DualSPHysics simulations.
 DualSPHysics project is an international collaboration between
 University of Vigo (Spain) and University of Manchester (UK).

 Redistribution and use in binary form, without modification, are
 permitted provided that the following conditions are met:
 * Redistributions in binary form must reproduce the above copyright
   notice, this list of conditions and the following disclaimer in the
   documentation and/or other materials provided with the distribution.
 * Redistributions or modifications of source code are not permitted 
   unless expressly authorised, and must retain the above copyright 
   notice, this list of conditions and the following disclaimer.
 * Neither the name of the MeasureTool nor the names of its contributors
   may be used to endorse or promote products derived from this software
   without specific prior written permission.

 THIS SOFTWARE IS PROVIDED BY THE COPYRIGHT HOLDERS AND CONTRIBUTORS "AS IS"
 AND ANY EXPRESS OR IMPLIED WARRANTIES, INCLUDING, BUT NOT LIMITED TO, THE
 IMPLIED WARRANTIES OF MERCHANTABILITY AND FITNESS FOR A PARTICULAR PURPOSE
 ARE DISCLAIMED. IN NO EVENT SHALL THE COPYRIGHT OWNER BE LIABLE FOR ANY
 DIRECT, INDIRECT, INCIDENTAL, SPECIAL, EXEMPLARY, OR CONSEQUENTIAL DAMAGES
 (INCLUDING, BUT NOT LIMITED TO, PROCUREMENT OF SUBSTITUTE GOODS OR SERVICES;
 LOSS OF USE, DATA, OR PROFITS; OR BUSINESS INTERRUPTION) HOWEVER CAUSED AND
 ON ANY THEORY OF LIABILITY, WHETHER IN CONTRACT, STRICT LIABILITY, OR TORT
 (INCLUDING NEGLIGENCE OR OTHERWISE) ARISING IN ANY WAY OUT OF THE USE OF
 THIS SOFTWARE, EVEN IF ADVISED OF THE POSSIBILITY OF SUCH DAMAGE.


MeasureTool v5.4.266.02 (07-05-2025)
=====================================
LoadDsphConfig> .../bin/linux/DsphConfig.xml
Threads for parallel execution: 8
Executes RunPartsVRes code.
LoadData> /home/jade/Projects/DualSPHysics/lagrangian-fluid-lab/campaigns/l1-resume/runs/q1-official/official_dambreak3d_mdbc/attempts/20260909T123221.693851Z-3cf15904.complete/data/Part_Head.ibi4
LoadData> /home/jade/Projects/DualSPHysics/lagrangian-fluid-lab/campaigns/l1-resume/runs/q1-official/official_dambreak3d_mdbc/attempts/20260909T123221.693851Z-3cf15904.complete/data/Part_0000.bi4
Config> Data:3D  Symmetry:No  Splitting:No
Config> KcLimit:0.5  KcUseDummy:false
Config> Interpolation points:8
Automatic last PART selection: 600
LoadData> PART_0000
SaveCSV> .../l1-resume/continuation/q1-measure/pressure_<Var>.csv
LoadData> PART_0001
SaveCSV> .../l1-resume/continuation/q1-measure/pressure_<Var>.csv
LoadData> PART_0002
SaveCSV> .../l1-resume/continuation/q1-measure/pressure_<Var>.csv
LoadData> PART_0003
SaveCSV> .../l1-resume/continuation/q1-measure/pressure_<Var>.csv
LoadData> PART_0004
SaveCSV> .../l1-resume/continuation/q1-measure/pressure_<Var>.csv
LoadData> PART_0005
SaveCSV> .../l1-resume/continuation/q1-measure/pressure_<Var>.csv
LoadData> PART_0006
SaveCSV> .../l1-resume/continuation/q1-measure/pressure_<Var>.csv
LoadData> PART_0007
SaveCSV> .../l1-resume/continuation/q1-measure/pressure_<Var>.csv
LoadData> PART_0008
SaveCSV> .../l1-resume/continuation/q1-measure/pressure_<Var>.csv
LoadData> PART_0009
SaveCSV> .../l1-resume/continuation/q1-measure/pressure_<Var>.csv
LoadData> PART_0010
SaveCSV> .../l1-resume/continuation/q1-measure/pressure_<Var>.csv
LoadData> PART_0011
SaveCSV> .../l1-resume/continuation/q1-measure/pressure_<Var>.csv
LoadData> PART_0012
SaveCSV> .../l1-resume/continuation/q1-measure/pressure_<Var>.csv
LoadData> PART_0013
SaveCSV> .../l1-resume/continuation/q1-measure/pressure_<Var>.csv
LoadData> PART_0014
SaveCSV> .../l1-resume/continuation/q1-measure/pressure_<Var>.csv
LoadData> PART_0015
SaveCSV> .../l1-resume/continuation/q1-measure/pressure_<Var>.csv
LoadData> PART_0016
SaveCSV> .../l1-resume/continuation/q1-measure/pressure_<Var>.csv
LoadData> PART_0017
SaveCSV> .../l1-resume/continuation/q1-measure/pressure_<Var>.csv
LoadData> PART_0018
SaveCSV> .../l1-resume/continuation/q1-measure/pressure_<Var>.csv
LoadData> PART_0019
SaveCSV> .../l1-resume/continuation/q1-measure/pressure_<Var>.csv
LoadData> PART_0020
SaveCSV> .../l1-resume/continuation/q1-measure/pressure_<Var>.csv
LoadData> PART_0021
SaveCSV> .../l1-resume/continuation/q1-measure/pressure_<Var>.csv
LoadData> PART_0022
SaveCSV> .../l1-resume/continuation/q1-measure/pressure_<Var>.csv
LoadData> PART_0023
SaveCSV> .../l1-resume/continuation/q1-measure/pressure_<Var>.csv
LoadData> PART_0024
SaveCSV> .../l1-resume/continuation/q1-measure/pressure_<Var>.csv
LoadData> PART_0025
SaveCSV> .../l1-resume/continuation/q1-measure/pressure_<Var>.csv
LoadData> PART_0026
SaveCSV> .../l1-resume/continuation/q1-measure/pressure_<Var>.csv
LoadData> PART_0027
SaveCSV> .../l1-resume/continuation/q1-measure/pressure_<Var>.csv
LoadData> PART_0028
SaveCSV> .../l1-resume/continuation/q1-measure/pressure_<Var>.csv
LoadData> PART_0029
SaveCSV> .../l1-resume/continuation/q1-measure/pressure_<Var>.csv
LoadData> PART_0030
SaveCSV> .../l1-resume/continuation/q1-measure/pressure_<Var>.csv
LoadData> PART_0031
SaveCSV> .../l1-resume/continuation/q1-measure/pressure_<Var>.csv
LoadData> PART_0032
SaveCSV> .../l1-resume/continuation/q1-measure/pressure_<Var>.csv
LoadData> PART_0033
SaveCSV> .../l1-resume/continuation/q1-measure/pressure_<Var>.csv
LoadData> PART_0034
SaveCSV> .../l1-resume/continuation/q1-measure/pressure_<Var>.csv
LoadData> PART_0035
SaveCSV> .../l1-resume/continuation/q1-measure/pressure_<Var>.csv
LoadData> PART_0036
SaveCSV> .../l1-resume/continuation/q1-measure/pressure_<Var>.csv
LoadData> PART_0037
SaveCSV> .../l1-resume/continuation/q1-measure/pressure_<Var>.csv
LoadData> PART_0038
SaveCSV> .../l1-resume/continuation/q1-measure/pressure_<Var>.csv
LoadData> PART_0039
SaveCSV> .../l1-resume/continuation/q1-measure/pressure_<Var>.csv
LoadData> PART_0040
SaveCSV> .../l1-resume/continuation/q1-measure/pressure_<Var>.csv
LoadData> PART_0041
SaveCSV> .../l1-resume/continuation/q1-measure/pressure_<Var>.csv
LoadData> PART_0042
SaveCSV> .../l1-resume/continuation/q1-measure/pressure_<Var>.csv
LoadData> PART_0043
SaveCSV> .../l1-resume/continuation/q1-measure/pressure_<Var>.csv
LoadData> PART_0044
SaveCSV> .../l1-resume/continuation/q1-measure/pressure_<Var>.csv
LoadData> PART_0045
SaveCSV> .../l1-resume/continuation/q1-measure/pressure_<Var>.csv
LoadData> PART_0046
SaveCSV> .../l1-resume/continuation/q1-measure/pressure_<Var>.csv
LoadData> PART_0047
SaveCSV> .../l1-resume/continuation/q1-measure/pressure_<Var>.csv
LoadData> PART_0048
SaveCSV> .../l1-resume/continuation/q1-measure/pressure_<Var>.csv
LoadData> PART_0049
SaveCSV> .../l1-resume/continuation/q1-measure/pressure_<Var>.csv
LoadData> PART_0050
SaveCSV> .../l1-resume/continuation/q1-measure/pressure_<Var>.csv
LoadData> PART_0051
SaveCSV> .../l1-resume/continuation/q1-measure/pressure_<Var>.csv
LoadData> PART_0052
SaveCSV> .../l1-resume/continuation/q1-measure/pressure_<Var>.csv
LoadData> PART_0053
SaveCSV> .../l1-resume/continuation/q1-measure/pressure_<Var>.csv
LoadData> PART_0054
SaveCSV> .../l1-resume/continuation/q1-measure/pressure_<Var>.csv
LoadData> PART_0055
SaveCSV> .../l1-resume/continuation/q1-measure/pressure_<Var>.csv
LoadData> PART_0056
SaveCSV> .../l1-resume/continuation/q1-measure/pressure_<Var>.csv
LoadData> PART_0057
SaveCSV> .../l1-resume/continuation/q1-measure/pressure_<Var>.csv
LoadData> PART_0058
SaveCSV> .../l1-resume/continuation/q1-measure/pressure_<Var>.csv
LoadData> PART_0059
SaveCSV> .../l1-resume/continuation/q1-measure/pressure_<Var>.csv
LoadData> PART_0060
SaveCSV> .../l1-resume/continuation/q1-measure/pressure_<Var>.csv
LoadData> PART_0061
SaveCSV> .../l1-resume/continuation/q1-measure/pressure_<Var>.csv
LoadData> PART_0062
SaveCSV> .../l1-resume/continuation/q1-measure/pressure_<Var>.csv
LoadData> PART_0063
SaveCSV> .../l1-resume/continuation/q1-measure/pressure_<Var>.csv
LoadData> PART_0064
SaveCSV> .../l1-resume/continuation/q1-measure/pressure_<Var>.csv
LoadData> PART_0065
SaveCSV> .../l1-resume/continuation/q1-measure/pressure_<Var>.csv
LoadData> PART_0066
SaveCSV> .../l1-resume/continuation/q1-measure/pressure_<Var>.csv
LoadData> PART_0067
SaveCSV> .../l1-resume/continuation/q1-measure/pressure_<Var>.csv
LoadData> PART_0068
SaveCSV> .../l1-resume/continuation/q1-measure/pressure_<Var>.csv
LoadData> PART_0069
SaveCSV> .../l1-resume/continuation/q1-measure/pressure_<Var>.csv
LoadData> PART_0070
SaveCSV> .../l1-resume/continuation/q1-measure/pressure_<Var>.csv
LoadData> PART_0071
SaveCSV> .../l1-resume/continuation/q1-measure/pressure_<Var>.csv
LoadData> PART_0072
SaveCSV> .../l1-resume/continuation/q1-measure/pressure_<Var>.csv
LoadData> PART_0073
SaveCSV> .../l1-resume/continuation/q1-measure/pressure_<Var>.csv
LoadData> PART_0074
SaveCSV> .../l1-resume/continuation/q1-measure/pressure_<Var>.csv
LoadData> PART_0075
SaveCSV> .../l1-resume/continuation/q1-measure/pressure_<Var>.csv
LoadData> PART_0076
SaveCSV> .../l1-resume/continuation/q1-measure/pressure_<Var>.csv
LoadData> PART_0077
SaveCSV> .../l1-resume/continuation/q1-measure/pressure_<Var>.csv
LoadData> PART_0078
SaveCSV> .../l1-resume/continuation/q1-measure/pressure_<Var>.csv
LoadData> PART_0079
SaveCSV> .../l1-resume/continuation/q1-measure/pressure_<Var>.csv
LoadData> PART_0080
SaveCSV> .../l1-resume/continuation/q1-measure/pressure_<Var>.csv
LoadData> PART_0081
SaveCSV> .../l1-resume/continuation/q1-measure/pressure_<Var>.csv
LoadData> PART_0082
SaveCSV> .../l1-resume/continuation/q1-measure/pressure_<Var>.csv
LoadData> PART_0083
SaveCSV> .../l1-resume/continuation/q1-measure/pressure_<Var>.csv
LoadData> PART_0084
SaveCSV> .../l1-resume/continuation/q1-measure/pressure_<Var>.csv
LoadData> PART_0085
SaveCSV> .../l1-resume/continuation/q1-measure/pressure_<Var>.csv
LoadData> PART_0086
SaveCSV> .../l1-resume/continuation/q1-measure/pressure_<Var>.csv
LoadData> PART_0087
SaveCSV> .../l1-resume/continuation/q1-measure/pressure_<Var>.csv
LoadData> PART_0088
SaveCSV> .../l1-resume/continuation/q1-measure/pressure_<Var>.csv
LoadData> PART_0089
SaveCSV> .../l1-resume/continuation/q1-measure/pressure_<Var>.csv
LoadData> PART_0090
SaveCSV> .../l1-resume/continuation/q1-measure/pressure_<Var>.csv
LoadData> PART_0091
SaveCSV> .../l1-resume/continuation/q1-measure/pressure_<Var>.csv
LoadData> PART_0092
SaveCSV> .../l1-resume/continuation/q1-measure/pressure_<Var>.csv
LoadData> PART_0093
SaveCSV> .../l1-resume/continuation/q1-measure/pressure_<Var>.csv
LoadData> PART_0094
SaveCSV> .../l1-resume/continuation/q1-measure/pressure_<Var>.csv
LoadData> PART_0095
SaveCSV> .../l1-resume/continuation/q1-measure/pressure_<Var>.csv
LoadData> PART_0096
SaveCSV> .../l1-resume/continuation/q1-measure/pressure_<Var>.csv
LoadData> PART_0097
SaveCSV> .../l1-resume/continuation/q1-measure/pressure_<Var>.csv
LoadData> PART_0098
SaveCSV> .../l1-resume/continuation/q1-measure/pressure_<Var>.csv
LoadData> PART_0099
SaveCSV> .../l1-resume/continuation/q1-measure/pressure_<Var>.csv
LoadData> PART_0100
SaveCSV> .../l1-resume/continuation/q1-measure/pressure_<Var>.csv
LoadData> PART_0101
SaveCSV> .../l1-resume/continuation/q1-measure/pressure_<Var>.csv
LoadData> PART_0102
SaveCSV> .../l1-resume/continuation/q1-measure/pressure_<Var>.csv
LoadData> PART_0103
SaveCSV> .../l1-resume/continuation/q1-measure/pressure_<Var>.csv
LoadData> PART_0104
SaveCSV> .../l1-resume/continuation/q1-measure/pressure_<Var>.csv
LoadData> PART_0105
SaveCSV> .../l1-resume/continuation/q1-measure/pressure_<Var>.csv
LoadData> PART_0106
SaveCSV> .../l1-resume/continuation/q1-measure/pressure_<Var>.csv
LoadData> PART_0107
SaveCSV> .../l1-resume/continuation/q1-measure/pressure_<Var>.csv
LoadData> PART_0108
SaveCSV> .../l1-resume/continuation/q1-measure/pressure_<Var>.csv
LoadData> PART_0109
SaveCSV> .../l1-resume/continuation/q1-measure/pressure_<Var>.csv
LoadData> PART_0110
SaveCSV> .../l1-resume/continuation/q1-measure/pressure_<Var>.csv
LoadData> PART_0111
SaveCSV> .../l1-resume/continuation/q1-measure/pressure_<Var>.csv
LoadData> PART_0112
SaveCSV> .../l1-resume/continuation/q1-measure/pressure_<Var>.csv
LoadData> PART_0113
SaveCSV> .../l1-resume/continuation/q1-measure/pressure_<Var>.csv
LoadData> PART_0114
SaveCSV> .../l1-resume/continuation/q1-measure/pressure_<Var>.csv
LoadData> PART_0115
SaveCSV> .../l1-resume/continuation/q1-measure/pressure_<Var>.csv
LoadData> PART_0116
SaveCSV> .../l1-resume/continuation/q1-measure/pressure_<Var>.csv
LoadData> PART_0117
SaveCSV> .../l1-resume/continuation/q1-measure/pressure_<Var>.csv
LoadData> PART_0118
SaveCSV> .../l1-resume/continuation/q1-measure/pressure_<Var>.csv
LoadData> PART_0119
SaveCSV> .../l1-resume/continuation/q1-measure/pressure_<Var>.csv
LoadData> PART_0120
SaveCSV> .../l1-resume/continuation/q1-measure/pressure_<Var>.csv
LoadData> PART_0121
SaveCSV> .../l1-resume/continuation/q1-measure/pressure_<Var>.csv
LoadData> PART_0122
SaveCSV> .../l1-resume/continuation/q1-measure/pressure_<Var>.csv
LoadData> PART_0123
SaveCSV> .../l1-resume/continuation/q1-measure/pressure_<Var>.csv
LoadData> PART_0124
SaveCSV> .../l1-resume/continuation/q1-measure/pressure_<Var>.csv
LoadData> PART_0125
SaveCSV> .../l1-resume/continuation/q1-measure/pressure_<Var>.csv
LoadData> PART_0126
SaveCSV> .../l1-resume/continuation/q1-measure/pressure_<Var>.csv
LoadData> PART_0127
SaveCSV> .../l1-resume/continuation/q1-measure/pressure_<Var>.csv
LoadData> PART_0128
SaveCSV> .../l1-resume/continuation/q1-measure/pressure_<Var>.csv
LoadData> PART_0129
SaveCSV> .../l1-resume/continuation/q1-measure/pressure_<Var>.csv
LoadData> PART_0130
SaveCSV> .../l1-resume/continuation/q1-measure/pressure_<Var>.csv
LoadData> PART_0131
SaveCSV> .../l1-resume/continuation/q1-measure/pressure_<Var>.csv
LoadData> PART_0132
SaveCSV> .../l1-resume/continuation/q1-measure/pressure_<Var>.csv
LoadData> PART_0133
SaveCSV> .../l1-resume/continuation/q1-measure/pressure_<Var>.csv
LoadData> PART_0134
SaveCSV> .../l1-resume/continuation/q1-measure/pressure_<Var>.csv
LoadData> PART_0135
SaveCSV> .../l1-resume/continuation/q1-measure/pressure_<Var>.csv
LoadData> PART_0136
SaveCSV> .../l1-resume/continuation/q1-measure/pressure_<Var>.csv
LoadData> PART_0137
SaveCSV> .../l1-resume/continuation/q1-measure/pressure_<Var>.csv
LoadData> PART_0138
SaveCSV> .../l1-resume/continuation/q1-measure/pressure_<Var>.csv
LoadData> PART_0139
SaveCSV> .../l1-resume/continuation/q1-measure/pressure_<Var>.csv
LoadData> PART_0140
SaveCSV> .../l1-resume/continuation/q1-measure/pressure_<Var>.csv
LoadData> PART_0141
SaveCSV> .../l1-resume/continuation/q1-measure/pressure_<Var>.csv
LoadData> PART_0142
SaveCSV> .../l1-resume/continuation/q1-measure/pressure_<Var>.csv
LoadData> PART_0143
SaveCSV> .../l1-resume/continuation/q1-measure/pressure_<Var>.csv
LoadData> PART_0144
SaveCSV> .../l1-resume/continuation/q1-measure/pressure_<Var>.csv
LoadData> PART_0145
SaveCSV> .../l1-resume/continuation/q1-measure/pressure_<Var>.csv
LoadData> PART_0146
SaveCSV> .../l1-resume/continuation/q1-measure/pressure_<Var>.csv
LoadData> PART_0147
SaveCSV> .../l1-resume/continuation/q1-measure/pressure_<Var>.csv
LoadData> PART_0148
SaveCSV> .../l1-resume/continuation/q1-measure/pressure_<Var>.csv
LoadData> PART_0149
SaveCSV> .../l1-resume/continuation/q1-measure/pressure_<Var>.csv
LoadData> PART_0150
SaveCSV> .../l1-resume/continuation/q1-measure/pressure_<Var>.csv
LoadData> PART_0151
SaveCSV> .../l1-resume/continuation/q1-measure/pressure_<Var>.csv
LoadData> PART_0152
SaveCSV> .../l1-resume/continuation/q1-measure/pressure_<Var>.csv
LoadData> PART_0153
SaveCSV> .../l1-resume/continuation/q1-measure/pressure_<Var>.csv
LoadData> PART_0154
SaveCSV> .../l1-resume/continuation/q1-measure/pressure_<Var>.csv
LoadData> PART_0155
SaveCSV> .../l1-resume/continuation/q1-measure/pressure_<Var>.csv
LoadData> PART_0156
SaveCSV> .../l1-resume/continuation/q1-measure/pressure_<Var>.csv
LoadData> PART_0157
SaveCSV> .../l1-resume/continuation/q1-measure/pressure_<Var>.csv
LoadData> PART_0158
SaveCSV> .../l1-resume/continuation/q1-measure/pressure_<Var>.csv
LoadData> PART_0159
SaveCSV> .../l1-resume/continuation/q1-measure/pressure_<Var>.csv
LoadData> PART_0160
SaveCSV> .../l1-resume/continuation/q1-measure/pressure_<Var>.csv
LoadData> PART_0161
SaveCSV> .../l1-resume/continuation/q1-measure/pressure_<Var>.csv
LoadData> PART_0162
SaveCSV> .../l1-resume/continuation/q1-measure/pressure_<Var>.csv
LoadData> PART_0163
SaveCSV> .../l1-resume/continuation/q1-measure/pressure_<Var>.csv
LoadData> PART_0164
SaveCSV> .../l1-resume/continuation/q1-measure/pressure_<Var>.csv
LoadData> PART_0165
SaveCSV> .../l1-resume/continuation/q1-measure/pressure_<Var>.csv
LoadData> PART_0166
SaveCSV> .../l1-resume/continuation/q1-measure/pressure_<Var>.csv
LoadData> PART_0167
SaveCSV> .../l1-resume/continuation/q1-measure/pressure_<Var>.csv
LoadData> PART_0168
SaveCSV> .../l1-resume/continuation/q1-measure/pressure_<Var>.csv
LoadData> PART_0169
SaveCSV> .../l1-resume/continuation/q1-measure/pressure_<Var>.csv
LoadData> PART_0170
SaveCSV> .../l1-resume/continuation/q1-measure/pressure_<Var>.csv
LoadData> PART_0171
SaveCSV> .../l1-resume/continuation/q1-measure/pressure_<Var>.csv
LoadData> PART_0172
SaveCSV> .../l1-resume/continuation/q1-measure/pressure_<Var>.csv
LoadData> PART_0173
SaveCSV> .../l1-resume/continuation/q1-measure/pressure_<Var>.csv
LoadData> PART_0174
SaveCSV> .../l1-resume/continuation/q1-measure/pressure_<Var>.csv
LoadData> PART_0175
SaveCSV> .../l1-resume/continuation/q1-measure/pressure_<Var>.csv
LoadData> PART_0176
SaveCSV> .../l1-resume/continuation/q1-measure/pressure_<Var>.csv
LoadData> PART_0177
SaveCSV> .../l1-resume/continuation/q1-measure/pressure_<Var>.csv
LoadData> PART_0178
SaveCSV> .../l1-resume/continuation/q1-measure/pressure_<Var>.csv
LoadData> PART_0179
SaveCSV> .../l1-resume/continuation/q1-measure/pressure_<Var>.csv
LoadData> PART_0180
SaveCSV> .../l1-resume/continuation/q1-measure/pressure_<Var>.csv
LoadData> PART_0181
SaveCSV> .../l1-resume/continuation/q1-measure/pressure_<Var>.csv
LoadData> PART_0182
SaveCSV> .../l1-resume/continuation/q1-measure/pressure_<Var>.csv
LoadData> PART_0183
SaveCSV> .../l1-resume/continuation/q1-measure/pressure_<Var>.csv
LoadData> PART_0184
SaveCSV> .../l1-resume/continuation/q1-measure/pressure_<Var>.csv
LoadData> PART_0185
SaveCSV> .../l1-resume/continuation/q1-measure/pressure_<Var>.csv
LoadData> PART_0186
SaveCSV> .../l1-resume/continuation/q1-measure/pressure_<Var>.csv
LoadData> PART_0187
SaveCSV> .../l1-resume/continuation/q1-measure/pressure_<Var>.csv
LoadData> PART_0188
SaveCSV> .../l1-resume/continuation/q1-measure/pressure_<Var>.csv
LoadData> PART_0189
SaveCSV> .../l1-resume/continuation/q1-measure/pressure_<Var>.csv
LoadData> PART_0190
SaveCSV> .../l1-resume/continuation/q1-measure/pressure_<Var>.csv
LoadData> PART_0191
SaveCSV> .../l1-resume/continuation/q1-measure/pressure_<Var>.csv
LoadData> PART_0192
SaveCSV> .../l1-resume/continuation/q1-measure/pressure_<Var>.csv
LoadData> PART_0193
SaveCSV> .../l1-resume/continuation/q1-measure/pressure_<Var>.csv
LoadData> PART_0194
SaveCSV> .../l1-resume/continuation/q1-measure/pressure_<Var>.csv
LoadData> PART_0195
SaveCSV> .../l1-resume/continuation/q1-measure/pressure_<Var>.csv
LoadData> PART_0196
SaveCSV> .../l1-resume/continuation/q1-measure/pressure_<Var>.csv
LoadData> PART_0197
SaveCSV> .../l1-resume/continuation/q1-measure/pressure_<Var>.csv
LoadData> PART_0198
SaveCSV> .../l1-resume/continuation/q1-measure/pressure_<Var>.csv
LoadData> PART_0199
SaveCSV> .../l1-resume/continuation/q1-measure/pressure_<Var>.csv
LoadData> PART_0200
SaveCSV> .../l1-resume/continuation/q1-measure/pressure_<Var>.csv
LoadData> PART_0201
SaveCSV> .../l1-resume/continuation/q1-measure/pressure_<Var>.csv
LoadData> PART_0202
SaveCSV> .../l1-resume/continuation/q1-measure/pressure_<Var>.csv
LoadData> PART_0203
SaveCSV> .../l1-resume/continuation/q1-measure/pressure_<Var>.csv
LoadData> PART_0204
SaveCSV> .../l1-resume/continuation/q1-measure/pressure_<Var>.csv
LoadData> PART_0205
SaveCSV> .../l1-resume/continuation/q1-measure/pressure_<Var>.csv
LoadData> PART_0206
SaveCSV> .../l1-resume/continuation/q1-measure/pressure_<Var>.csv
LoadData> PART_0207
SaveCSV> .../l1-resume/continuation/q1-measure/pressure_<Var>.csv
LoadData> PART_0208
SaveCSV> .../l1-resume/continuation/q1-measure/pressure_<Var>.csv
LoadData> PART_0209
SaveCSV> .../l1-resume/continuation/q1-measure/pressure_<Var>.csv
LoadData> PART_0210
SaveCSV> .../l1-resume/continuation/q1-measure/pressure_<Var>.csv
LoadData> PART_0211
SaveCSV> .../l1-resume/continuation/q1-measure/pressure_<Var>.csv
LoadData> PART_0212
SaveCSV> .../l1-resume/continuation/q1-measure/pressure_<Var>.csv
LoadData> PART_0213
SaveCSV> .../l1-resume/continuation/q1-measure/pressure_<Var>.csv
LoadData> PART_0214
SaveCSV> .../l1-resume/continuation/q1-measure/pressure_<Var>.csv
LoadData> PART_0215
SaveCSV> .../l1-resume/continuation/q1-measure/pressure_<Var>.csv
LoadData> PART_0216
SaveCSV> .../l1-resume/continuation/q1-measure/pressure_<Var>.csv
LoadData> PART_0217
SaveCSV> .../l1-resume/continuation/q1-measure/pressure_<Var>.csv
LoadData> PART_0218
SaveCSV> .../l1-resume/continuation/q1-measure/pressure_<Var>.csv
LoadData> PART_0219
SaveCSV> .../l1-resume/continuation/q1-measure/pressure_<Var>.csv
LoadData> PART_0220
SaveCSV> .../l1-resume/continuation/q1-measure/pressure_<Var>.csv
LoadData> PART_0221
SaveCSV> .../l1-resume/continuation/q1-measure/pressure_<Var>.csv
LoadData> PART_0222
SaveCSV> .../l1-resume/continuation/q1-measure/pressure_<Var>.csv
LoadData> PART_0223
SaveCSV> .../l1-resume/continuation/q1-measure/pressure_<Var>.csv
LoadData> PART_0224
SaveCSV> .../l1-resume/continuation/q1-measure/pressure_<Var>.csv
LoadData> PART_0225
SaveCSV> .../l1-resume/continuation/q1-measure/pressure_<Var>.csv
LoadData> PART_0226
SaveCSV> .../l1-resume/continuation/q1-measure/pressure_<Var>.csv
LoadData> PART_0227
SaveCSV> .../l1-resume/continuation/q1-measure/pressure_<Var>.csv
LoadData> PART_0228
SaveCSV> .../l1-resume/continuation/q1-measure/pressure_<Var>.csv
LoadData> PART_0229
SaveCSV> .../l1-resume/continuation/q1-measure/pressure_<Var>.csv
LoadData> PART_0230
SaveCSV> .../l1-resume/continuation/q1-measure/pressure_<Var>.csv
LoadData> PART_0231
SaveCSV> .../l1-resume/continuation/q1-measure/pressure_<Var>.csv
LoadData> PART_0232
SaveCSV> .../l1-resume/continuation/q1-measure/pressure_<Var>.csv
LoadData> PART_0233
SaveCSV> .../l1-resume/continuation/q1-measure/pressure_<Var>.csv
LoadData> PART_0234
SaveCSV> .../l1-resume/continuation/q1-measure/pressure_<Var>.csv
LoadData> PART_0235
SaveCSV> .../l1-resume/continuation/q1-measure/pressure_<Var>.csv
LoadData> PART_0236
SaveCSV> .../l1-resume/continuation/q1-measure/pressure_<Var>.csv
LoadData> PART_0237
SaveCSV> .../l1-resume/continuation/q1-measure/pressure_<Var>.csv
LoadData> PART_0238
SaveCSV> .../l1-resume/continuation/q1-measure/pressure_<Var>.csv
LoadData> PART_0239
SaveCSV> .../l1-resume/continuation/q1-measure/pressure_<Var>.csv
LoadData> PART_0240
SaveCSV> .../l1-resume/continuation/q1-measure/pressure_<Var>.csv
LoadData> PART_0241
SaveCSV> .../l1-resume/continuation/q1-measure/pressure_<Var>.csv
LoadData> PART_0242
SaveCSV> .../l1-resume/continuation/q1-measure/pressure_<Var>.csv
LoadData> PART_0243
SaveCSV> .../l1-resume/continuation/q1-measure/pressure_<Var>.csv
LoadData> PART_0244
SaveCSV> .../l1-resume/continuation/q1-measure/pressure_<Var>.csv
LoadData> PART_0245
SaveCSV> .../l1-resume/continuation/q1-measure/pressure_<Var>.csv
LoadData> PART_0246
SaveCSV> .../l1-resume/continuation/q1-measure/pressure_<Var>.csv
LoadData> PART_0247
SaveCSV> .../l1-resume/continuation/q1-measure/pressure_<Var>.csv
LoadData> PART_0248
SaveCSV> .../l1-resume/continuation/q1-measure/pressure_<Var>.csv
LoadData> PART_0249
SaveCSV> .../l1-resume/continuation/q1-measure/pressure_<Var>.csv
LoadData> PART_0250
SaveCSV> .../l1-resume/continuation/q1-measure/pressure_<Var>.csv
LoadData> PART_0251
SaveCSV> .../l1-resume/continuation/q1-measure/pressure_<Var>.csv
LoadData> PART_0252
SaveCSV> .../l1-resume/continuation/q1-measure/pressure_<Var>.csv
LoadData> PART_0253
SaveCSV> .../l1-resume/continuation/q1-measure/pressure_<Var>.csv
LoadData> PART_0254
SaveCSV> .../l1-resume/continuation/q1-measure/pressure_<Var>.csv
LoadData> PART_0255
SaveCSV> .../l1-resume/continuation/q1-measure/pressure_<Var>.csv
LoadData> PART_0256
SaveCSV> .../l1-resume/continuation/q1-measure/pressure_<Var>.csv
LoadData> PART_0257
SaveCSV> .../l1-resume/continuation/q1-measure/pressure_<Var>.csv
LoadData> PART_0258
SaveCSV> .../l1-resume/continuation/q1-measure/pressure_<Var>.csv
LoadData> PART_0259
SaveCSV> .../l1-resume/continuation/q1-measure/pressure_<Var>.csv
LoadData> PART_0260
SaveCSV> .../l1-resume/continuation/q1-measure/pressure_<Var>.csv
LoadData> PART_0261
SaveCSV> .../l1-resume/continuation/q1-measure/pressure_<Var>.csv
LoadData> PART_0262
SaveCSV> .../l1-resume/continuation/q1-measure/pressure_<Var>.csv
LoadData> PART_0263
SaveCSV> .../l1-resume/continuation/q1-measure/pressure_<Var>.csv
LoadData> PART_0264
SaveCSV> .../l1-resume/continuation/q1-measure/pressure_<Var>.csv
LoadData> PART_0265
SaveCSV> .../l1-resume/continuation/q1-measure/pressure_<Var>.csv
LoadData> PART_0266
SaveCSV> .../l1-resume/continuation/q1-measure/pressure_<Var>.csv
LoadData> PART_0267
SaveCSV> .../l1-resume/continuation/q1-measure/pressure_<Var>.csv
LoadData> PART_0268
SaveCSV> .../l1-resume/continuation/q1-measure/pressure_<Var>.csv
LoadData> PART_0269
SaveCSV> .../l1-resume/continuation/q1-measure/pressure_<Var>.csv
LoadData> PART_0270
SaveCSV> .../l1-resume/continuation/q1-measure/pressure_<Var>.csv
LoadData> PART_0271
SaveCSV> .../l1-resume/continuation/q1-measure/pressure_<Var>.csv
LoadData> PART_0272
SaveCSV> .../l1-resume/continuation/q1-measure/pressure_<Var>.csv
LoadData> PART_0273
SaveCSV> .../l1-resume/continuation/q1-measure/pressure_<Var>.csv
LoadData> PART_0274
SaveCSV> .../l1-resume/continuation/q1-measure/pressure_<Var>.csv
LoadData> PART_0275
SaveCSV> .../l1-resume/continuation/q1-measure/pressure_<Var>.csv
LoadData> PART_0276
SaveCSV> .../l1-resume/continuation/q1-measure/pressure_<Var>.csv
LoadData> PART_0277
SaveCSV> .../l1-resume/continuation/q1-measure/pressure_<Var>.csv
LoadData> PART_0278
SaveCSV> .../l1-resume/continuation/q1-measure/pressure_<Var>.csv
LoadData> PART_0279
SaveCSV> .../l1-resume/continuation/q1-measure/pressure_<Var>.csv
LoadData> PART_0280
SaveCSV> .../l1-resume/continuation/q1-measure/pressure_<Var>.csv
LoadData> PART_0281
SaveCSV> .../l1-resume/continuation/q1-measure/pressure_<Var>.csv
LoadData> PART_0282
SaveCSV> .../l1-resume/continuation/q1-measure/pressure_<Var>.csv
LoadData> PART_0283
SaveCSV> .../l1-resume/continuation/q1-measure/pressure_<Var>.csv
LoadData> PART_0284
SaveCSV> .../l1-resume/continuation/q1-measure/pressure_<Var>.csv
LoadData> PART_0285
SaveCSV> .../l1-resume/continuation/q1-measure/pressure_<Var>.csv
LoadData> PART_0286
SaveCSV> .../l1-resume/continuation/q1-measure/pressure_<Var>.csv
LoadData> PART_0287
SaveCSV> .../l1-resume/continuation/q1-measure/pressure_<Var>.csv
LoadData> PART_0288
SaveCSV> .../l1-resume/continuation/q1-measure/pressure_<Var>.csv
LoadData> PART_0289
SaveCSV> .../l1-resume/continuation/q1-measure/pressure_<Var>.csv
LoadData> PART_0290
SaveCSV> .../l1-resume/continuation/q1-measure/pressure_<Var>.csv
LoadData> PART_0291
SaveCSV> .../l1-resume/continuation/q1-measure/pressure_<Var>.csv
LoadData> PART_0292
SaveCSV> .../l1-resume/continuation/q1-measure/pressure_<Var>.csv
LoadData> PART_0293
SaveCSV> .../l1-resume/continuation/q1-measure/pressure_<Var>.csv
LoadData> PART_0294
SaveCSV> .../l1-resume/continuation/q1-measure/pressure_<Var>.csv
LoadData> PART_0295
SaveCSV> .../l1-resume/continuation/q1-measure/pressure_<Var>.csv
LoadData> PART_0296
SaveCSV> .../l1-resume/continuation/q1-measure/pressure_<Var>.csv
LoadData> PART_0297
SaveCSV> .../l1-resume/continuation/q1-measure/pressure_<Var>.csv
LoadData> PART_0298
SaveCSV> .../l1-resume/continuation/q1-measure/pressure_<Var>.csv
LoadData> PART_0299
SaveCSV> .../l1-resume/continuation/q1-measure/pressure_<Var>.csv
LoadData> PART_0300
SaveCSV> .../l1-resume/continuation/q1-measure/pressure_<Var>.csv
LoadData> PART_0301
SaveCSV> .../l1-resume/continuation/q1-measure/pressure_<Var>.csv
LoadData> PART_0302
SaveCSV> .../l1-resume/continuation/q1-measure/pressure_<Var>.csv
LoadData> PART_0303
SaveCSV> .../l1-resume/continuation/q1-measure/pressure_<Var>.csv
LoadData> PART_0304
SaveCSV> .../l1-resume/continuation/q1-measure/pressure_<Var>.csv
LoadData> PART_0305
SaveCSV> .../l1-resume/continuation/q1-measure/pressure_<Var>.csv
LoadData> PART_0306
SaveCSV> .../l1-resume/continuation/q1-measure/pressure_<Var>.csv
LoadData> PART_0307
SaveCSV> .../l1-resume/continuation/q1-measure/pressure_<Var>.csv
LoadData> PART_0308
SaveCSV> .../l1-resume/continuation/q1-measure/pressure_<Var>.csv
LoadData> PART_0309
SaveCSV> .../l1-resume/continuation/q1-measure/pressure_<Var>.csv
LoadData> PART_0310
SaveCSV> .../l1-resume/continuation/q1-measure/pressure_<Var>.csv
LoadData> PART_0311
SaveCSV> .../l1-resume/continuation/q1-measure/pressure_<Var>.csv
LoadData> PART_0312
SaveCSV> .../l1-resume/continuation/q1-measure/pressure_<Var>.csv
LoadData> PART_0313
SaveCSV> .../l1-resume/continuation/q1-measure/pressure_<Var>.csv
LoadData> PART_0314
SaveCSV> .../l1-resume/continuation/q1-measure/pressure_<Var>.csv
LoadData> PART_0315
SaveCSV> .../l1-resume/continuation/q1-measure/pressure_<Var>.csv
LoadData> PART_0316
SaveCSV> .../l1-resume/continuation/q1-measure/pressure_<Var>.csv
LoadData> PART_0317
SaveCSV> .../l1-resume/continuation/q1-measure/pressure_<Var>.csv
LoadData> PART_0318
SaveCSV> .../l1-resume/continuation/q1-measure/pressure_<Var>.csv
LoadData> PART_0319
SaveCSV> .../l1-resume/continuation/q1-measure/pressure_<Var>.csv
LoadData> PART_0320
SaveCSV> .../l1-resume/continuation/q1-measure/pressure_<Var>.csv
LoadData> PART_0321
SaveCSV> .../l1-resume/continuation/q1-measure/pressure_<Var>.csv
LoadData> PART_0322
SaveCSV> .../l1-resume/continuation/q1-measure/pressure_<Var>.csv
LoadData> PART_0323
SaveCSV> .../l1-resume/continuation/q1-measure/pressure_<Var>.csv
LoadData> PART_0324
SaveCSV> .../l1-resume/continuation/q1-measure/pressure_<Var>.csv
LoadData> PART_0325
SaveCSV> .../l1-resume/continuation/q1-measure/pressure_<Var>.csv
LoadData> PART_0326
SaveCSV> .../l1-resume/continuation/q1-measure/pressure_<Var>.csv
LoadData> PART_0327
SaveCSV> .../l1-resume/continuation/q1-measure/pressure_<Var>.csv
LoadData> PART_0328
SaveCSV> .../l1-resume/continuation/q1-measure/pressure_<Var>.csv
LoadData> PART_0329
SaveCSV> .../l1-resume/continuation/q1-measure/pressure_<Var>.csv
LoadData> PART_0330
SaveCSV> .../l1-resume/continuation/q1-measure/pressure_<Var>.csv
LoadData> PART_0331
SaveCSV> .../l1-resume/continuation/q1-measure/pressure_<Var>.csv
LoadData> PART_0332
SaveCSV> .../l1-resume/continuation/q1-measure/pressure_<Var>.csv
LoadData> PART_0333
SaveCSV> .../l1-resume/continuation/q1-measure/pressure_<Var>.csv
LoadData> PART_0334
SaveCSV> .../l1-resume/continuation/q1-measure/pressure_<Var>.csv
LoadData> PART_0335
SaveCSV> .../l1-resume/continuation/q1-measure/pressure_<Var>.csv
LoadData> PART_0336
SaveCSV> .../l1-resume/continuation/q1-measure/pressure_<Var>.csv
LoadData> PART_0337
SaveCSV> .../l1-resume/continuation/q1-measure/pressure_<Var>.csv
LoadData> PART_0338
SaveCSV> .../l1-resume/continuation/q1-measure/pressure_<Var>.csv
LoadData> PART_0339
SaveCSV> .../l1-resume/continuation/q1-measure/pressure_<Var>.csv
LoadData> PART_0340
SaveCSV> .../l1-resume/continuation/q1-measure/pressure_<Var>.csv
LoadData> PART_0341
SaveCSV> .../l1-resume/continuation/q1-measure/pressure_<Var>.csv
LoadData> PART_0342
SaveCSV> .../l1-resume/continuation/q1-measure/pressure_<Var>.csv
LoadData> PART_0343
SaveCSV> .../l1-resume/continuation/q1-measure/pressure_<Var>.csv
LoadData> PART_0344
SaveCSV> .../l1-resume/continuation/q1-measure/pressure_<Var>.csv
LoadData> PART_0345
SaveCSV> .../l1-resume/continuation/q1-measure/pressure_<Var>.csv
LoadData> PART_0346
SaveCSV> .../l1-resume/continuation/q1-measure/pressure_<Var>.csv
LoadData> PART_0347
SaveCSV> .../l1-resume/continuation/q1-measure/pressure_<Var>.csv
LoadData> PART_0348
SaveCSV> .../l1-resume/continuation/q1-measure/pressure_<Var>.csv
LoadData> PART_0349
SaveCSV> .../l1-resume/continuation/q1-measure/pressure_<Var>.csv
LoadData> PART_0350
SaveCSV> .../l1-resume/continuation/q1-measure/pressure_<Var>.csv
LoadData> PART_0351
SaveCSV> .../l1-resume/continuation/q1-measure/pressure_<Var>.csv
LoadData> PART_0352
SaveCSV> .../l1-resume/continuation/q1-measure/pressure_<Var>.csv
LoadData> PART_0353
SaveCSV> .../l1-resume/continuation/q1-measure/pressure_<Var>.csv
LoadData> PART_0354
SaveCSV> .../l1-resume/continuation/q1-measure/pressure_<Var>.csv
LoadData> PART_0355
SaveCSV> .../l1-resume/continuation/q1-measure/pressure_<Var>.csv
LoadData> PART_0356
SaveCSV> .../l1-resume/continuation/q1-measure/pressure_<Var>.csv
LoadData> PART_0357
SaveCSV> .../l1-resume/continuation/q1-measure/pressure_<Var>.csv
LoadData> PART_0358
SaveCSV> .../l1-resume/continuation/q1-measure/pressure_<Var>.csv
LoadData> PART_0359
SaveCSV> .../l1-resume/continuation/q1-measure/pressure_<Var>.csv
LoadData> PART_0360
SaveCSV> .../l1-resume/continuation/q1-measure/pressure_<Var>.csv
LoadData> PART_0361
SaveCSV> .../l1-resume/continuation/q1-measure/pressure_<Var>.csv
LoadData> PART_0362
SaveCSV> .../l1-resume/continuation/q1-measure/pressure_<Var>.csv
LoadData> PART_0363
SaveCSV> .../l1-resume/continuation/q1-measure/pressure_<Var>.csv
LoadData> PART_0364
SaveCSV> .../l1-resume/continuation/q1-measure/pressure_<Var>.csv
LoadData> PART_0365
SaveCSV> .../l1-resume/continuation/q1-measure/pressure_<Var>.csv
LoadData> PART_0366
SaveCSV> .../l1-resume/continuation/q1-measure/pressure_<Var>.csv
LoadData> PART_0367
SaveCSV> .../l1-resume/continuation/q1-measure/pressure_<Var>.csv
LoadData> PART_0368
SaveCSV> .../l1-resume/continuation/q1-measure/pressure_<Var>.csv
LoadData> PART_0369
SaveCSV> .../l1-resume/continuation/q1-measure/pressure_<Var>.csv
LoadData> PART_0370
SaveCSV> .../l1-resume/continuation/q1-measure/pressure_<Var>.csv
LoadData> PART_0371
SaveCSV> .../l1-resume/continuation/q1-measure/pressure_<Var>.csv
LoadData> PART_0372
SaveCSV> .../l1-resume/continuation/q1-measure/pressure_<Var>.csv
LoadData> PART_0373
SaveCSV> .../l1-resume/continuation/q1-measure/pressure_<Var>.csv
LoadData> PART_0374
SaveCSV> .../l1-resume/continuation/q1-measure/pressure_<Var>.csv
LoadData> PART_0375
SaveCSV> .../l1-resume/continuation/q1-measure/pressure_<Var>.csv
LoadData> PART_0376
SaveCSV> .../l1-resume/continuation/q1-measure/pressure_<Var>.csv
LoadData> PART_0377
SaveCSV> .../l1-resume/continuation/q1-measure/pressure_<Var>.csv
LoadData> PART_0378
SaveCSV> .../l1-resume/continuation/q1-measure/pressure_<Var>.csv
LoadData> PART_0379
SaveCSV> .../l1-resume/continuation/q1-measure/pressure_<Var>.csv
LoadData> PART_0380
SaveCSV> .../l1-resume/continuation/q1-measure/pressure_<Var>.csv
LoadData> PART_0381
SaveCSV> .../l1-resume/continuation/q1-measure/pressure_<Var>.csv
LoadData> PART_0382
SaveCSV> .../l1-resume/continuation/q1-measure/pressure_<Var>.csv
LoadData> PART_0383
SaveCSV> .../l1-resume/continuation/q1-measure/pressure_<Var>.csv
LoadData> PART_0384
SaveCSV> .../l1-resume/continuation/q1-measure/pressure_<Var>.csv
LoadData> PART_0385
SaveCSV> .../l1-resume/continuation/q1-measure/pressure_<Var>.csv
LoadData> PART_0386
SaveCSV> .../l1-resume/continuation/q1-measure/pressure_<Var>.csv
LoadData> PART_0387
SaveCSV> .../l1-resume/continuation/q1-measure/pressure_<Var>.csv
LoadData> PART_0388
SaveCSV> .../l1-resume/continuation/q1-measure/pressure_<Var>.csv
LoadData> PART_0389
SaveCSV> .../l1-resume/continuation/q1-measure/pressure_<Var>.csv
LoadData> PART_0390
SaveCSV> .../l1-resume/continuation/q1-measure/pressure_<Var>.csv
LoadData> PART_0391
SaveCSV> .../l1-resume/continuation/q1-measure/pressure_<Var>.csv
LoadData> PART_0392
SaveCSV> .../l1-resume/continuation/q1-measure/pressure_<Var>.csv
LoadData> PART_0393
SaveCSV> .../l1-resume/continuation/q1-measure/pressure_<Var>.csv
LoadData> PART_0394
SaveCSV> .../l1-resume/continuation/q1-measure/pressure_<Var>.csv
LoadData> PART_0395
SaveCSV> .../l1-resume/continuation/q1-measure/pressure_<Var>.csv
LoadData> PART_0396
SaveCSV> .../l1-resume/continuation/q1-measure/pressure_<Var>.csv
LoadData> PART_0397
SaveCSV> .../l1-resume/continuation/q1-measure/pressure_<Var>.csv
LoadData> PART_0398
SaveCSV> .../l1-resume/continuation/q1-measure/pressure_<Var>.csv
LoadData> PART_0399
SaveCSV> .../l1-resume/continuation/q1-measure/pressure_<Var>.csv
LoadData> PART_0400
SaveCSV> .../l1-resume/continuation/q1-measure/pressure_<Var>.csv
LoadData> PART_0401
SaveCSV> .../l1-resume/continuation/q1-measure/pressure_<Var>.csv
LoadData> PART_0402
SaveCSV> .../l1-resume/continuation/q1-measure/pressure_<Var>.csv
LoadData> PART_0403
SaveCSV> .../l1-resume/continuation/q1-measure/pressure_<Var>.csv
LoadData> PART_0404
SaveCSV> .../l1-resume/continuation/q1-measure/pressure_<Var>.csv
LoadData> PART_0405
SaveCSV> .../l1-resume/continuation/q1-measure/pressure_<Var>.csv
LoadData> PART_0406
SaveCSV> .../l1-resume/continuation/q1-measure/pressure_<Var>.csv
LoadData> PART_0407
SaveCSV> .../l1-resume/continuation/q1-measure/pressure_<Var>.csv
LoadData> PART_0408
SaveCSV> .../l1-resume/continuation/q1-measure/pressure_<Var>.csv
LoadData> PART_0409
SaveCSV> .../l1-resume/continuation/q1-measure/pressure_<Var>.csv
LoadData> PART_0410
SaveCSV> .../l1-resume/continuation/q1-measure/pressure_<Var>.csv
LoadData> PART_0411
SaveCSV> .../l1-resume/continuation/q1-measure/pressure_<Var>.csv
LoadData> PART_0412
SaveCSV> .../l1-resume/continuation/q1-measure/pressure_<Var>.csv
LoadData> PART_0413
SaveCSV> .../l1-resume/continuation/q1-measure/pressure_<Var>.csv
LoadData> PART_0414
SaveCSV> .../l1-resume/continuation/q1-measure/pressure_<Var>.csv
LoadData> PART_0415
SaveCSV> .../l1-resume/continuation/q1-measure/pressure_<Var>.csv
LoadData> PART_0416
SaveCSV> .../l1-resume/continuation/q1-measure/pressure_<Var>.csv
LoadData> PART_0417
SaveCSV> .../l1-resume/continuation/q1-measure/pressure_<Var>.csv
LoadData> PART_0418
SaveCSV> .../l1-resume/continuation/q1-measure/pressure_<Var>.csv
LoadData> PART_0419
SaveCSV> .../l1-resume/continuation/q1-measure/pressure_<Var>.csv
LoadData> PART_0420
SaveCSV> .../l1-resume/continuation/q1-measure/pressure_<Var>.csv
LoadData> PART_0421
SaveCSV> .../l1-resume/continuation/q1-measure/pressure_<Var>.csv
LoadData> PART_0422
SaveCSV> .../l1-resume/continuation/q1-measure/pressure_<Var>.csv
LoadData> PART_0423
SaveCSV> .../l1-resume/continuation/q1-measure/pressure_<Var>.csv
LoadData> PART_0424
SaveCSV> .../l1-resume/continuation/q1-measure/pressure_<Var>.csv
LoadData> PART_0425
SaveCSV> .../l1-resume/continuation/q1-measure/pressure_<Var>.csv
LoadData> PART_0426
SaveCSV> .../l1-resume/continuation/q1-measure/pressure_<Var>.csv
LoadData> PART_0427
SaveCSV> .../l1-resume/continuation/q1-measure/pressure_<Var>.csv
LoadData> PART_0428
SaveCSV> .../l1-resume/continuation/q1-measure/pressure_<Var>.csv
LoadData> PART_0429
SaveCSV> .../l1-resume/continuation/q1-measure/pressure_<Var>.csv
LoadData> PART_0430
SaveCSV> .../l1-resume/continuation/q1-measure/pressure_<Var>.csv
LoadData> PART_0431
SaveCSV> .../l1-resume/continuation/q1-measure/pressure_<Var>.csv
LoadData> PART_0432
SaveCSV> .../l1-resume/continuation/q1-measure/pressure_<Var>.csv
LoadData> PART_0433
SaveCSV> .../l1-resume/continuation/q1-measure/pressure_<Var>.csv
LoadData> PART_0434
SaveCSV> .../l1-resume/continuation/q1-measure/pressure_<Var>.csv
LoadData> PART_0435
SaveCSV> .../l1-resume/continuation/q1-measure/pressure_<Var>.csv
LoadData> PART_0436
SaveCSV> .../l1-resume/continuation/q1-measure/pressure_<Var>.csv
LoadData> PART_0437
SaveCSV> .../l1-resume/continuation/q1-measure/pressure_<Var>.csv
LoadData> PART_0438
SaveCSV> .../l1-resume/continuation/q1-measure/pressure_<Var>.csv
LoadData> PART_0439
SaveCSV> .../l1-resume/continuation/q1-measure/pressure_<Var>.csv
LoadData> PART_0440
SaveCSV> .../l1-resume/continuation/q1-measure/pressure_<Var>.csv
LoadData> PART_0441
SaveCSV> .../l1-resume/continuation/q1-measure/pressure_<Var>.csv
LoadData> PART_0442
SaveCSV> .../l1-resume/continuation/q1-measure/pressure_<Var>.csv
LoadData> PART_0443
SaveCSV> .../l1-resume/continuation/q1-measure/pressure_<Var>.csv
LoadData> PART_0444
SaveCSV> .../l1-resume/continuation/q1-measure/pressure_<Var>.csv
LoadData> PART_0445
SaveCSV> .../l1-resume/continuation/q1-measure/pressure_<Var>.csv
LoadData> PART_0446
SaveCSV> .../l1-resume/continuation/q1-measure/pressure_<Var>.csv
LoadData> PART_0447
SaveCSV> .../l1-resume/continuation/q1-measure/pressure_<Var>.csv
LoadData> PART_0448
SaveCSV> .../l1-resume/continuation/q1-measure/pressure_<Var>.csv
LoadData> PART_0449
SaveCSV> .../l1-resume/continuation/q1-measure/pressure_<Var>.csv
LoadData> PART_0450
SaveCSV> .../l1-resume/continuation/q1-measure/pressure_<Var>.csv
LoadData> PART_0451
SaveCSV> .../l1-resume/continuation/q1-measure/pressure_<Var>.csv
LoadData> PART_0452
SaveCSV> .../l1-resume/continuation/q1-measure/pressure_<Var>.csv
LoadData> PART_0453
SaveCSV> .../l1-resume/continuation/q1-measure/pressure_<Var>.csv
LoadData> PART_0454
SaveCSV> .../l1-resume/continuation/q1-measure/pressure_<Var>.csv
LoadData> PART_0455
SaveCSV> .../l1-resume/continuation/q1-measure/pressure_<Var>.csv
LoadData> PART_0456
SaveCSV> .../l1-resume/continuation/q1-measure/pressure_<Var>.csv
LoadData> PART_0457
SaveCSV> .../l1-resume/continuation/q1-measure/pressure_<Var>.csv
LoadData> PART_0458
SaveCSV> .../l1-resume/continuation/q1-measure/pressure_<Var>.csv
LoadData> PART_0459
SaveCSV> .../l1-resume/continuation/q1-measure/pressure_<Var>.csv
LoadData> PART_0460
SaveCSV> .../l1-resume/continuation/q1-measure/pressure_<Var>.csv
LoadData> PART_0461
SaveCSV> .../l1-resume/continuation/q1-measure/pressure_<Var>.csv
LoadData> PART_0462
SaveCSV> .../l1-resume/continuation/q1-measure/pressure_<Var>.csv
LoadData> PART_0463
SaveCSV> .../l1-resume/continuation/q1-measure/pressure_<Var>.csv
LoadData> PART_0464
SaveCSV> .../l1-resume/continuation/q1-measure/pressure_<Var>.csv
LoadData> PART_0465
SaveCSV> .../l1-resume/continuation/q1-measure/pressure_<Var>.csv
LoadData> PART_0466
SaveCSV> .../l1-resume/continuation/q1-measure/pressure_<Var>.csv
LoadData> PART_0467
SaveCSV> .../l1-resume/continuation/q1-measure/pressure_<Var>.csv
LoadData> PART_0468
SaveCSV> .../l1-resume/continuation/q1-measure/pressure_<Var>.csv
LoadData> PART_0469
SaveCSV> .../l1-resume/continuation/q1-measure/pressure_<Var>.csv
LoadData> PART_0470
SaveCSV> .../l1-resume/continuation/q1-measure/pressure_<Var>.csv
LoadData> PART_0471
SaveCSV> .../l1-resume/continuation/q1-measure/pressure_<Var>.csv
LoadData> PART_0472
SaveCSV> .../l1-resume/continuation/q1-measure/pressure_<Var>.csv
LoadData> PART_0473
SaveCSV> .../l1-resume/continuation/q1-measure/pressure_<Var>.csv
LoadData> PART_0474
SaveCSV> .../l1-resume/continuation/q1-measure/pressure_<Var>.csv
LoadData> PART_0475
SaveCSV> .../l1-resume/continuation/q1-measure/pressure_<Var>.csv
LoadData> PART_0476
SaveCSV> .../l1-resume/continuation/q1-measure/pressure_<Var>.csv
LoadData> PART_0477
SaveCSV> .../l1-resume/continuation/q1-measure/pressure_<Var>.csv
LoadData> PART_0478
SaveCSV> .../l1-resume/continuation/q1-measure/pressure_<Var>.csv
LoadData> PART_0479
SaveCSV> .../l1-resume/continuation/q1-measure/pressure_<Var>.csv
LoadData> PART_0480
SaveCSV> .../l1-resume/continuation/q1-measure/pressure_<Var>.csv
LoadData> PART_0481
SaveCSV> .../l1-resume/continuation/q1-measure/pressure_<Var>.csv
LoadData> PART_0482
SaveCSV> .../l1-resume/continuation/q1-measure/pressure_<Var>.csv
LoadData> PART_0483
SaveCSV> .../l1-resume/continuation/q1-measure/pressure_<Var>.csv
LoadData> PART_0484
SaveCSV> .../l1-resume/continuation/q1-measure/pressure_<Var>.csv
LoadData> PART_0485
SaveCSV> .../l1-resume/continuation/q1-measure/pressure_<Var>.csv
LoadData> PART_0486
SaveCSV> .../l1-resume/continuation/q1-measure/pressure_<Var>.csv
LoadData> PART_0487
SaveCSV> .../l1-resume/continuation/q1-measure/pressure_<Var>.csv
LoadData> PART_0488
SaveCSV> .../l1-resume/continuation/q1-measure/pressure_<Var>.csv
LoadData> PART_0489
SaveCSV> .../l1-resume/continuation/q1-measure/pressure_<Var>.csv
LoadData> PART_0490
SaveCSV> .../l1-resume/continuation/q1-measure/pressure_<Var>.csv
LoadData> PART_0491
SaveCSV> .../l1-resume/continuation/q1-measure/pressure_<Var>.csv
LoadData> PART_0492
SaveCSV> .../l1-resume/continuation/q1-measure/pressure_<Var>.csv
LoadData> PART_0493
SaveCSV> .../l1-resume/continuation/q1-measure/pressure_<Var>.csv
LoadData> PART_0494
SaveCSV> .../l1-resume/continuation/q1-measure/pressure_<Var>.csv
LoadData> PART_0495
SaveCSV> .../l1-resume/continuation/q1-measure/pressure_<Var>.csv
LoadData> PART_0496
SaveCSV> .../l1-resume/continuation/q1-measure/pressure_<Var>.csv
LoadData> PART_0497
SaveCSV> .../l1-resume/continuation/q1-measure/pressure_<Var>.csv
LoadData> PART_0498
SaveCSV> .../l1-resume/continuation/q1-measure/pressure_<Var>.csv
LoadData> PART_0499
SaveCSV> .../l1-resume/continuation/q1-measure/pressure_<Var>.csv
LoadData> PART_0500
SaveCSV> .../l1-resume/continuation/q1-measure/pressure_<Var>.csv
LoadData> PART_0501
SaveCSV> .../l1-resume/continuation/q1-measure/pressure_<Var>.csv
LoadData> PART_0502
SaveCSV> .../l1-resume/continuation/q1-measure/pressure_<Var>.csv
LoadData> PART_0503
SaveCSV> .../l1-resume/continuation/q1-measure/pressure_<Var>.csv
LoadData> PART_0504
SaveCSV> .../l1-resume/continuation/q1-measure/pressure_<Var>.csv
LoadData> PART_0505
SaveCSV> .../l1-resume/continuation/q1-measure/pressure_<Var>.csv
LoadData> PART_0506
SaveCSV> .../l1-resume/continuation/q1-measure/pressure_<Var>.csv
LoadData> PART_0507
SaveCSV> .../l1-resume/continuation/q1-measure/pressure_<Var>.csv
LoadData> PART_0508
SaveCSV> .../l1-resume/continuation/q1-measure/pressure_<Var>.csv
LoadData> PART_0509
SaveCSV> .../l1-resume/continuation/q1-measure/pressure_<Var>.csv
LoadData> PART_0510
SaveCSV> .../l1-resume/continuation/q1-measure/pressure_<Var>.csv
LoadData> PART_0511
SaveCSV> .../l1-resume/continuation/q1-measure/pressure_<Var>.csv
LoadData> PART_0512
SaveCSV> .../l1-resume/continuation/q1-measure/pressure_<Var>.csv
LoadData> PART_0513
SaveCSV> .../l1-resume/continuation/q1-measure/pressure_<Var>.csv
LoadData> PART_0514
SaveCSV> .../l1-resume/continuation/q1-measure/pressure_<Var>.csv
LoadData> PART_0515
SaveCSV> .../l1-resume/continuation/q1-measure/pressure_<Var>.csv
LoadData> PART_0516
SaveCSV> .../l1-resume/continuation/q1-measure/pressure_<Var>.csv
LoadData> PART_0517
SaveCSV> .../l1-resume/continuation/q1-measure/pressure_<Var>.csv
LoadData> PART_0518
SaveCSV> .../l1-resume/continuation/q1-measure/pressure_<Var>.csv
LoadData> PART_0519
SaveCSV> .../l1-resume/continuation/q1-measure/pressure_<Var>.csv
LoadData> PART_0520
SaveCSV> .../l1-resume/continuation/q1-measure/pressure_<Var>.csv
LoadData> PART_0521
SaveCSV> .../l1-resume/continuation/q1-measure/pressure_<Var>.csv
LoadData> PART_0522
SaveCSV> .../l1-resume/continuation/q1-measure/pressure_<Var>.csv
LoadData> PART_0523
SaveCSV> .../l1-resume/continuation/q1-measure/pressure_<Var>.csv
LoadData> PART_0524
SaveCSV> .../l1-resume/continuation/q1-measure/pressure_<Var>.csv
LoadData> PART_0525
SaveCSV> .../l1-resume/continuation/q1-measure/pressure_<Var>.csv
LoadData> PART_0526
SaveCSV> .../l1-resume/continuation/q1-measure/pressure_<Var>.csv
LoadData> PART_0527
SaveCSV> .../l1-resume/continuation/q1-measure/pressure_<Var>.csv
LoadData> PART_0528
SaveCSV> .../l1-resume/continuation/q1-measure/pressure_<Var>.csv
LoadData> PART_0529
SaveCSV> .../l1-resume/continuation/q1-measure/pressure_<Var>.csv
LoadData> PART_0530
SaveCSV> .../l1-resume/continuation/q1-measure/pressure_<Var>.csv
LoadData> PART_0531
SaveCSV> .../l1-resume/continuation/q1-measure/pressure_<Var>.csv
LoadData> PART_0532
SaveCSV> .../l1-resume/continuation/q1-measure/pressure_<Var>.csv
LoadData> PART_0533
SaveCSV> .../l1-resume/continuation/q1-measure/pressure_<Var>.csv
LoadData> PART_0534
SaveCSV> .../l1-resume/continuation/q1-measure/pressure_<Var>.csv
LoadData> PART_0535
SaveCSV> .../l1-resume/continuation/q1-measure/pressure_<Var>.csv
LoadData> PART_0536
SaveCSV> .../l1-resume/continuation/q1-measure/pressure_<Var>.csv
LoadData> PART_0537
SaveCSV> .../l1-resume/continuation/q1-measure/pressure_<Var>.csv
LoadData> PART_0538
SaveCSV> .../l1-resume/continuation/q1-measure/pressure_<Var>.csv
LoadData> PART_0539
SaveCSV> .../l1-resume/continuation/q1-measure/pressure_<Var>.csv
LoadData> PART_0540
SaveCSV> .../l1-resume/continuation/q1-measure/pressure_<Var>.csv
LoadData> PART_0541
SaveCSV> .../l1-resume/continuation/q1-measure/pressure_<Var>.csv
LoadData> PART_0542
SaveCSV> .../l1-resume/continuation/q1-measure/pressure_<Var>.csv
LoadData> PART_0543
SaveCSV> .../l1-resume/continuation/q1-measure/pressure_<Var>.csv
LoadData> PART_0544
SaveCSV> .../l1-resume/continuation/q1-measure/pressure_<Var>.csv
LoadData> PART_0545
SaveCSV> .../l1-resume/continuation/q1-measure/pressure_<Var>.csv
LoadData> PART_0546
SaveCSV> .../l1-resume/continuation/q1-measure/pressure_<Var>.csv
LoadData> PART_0547
SaveCSV> .../l1-resume/continuation/q1-measure/pressure_<Var>.csv
LoadData> PART_0548
SaveCSV> .../l1-resume/continuation/q1-measure/pressure_<Var>.csv
LoadData> PART_0549
SaveCSV> .../l1-resume/continuation/q1-measure/pressure_<Var>.csv
LoadData> PART_0550
SaveCSV> .../l1-resume/continuation/q1-measure/pressure_<Var>.csv
LoadData> PART_0551
SaveCSV> .../l1-resume/continuation/q1-measure/pressure_<Var>.csv
LoadData> PART_0552
SaveCSV> .../l1-resume/continuation/q1-measure/pressure_<Var>.csv
LoadData> PART_0553
SaveCSV> .../l1-resume/continuation/q1-measure/pressure_<Var>.csv
LoadData> PART_0554
SaveCSV> .../l1-resume/continuation/q1-measure/pressure_<Var>.csv
LoadData> PART_0555
SaveCSV> .../l1-resume/continuation/q1-measure/pressure_<Var>.csv
LoadData> PART_0556
SaveCSV> .../l1-resume/continuation/q1-measure/pressure_<Var>.csv
LoadData> PART_0557
SaveCSV> .../l1-resume/continuation/q1-measure/pressure_<Var>.csv
LoadData> PART_0558
SaveCSV> .../l1-resume/continuation/q1-measure/pressure_<Var>.csv
LoadData> PART_0559
SaveCSV> .../l1-resume/continuation/q1-measure/pressure_<Var>.csv
LoadData> PART_0560
SaveCSV> .../l1-resume/continuation/q1-measure/pressure_<Var>.csv
LoadData> PART_0561
SaveCSV> .../l1-resume/continuation/q1-measure/pressure_<Var>.csv
LoadData> PART_0562
SaveCSV> .../l1-resume/continuation/q1-measure/pressure_<Var>.csv
LoadData> PART_0563
SaveCSV> .../l1-resume/continuation/q1-measure/pressure_<Var>.csv
LoadData> PART_0564
SaveCSV> .../l1-resume/continuation/q1-measure/pressure_<Var>.csv
LoadData> PART_0565
SaveCSV> .../l1-resume/continuation/q1-measure/pressure_<Var>.csv
LoadData> PART_0566
SaveCSV> .../l1-resume/continuation/q1-measure/pressure_<Var>.csv
LoadData> PART_0567
SaveCSV> .../l1-resume/continuation/q1-measure/pressure_<Var>.csv
LoadData> PART_0568
SaveCSV> .../l1-resume/continuation/q1-measure/pressure_<Var>.csv
LoadData> PART_0569
SaveCSV> .../l1-resume/continuation/q1-measure/pressure_<Var>.csv
LoadData> PART_0570
SaveCSV> .../l1-resume/continuation/q1-measure/pressure_<Var>.csv
LoadData> PART_0571
SaveCSV> .../l1-resume/continuation/q1-measure/pressure_<Var>.csv
LoadData> PART_0572
SaveCSV> .../l1-resume/continuation/q1-measure/pressure_<Var>.csv
LoadData> PART_0573
SaveCSV> .../l1-resume/continuation/q1-measure/pressure_<Var>.csv
LoadData> PART_0574
SaveCSV> .../l1-resume/continuation/q1-measure/pressure_<Var>.csv
LoadData> PART_0575
SaveCSV> .../l1-resume/continuation/q1-measure/pressure_<Var>.csv
LoadData> PART_0576
SaveCSV> .../l1-resume/continuation/q1-measure/pressure_<Var>.csv
LoadData> PART_0577
SaveCSV> .../l1-resume/continuation/q1-measure/pressure_<Var>.csv
LoadData> PART_0578
SaveCSV> .../l1-resume/continuation/q1-measure/pressure_<Var>.csv
LoadData> PART_0579
SaveCSV> .../l1-resume/continuation/q1-measure/pressure_<Var>.csv
LoadData> PART_0580
SaveCSV> .../l1-resume/continuation/q1-measure/pressure_<Var>.csv
LoadData> PART_0581
SaveCSV> .../l1-resume/continuation/q1-measure/pressure_<Var>.csv
LoadData> PART_0582
SaveCSV> .../l1-resume/continuation/q1-measure/pressure_<Var>.csv
LoadData> PART_0583
SaveCSV> .../l1-resume/continuation/q1-measure/pressure_<Var>.csv
LoadData> PART_0584
SaveCSV> .../l1-resume/continuation/q1-measure/pressure_<Var>.csv
LoadData> PART_0585
SaveCSV> .../l1-resume/continuation/q1-measure/pressure_<Var>.csv
LoadData> PART_0586
SaveCSV> .../l1-resume/continuation/q1-measure/pressure_<Var>.csv
LoadData> PART_0587
SaveCSV> .../l1-resume/continuation/q1-measure/pressure_<Var>.csv
LoadData> PART_0588
SaveCSV> .../l1-resume/continuation/q1-measure/pressure_<Var>.csv
LoadData> PART_0589
SaveCSV> .../l1-resume/continuation/q1-measure/pressure_<Var>.csv
LoadData> PART_0590
SaveCSV> .../l1-resume/continuation/q1-measure/pressure_<Var>.csv
LoadData> PART_0591
SaveCSV> .../l1-resume/continuation/q1-measure/pressure_<Var>.csv
LoadData> PART_0592
SaveCSV> .../l1-resume/continuation/q1-measure/pressure_<Var>.csv
LoadData> PART_0593
SaveCSV> .../l1-resume/continuation/q1-measure/pressure_<Var>.csv
LoadData> PART_0594
SaveCSV> .../l1-resume/continuation/q1-measure/pressure_<Var>.csv
LoadData> PART_0595
SaveCSV> .../l1-resume/continuation/q1-measure/pressure_<Var>.csv
LoadData> PART_0596
SaveCSV> .../l1-resume/continuation/q1-measure/pressure_<Var>.csv
LoadData> PART_0597
SaveCSV> .../l1-resume/continuation/q1-measure/pressure_<Var>.csv
LoadData> PART_0598
SaveCSV> .../l1-resume/continuation/q1-measure/pressure_<Var>.csv
LoadData> PART_0599
SaveCSV> .../l1-resume/continuation/q1-measure/pressure_<Var>.csv
LoadData> PART_0600
SaveCSV> .../l1-resume/continuation/q1-measure/pressure_<Var>.csv

Time of operation: 6.222 sec. (8 threads)
