

 <GENCASE>  Copyright (c) 2025 by Dr Jose M. Dominguez
 All rights reserved.

 GenCase is a free tool for DualSPHysics simulations.
 DualSPHysics project is an international collaboration between
 University of Vigo (Spain) and University of Manchester (UK).

 Redistribution and use in binary form, without modification, are
 permitted provided that the following conditions are met:
 * Redistributions in binary form must reproduce the above copyright
   notice, this list of conditions and the following disclaimer in the
   documentation and/or other materials provided with the distribution.
 * Redistributions or modifications of source code are not permitted 
   unless expressly authorised, and must retain the above copyright 
   notice, this list of conditions and the following disclaimer.
 * Neither the name of the GenCase nor the names of its contributors
   may be used to endorse or promote products derived from this software
   without specific prior written permission.

 THIS SOFTWARE IS PROVIDED BY THE COPYRIGHT HOLDERS AND CONTRIBUTORS "AS IS"
 AND ANY EXPRESS OR IMPLIED WARRANTIES, INCLUDING, BUT NOT LIMITED TO, THE
 IMPLIED WARRANTIES OF MERCHANTABILITY AND FITNESS FOR A PARTICULAR PURPOSE
 ARE DISCLAIMED. IN NO EVENT SHALL THE COPYRIGHT OWNER BE LIABLE FOR ANY
 DIRECT, INDIRECT, INCIDENTAL, SPECIAL, EXEMPLARY, OR CONSEQUENTIAL DAMAGES
 (INCLUDING, BUT NOT LIMITED TO, PROCUREMENT OF SUBSTITUTE GOODS OR SERVICES;
 LOSS OF USE, DATA, OR PROFITS; OR BUSINESS INTERRUPTION) HOWEVER CAUSED AND
 ON ANY THEORY OF LIABILITY, WHETHER IN CONTRACT, STRICT LIABILITY, OR TORT
 (INCLUDING NEGLIGENCE OR OTHERWISE) ARISING IN ANY WAY OUT OF THE USE OF
 THIS SOFTWARE, EVEN IF ADVISED OF THE POSSIBILITY OF SUCH DAMAGE.


GenCase v5.4.354.01 (07-04-2025)
=================================
LoadDsphConfig> .../bin/linux/DsphConfig.xml
OmpThreads: 16

[LoadXMLInit]
List: GeometryForNormals
List: MAIN

Total operations: 14
[LoadXMLInit-End  time:0.001s]

[Draw]
List of available variables: Gravity_x=[0]  Gravity_y=[0]  Gravity_z=[-9.81]  Rhop0=[1000]  VResId=[0]  Dp=[0.01]  PosMin_x=[-0.12]  PosMin_y=[-0.12]  PosMin_z=[-0.12]  PosMax_x=[1.35]  PosMax_y=[0.55]  PosMax_z=[0.85]  CaseName=["L1_W2_A_BOUNDARY_MDBC_h11_fine_dp0p01_cfl005"]  Data2D=[0]  Data2DPosy=[0]  H=[0.0173205]  MassBound=[0.001]  MassFluid=[0.001]

Mk size: 1 bytes
Case limits: (-0.12,-0.12,-0.12) - (1.35,0.55,0.85)
Distance between points (Dp): 0.01
Case domain: (0,0,0)-(146,66,96)
Domain points: 147 x 67 x 97 = 955,353
Case parts: 1 x 97z
Memory: 0.00 GiB  0.91 MiB  (955,353)

> MAIN
>> GeometryForNormals
FileShapes> hdp_Actual.vtk  shapes:5  points:8   (time:0.001s)
<< GeometryForNormals (6+1+1)
<MAIN (Operations= 11+3+1 = 15)

Triangles: 36 (0 ignored)
[Draw-End  time:0.005s]

[LoadsXMLConfig]
Execution parameters.
Initials configuration.
Floating bodies configuration.
Properties configuration.
Predefined motion configuration.
[LoadsXMLConfig-End  time:0.002s]

[PreparePoints]
Computing Vtk-Cells data...  (time:0.024s)
BitSizeTot: 20 (1 + 7+6+6)
Points loaded: 84,221
Sorting points by Z...
Sorting points by Mk...
Computing Grid-points...  (time:0.003s)

List of Points:
Points -> Fixed-Boundary particles:
  block[  0] (mk: 17):  24161  -->   24161
Points -> Fluid particles:
  block[  1] (mk:  1):  60060  -->   60060

Particle summary:
  Fixed....: 24,161  id:(0-24160)   MKs:1 (17)
  Moving...: 0
  Floating.: 0
  Fluid....: 60,060  id:(24161-84220)   MKs:1 (1)

Total particles: 84,221 (bound=24161 (fx=24161 mv=0 ft=0) fluid=60060)
Total MK blocks: 2 (bound=1 (fx=1 mv=0 ft=0) fluid=1)

Maximum depth: 0.51 (automatic)
Speed of system: 2.23676 (automatic)
Speed of sound: max(coefsound*speedsystem,10*sqrt(g*depth))
Speed of sound: 44.7352 max(44.7352,22.3676)
Speed of sound: 44.7352 (automatic)

Coefh:1.000000 (hdp:1.732051)

[PreparePoints-End  time:0.028s]

[SaveCase3D]
/home/jade/Projects/DualSPHysics/lagrangian-fluid-lab/campaigns/l1-qualification/artifacts/W2-A-boundary-mdbc/L1_W2_A_BOUNDARY_MDBC_h11_fine_dp0p01_cfl005/generated/L1_W2_A_BOUNDARY_MDBC_h11_fine_dp0p01_cfl005_MkCells.vtk  (time:0.000s, shapes:20, points:80)
/home/jade/Projects/DualSPHysics/lagrangian-fluid-lab/campaigns/l1-qualification/artifacts/W2-A-boundary-mdbc/L1_W2_A_BOUNDARY_MDBC_h11_fine_dp0p01_cfl005/generated/L1_W2_A_BOUNDARY_MDBC_h11_fine_dp0p01_cfl005.bi4<double>  (time:0.002s)
/home/jade/Projects/DualSPHysics/lagrangian-fluid-lab/campaigns/l1-qualification/artifacts/W2-A-boundary-mdbc/L1_W2_A_BOUNDARY_MDBC_h11_fine_dp0p01_cfl005/generated/L1_W2_A_BOUNDARY_MDBC_h11_fine_dp0p01_cfl005_All.vtk  (time: 0.005s)
/home/jade/Projects/DualSPHysics/lagrangian-fluid-lab/campaigns/l1-qualification/artifacts/W2-A-boundary-mdbc/L1_W2_A_BOUNDARY_MDBC_h11_fine_dp0p01_cfl005/generated/L1_W2_A_BOUNDARY_MDBC_h11_fine_dp0p01_cfl005_Bound.vtk  (time: 0.001s)
/home/jade/Projects/DualSPHysics/lagrangian-fluid-lab/campaigns/l1-qualification/artifacts/W2-A-boundary-mdbc/L1_W2_A_BOUNDARY_MDBC_h11_fine_dp0p01_cfl005/generated/L1_W2_A_BOUNDARY_MDBC_h11_fine_dp0p01_cfl005_Fluid.vtk  (time: 0.002s)
/home/jade/Projects/DualSPHysics/lagrangian-fluid-lab/campaigns/l1-qualification/artifacts/W2-A-boundary-mdbc/L1_W2_A_BOUNDARY_MDBC_h11_fine_dp0p01_cfl005/generated/L1_W2_A_BOUNDARY_MDBC_h11_fine_dp0p01_cfl005.xml  (time:0.000s)
 
Computing normals...
  Evaluating 24,161 particles with 5 shapes (distance 2x H = 0.034641).
  Time for computing 24,725 normals: 0.003s   Max.Memory: 3.33 MiB
  Non-zero particle normals: 24,161/24,161    Normals size range: (0.005000 - 0.008660).
  Final zero normals: 0/24,161 (0.0%)   Maximum normal: 0.00866025 (0.50 x h)

Save files time: 0.028s

Particle limits:
  X range: 0 to 1.2 [m]
  Y range: 0 to 0.4 [m]
  Z range: 0 to 0.6 [m]

[SaveCase3D-End  time:0.032s]


Time of execution: 0.095 sec. (16 threads)

Finished execution (code=0).

