

 <GENCASE>  Copyright (c) 2025 by Dr Jose M. Dominguez
 All rights reserved.

 GenCase is a free tool for DualSPHysics simulations.
 DualSPHysics project is an international collaboration between
 University of Vigo (Spain) and University of Manchester (UK).

 Redistribution and use in binary form, without modification, are
 permitted provided that the following conditions are met:
 * Redistributions in binary form must reproduce the above copyright
   notice, this list of conditions and the following disclaimer in the
   documentation and/or other materials provided with the distribution.
 * Redistributions or modifications of source code are not permitted 
   unless expressly authorised, and must retain the above copyright 
   notice, this list of conditions and the following disclaimer.
 * Neither the name of the GenCase nor the names of its contributors
   may be used to endorse or promote products derived from this software
   without specific prior written permission.

 THIS SOFTWARE IS PROVIDED BY THE COPYRIGHT HOLDERS AND CONTRIBUTORS "AS IS"
 AND ANY EXPRESS OR IMPLIED WARRANTIES, INCLUDING, BUT NOT LIMITED TO, THE
 IMPLIED WARRANTIES OF MERCHANTABILITY AND FITNESS FOR A PARTICULAR PURPOSE
 ARE DISCLAIMED. IN NO EVENT SHALL THE COPYRIGHT OWNER BE LIABLE FOR ANY
 DIRECT, INDIRECT, INCIDENTAL, SPECIAL, EXEMPLARY, OR CONSEQUENTIAL DAMAGES
 (INCLUDING, BUT NOT LIMITED TO, PROCUREMENT OF SUBSTITUTE GOODS OR SERVICES;
 LOSS OF USE, DATA, OR PROFITS; OR BUSINESS INTERRUPTION) HOWEVER CAUSED AND
 ON ANY THEORY OF LIABILITY, WHETHER IN CONTRACT, STRICT LIABILITY, OR TORT
 (INCLUDING NEGLIGENCE OR OTHERWISE) ARISING IN ANY WAY OUT OF THE USE OF
 THIS SOFTWARE, EVEN IF ADVISED OF THE POSSIBILITY OF SUCH DAMAGE.


GenCase v5.4.354.01 (07-04-2025)
=================================
LoadDsphConfig> .../bin/linux/DsphConfig.xml
OmpThreads: 16

[LoadXMLInit]
List: GeometryForNormals
List: MAIN

Total operations: 22
[LoadXMLInit-End  time:0.000s]

[Draw]
List of available variables: Gravity_x=[0]  Gravity_y=[0]  Gravity_z=[-9.81]  Rhop0=[1000]  VResId=[0]  Dp=[0.0125]  PosMin_x=[-0.1]  PosMin_y=[-0.1]  PosMin_z=[-0.1]  PosMax_x=[1.3]  PosMax_y=[0.9]  PosMax_z=[0.9]  CaseName=["fixed_box_mdbc_fine"]  Data2D=[0]  Data2DPosy=[0]  H=[0.0216506]  MassBound=[0.00195313]  MassFluid=[0.00195313]

Mk size: 1 bytes
Case limits: (-0.1,-0.1,-0.1) - (1.3,0.9,0.9)
Distance between points (Dp): 0.0125
Reference position: (0,0,0)
Case domain: (0,0,0)-(111,79,79)
Domain points: 112 x 80 x 80 = 716,800
Case parts: 1 x 80z
Memory: 0.00 GiB  0.68 MiB  (716,800)

> MAIN
>> GeometryForNormals
FileShapes> hdp_Actual.vtk  shapes:11  points:16   (time:0.000s)
<< GeometryForNormals (8+2+1)
FileShapes> _Actual.vtk  shapes:21  points:32   (time:0.000s)
<MAIN (Operations= 16+6+2 = 24)

Triangles: 92 (0 ignored)
[Draw-End  time:0.006s]

[LoadsXMLConfig]
Execution parameters.
Initials configuration.
Floating bodies configuration.
Properties configuration.
Predefined motion configuration.
[LoadsXMLConfig-End  time:0.000s]

[PreparePoints]
Computing Vtk-Cells data...  (time:0.021s)
BitSizeTot: 23 (2 + 7+7+7)
Points loaded: 330,040
Sorting points by Z...
Sorting points by Mk...
Computing Grid-points...  (time:0.015s)

List of Points:
Points -> Fixed-Boundary particles:
  block[  0] (mk: 17):  83883  -->   83883
  block[  1] (mk: 18):   4096  -->    4096
Points -> Fluid particles:
  block[  2] (mk:  1): 242061  -->  242061

Particle summary:
  Fixed....: 87,979  id:(0-87978)   MKs:2 (17-18)
  Moving...: 0
  Floating.: 0
  Fluid....: 242,061  id:(87979-330039)   MKs:1 (1)

Total particles: 330,040 (bound=87979 (fx=87979 mv=0 ft=0) fluid=242061)
Total MK blocks: 3 (bound=2 (fx=2 mv=0 ft=0) fluid=1)

Maximum depth: 0.5625 (automatic)
Speed of system: 2.34907 (automatic)
Speed of sound: max(coefsound*speedsystem,10*sqrt(g*depth))
Speed of sound: 46.9814 max(46.9814,23.4907)
Speed of sound: 46.9814 (automatic)

Coefh:1.000000 (hdp:1.732051)

[PreparePoints-End  time:0.039s]

[SaveCase3D]
/home/jade/Projects/DualSPHysics/lagrangian-fluid-lab/campaigns/v0.1-candidate/cases/r3-fixed-box-force-gauge/generated/fixed_box_mdbc_fine/fixed_box_mdbc_fine_MkCells.vtk  (time:0.000s, shapes:32, points:128)
/home/jade/Projects/DualSPHysics/lagrangian-fluid-lab/campaigns/v0.1-candidate/cases/r3-fixed-box-force-gauge/generated/fixed_box_mdbc_fine/fixed_box_mdbc_fine.bi4<double>  (time:0.032s)
/home/jade/Projects/DualSPHysics/lagrangian-fluid-lab/campaigns/v0.1-candidate/cases/r3-fixed-box-force-gauge/generated/fixed_box_mdbc_fine/fixed_box_mdbc_fine_All.vtk  (time: 0.044s)
/home/jade/Projects/DualSPHysics/lagrangian-fluid-lab/campaigns/v0.1-candidate/cases/r3-fixed-box-force-gauge/generated/fixed_box_mdbc_fine/fixed_box_mdbc_fine_Bound.vtk  (time: 0.003s)
/home/jade/Projects/DualSPHysics/lagrangian-fluid-lab/campaigns/v0.1-candidate/cases/r3-fixed-box-force-gauge/generated/fixed_box_mdbc_fine/fixed_box_mdbc_fine_Fluid.vtk  (time: 0.012s)
/home/jade/Projects/DualSPHysics/lagrangian-fluid-lab/campaigns/v0.1-candidate/cases/r3-fixed-box-force-gauge/generated/fixed_box_mdbc_fine/fixed_box_mdbc_fine.xml  (time:0.001s)
 
Computing normals...
  Evaluating 87,979 particles with 11 shapes (distance 5x H = 0.108253).
  Time for computing 102,047 normals: 0.005s   Max.Memory: 5.59 MiB
  Non-zero particle normals: 87,979/87,979    Normals size range: (0.000000 - 0.160078).
  Final zero normals: 0/87,979 (0.0%)   Maximum normal: 0.160078 (7.39 x h)

Save files time: 0.150s

Particle limits:
  X range: -0.025 to 1.225 [m]
  Y range: -0.025 to 0.825 [m]
  Z range: -0.025 to 0.8 [m]

[SaveCase3D-End  time:0.170s]


Time of execution: 0.215 sec. (16 threads)

Finished execution (code=0).

