

 <DUALSPHYSICS5> Copyright (c) 2025 by
 Dr Jose M. Dominguez Alonso, Prof. Alejandro Crespo,
 Dr Georgios Fourtakas, Prof. Benedict Rogers,
 Dr Renato Vacondio, Dr Corrado Altomare,
 Dr Angelo Tafuni, Dr Orlando Garcia Feal,
 Dr Ivan Martinez Estevez, Dr Joseph O'Connor,
 Dr Aaron English, Dr Francesco Ricci,
 Prof. Moncho Gomez Gesteira, Prof. Peter Stansby

 EPHYSLAB Environmental Physics Laboratory, Universidade de Vigo
 School of Mechanical, Aerospace and Civil Engineering, University of Manchester

 DualSPHysics is free software: you can redistribute it and/or
 modify it under the terms of the GNU Lesser General Public License
 as published by the Free Software Foundation, either version 2.1 of
 the License, or (at your option) any later version.

 DualSPHysics is distributed in the hope that it will be useful,
 but WITHOUT ANY WARRANTY; without even the implied warranty of
 MERCHANTABILITY or FITNESS FOR A PARTICULAR PURPOSE.  See the
 GNU Lesser General Public License for more details.

 You should have received a copy of the GNU Lesser General Public License
 along with DualSPHysics. If not, see <http://www.gnu.org/licenses/>.

 Free download source files and documentation from DualSPHysics website (http://dual.sphysics.org).
 Full list of developers and contributors is available at https://dual.sphysics.org/developers
 Properly cite the use of DualSPHysics (Dominguez et al., 2022) (https://dual.sphysics.org/references).


DualSPHysics5 v5.4.355 (08-04-2025)
====================================
LoadDsphConfig> .../bin/linux/DsphConfig.xml
[CUDA Capable device(s)]
  Detected 8 CUDA Capable device(s)
  CUDA Driver Version / Runtime Version: 13.2 / 12.8
 
Device 0: "NVIDIA RTX 6000 Ada Generation"
  CUDA Capability Major....: 8.9
  Global memory............: 48511 MiB
  CUDA Cores...............: 18176 (142 Multiprocessors, 128 CUDA Cores/MP)
  GPU Max Clock rate.......: 2505 MHz (2.50 GHz)
  Memory Clock rate........: 10001 Mhz
  Memory Bus Width.........: 384-bit
  L2 Cache Size............: 98304 KiB
  Constant memory..........: 64 KiB
  Shared memory per block..: 48 KiB
  Registers per block......: 65536
  Maximum threads per MP...: 1536
  Maximum threads per block: 1024
  Concurrent copy and kernel execution....: Yes with 2 copy engine(s)
  Run time limit on kernels...............: Yes
  Integrated GPU sharing Host Memory......: No
  Support host page-locked memory mapping.: Yes
  Device has ECC support..................: Disabled
  Device supports Unified Addressing (UVA): Yes
  Device PCI (Domain / Bus / location)....: 0 / 33 / 0
  Device supports P2P and RDMA............: Yes
  Device supports P2P from/to GPUs........: 1,2,3,4,5,6,7
 
Device 1: "NVIDIA RTX 6000 Ada Generation"
  CUDA Capability Major....: 8.9
  Global memory............: 48511 MiB
  CUDA Cores...............: 18176 (142 Multiprocessors, 128 CUDA Cores/MP)
  GPU Max Clock rate.......: 2505 MHz (2.50 GHz)
  Memory Clock rate........: 10001 Mhz
  Memory Bus Width.........: 384-bit
  L2 Cache Size............: 98304 KiB
  Constant memory..........: 64 KiB
  Shared memory per block..: 48 KiB
  Registers per block......: 65536
  Maximum threads per MP...: 1536
  Maximum threads per block: 1024
  Concurrent copy and kernel execution....: Yes with 2 copy engine(s)
  Run time limit on kernels...............: Yes
  Integrated GPU sharing Host Memory......: No
  Support host page-locked memory mapping.: Yes
  Device has ECC support..................: Disabled
  Device supports Unified Addressing (UVA): Yes
  Device PCI (Domain / Bus / location)....: 0 / 64 / 0
  Device supports P2P and RDMA............: Yes
  Device supports P2P from/to GPUs........: 0,2,3,4,5,6,7
 
Device 2: "NVIDIA RTX 6000 Ada Generation"
  CUDA Capability Major....: 8.9
  Global memory............: 48511 MiB
  CUDA Cores...............: 18176 (142 Multiprocessors, 128 CUDA Cores/MP)
  GPU Max Clock rate.......: 2505 MHz (2.50 GHz)
  Memory Clock rate........: 10001 Mhz
  Memory Bus Width.........: 384-bit
  L2 Cache Size............: 98304 KiB
  Constant memory..........: 64 KiB
  Shared memory per block..: 48 KiB
  Registers per block......: 65536
  Maximum threads per MP...: 1536
  Maximum threads per block: 1024
  Concurrent copy and kernel execution....: Yes with 2 copy engine(s)
  Run time limit on kernels...............: Yes
  Integrated GPU sharing Host Memory......: No
  Support host page-locked memory mapping.: Yes
  Device has ECC support..................: Disabled
  Device supports Unified Addressing (UVA): Yes
  Device PCI (Domain / Bus / location)....: 0 / 65 / 0
  Device supports P2P and RDMA............: Yes
  Device supports P2P from/to GPUs........: 0,1,3,4,5,6,7
 
Device 3: "NVIDIA RTX 6000 Ada Generation"
  CUDA Capability Major....: 8.9
  Global memory............: 48511 MiB
  CUDA Cores...............: 18176 (142 Multiprocessors, 128 CUDA Cores/MP)
  GPU Max Clock rate.......: 2505 MHz (2.50 GHz)
  Memory Clock rate........: 10001 Mhz
  Memory Bus Width.........: 384-bit
  L2 Cache Size............: 98304 KiB
  Constant memory..........: 64 KiB
  Shared memory per block..: 48 KiB
  Registers per block......: 65536
  Maximum threads per MP...: 1536
  Maximum threads per block: 1024
  Concurrent copy and kernel execution....: Yes with 2 copy engine(s)
  Run time limit on kernels...............: Yes
  Integrated GPU sharing Host Memory......: No
  Support host page-locked memory mapping.: Yes
  Device has ECC support..................: Disabled
  Device supports Unified Addressing (UVA): Yes
  Device PCI (Domain / Bus / location)....: 0 / 66 / 0
  Device supports P2P and RDMA............: Yes
  Device supports P2P from/to GPUs........: 0,1,2,4,5,6,7
 
Device 4: "NVIDIA RTX 6000 Ada Generation"
  CUDA Capability Major....: 8.9
  Global memory............: 48511 MiB
  CUDA Cores...............: 18176 (142 Multiprocessors, 128 CUDA Cores/MP)
  GPU Max Clock rate.......: 2505 MHz (2.50 GHz)
  Memory Clock rate........: 10001 Mhz
  Memory Bus Width.........: 384-bit
  L2 Cache Size............: 98304 KiB
  Constant memory..........: 64 KiB
  Shared memory per block..: 48 KiB
  Registers per block......: 65536
  Maximum threads per MP...: 1536
  Maximum threads per block: 1024
  Concurrent copy and kernel execution....: Yes with 2 copy engine(s)
  Run time limit on kernels...............: Yes
  Integrated GPU sharing Host Memory......: No
  Support host page-locked memory mapping.: Yes
  Device has ECC support..................: Disabled
  Device supports Unified Addressing (UVA): Yes
  Device PCI (Domain / Bus / location)....: 0 / 157 / 0
  Device supports P2P and RDMA............: Yes
  Device supports P2P from/to GPUs........: 0,1,2,3,5,6,7
 
Device 5: "NVIDIA RTX 6000 Ada Generation"
  CUDA Capability Major....: 8.9
  Global memory............: 48511 MiB
  CUDA Cores...............: 18176 (142 Multiprocessors, 128 CUDA Cores/MP)
  GPU Max Clock rate.......: 2505 MHz (2.50 GHz)
  Memory Clock rate........: 10001 Mhz
  Memory Bus Width.........: 384-bit
  L2 Cache Size............: 98304 KiB
  Constant memory..........: 64 KiB
  Shared memory per block..: 48 KiB
  Registers per block......: 65536
  Maximum threads per MP...: 1536
  Maximum threads per block: 1024
  Concurrent copy and kernel execution....: Yes with 2 copy engine(s)
  Run time limit on kernels...............: Yes
  Integrated GPU sharing Host Memory......: No
  Support host page-locked memory mapping.: Yes
  Device has ECC support..................: Disabled
  Device supports Unified Addressing (UVA): Yes
  Device PCI (Domain / Bus / location)....: 0 / 158 / 0
  Device supports P2P and RDMA............: Yes
  Device supports P2P from/to GPUs........: 0,1,2,3,4,6,7
 
Device 6: "NVIDIA RTX 6000 Ada Generation"
  CUDA Capability Major....: 8.9
  Global memory............: 48511 MiB
  CUDA Cores...............: 18176 (142 Multiprocessors, 128 CUDA Cores/MP)
  GPU Max Clock rate.......: 2505 MHz (2.50 GHz)
  Memory Clock rate........: 10001 Mhz
  Memory Bus Width.........: 384-bit
  L2 Cache Size............: 98304 KiB
  Constant memory..........: 64 KiB
  Shared memory per block..: 48 KiB
  Registers per block......: 65536
  Maximum threads per MP...: 1536
  Maximum threads per block: 1024
  Concurrent copy and kernel execution....: Yes with 2 copy engine(s)
  Run time limit on kernels...............: Yes
  Integrated GPU sharing Host Memory......: No
  Support host page-locked memory mapping.: Yes
  Device has ECC support..................: Disabled
  Device supports Unified Addressing (UVA): Yes
  Device PCI (Domain / Bus / location)....: 0 / 173 / 0
  Device supports P2P and RDMA............: Yes
  Device supports P2P from/to GPUs........: 0,1,2,3,4,5,7
 
Device 7: "NVIDIA RTX 6000 Ada Generation"
  CUDA Capability Major....: 8.9
  Global memory............: 48511 MiB
  CUDA Cores...............: 18176 (142 Multiprocessors, 128 CUDA Cores/MP)
  GPU Max Clock rate.......: 2505 MHz (2.50 GHz)
  Memory Clock rate........: 10001 Mhz
  Memory Bus Width.........: 384-bit
  L2 Cache Size............: 98304 KiB
  Constant memory..........: 64 KiB
  Shared memory per block..: 48 KiB
  Registers per block......: 65536
  Maximum threads per MP...: 1536
  Maximum threads per block: 1024
  Concurrent copy and kernel execution....: Yes with 2 copy engine(s)
  Run time limit on kernels...............: Yes
  Integrated GPU sharing Host Memory......: No
  Support host page-locked memory mapping.: Yes
  Device has ECC support..................: Disabled
  Device supports Unified Addressing (UVA): Yes
  Device PCI (Domain / Bus / location)....: 0 / 174 / 0
  Device supports P2P and RDMA............: Yes
  Device supports P2P from/to GPUs........: 0,1,2,3,4,5,6
 
[GPU Hardware]
Device selected: 4 "NVIDIA RTX 6000 Ada Generation"
Compute capability: 8.9
Memory global: 48510 MiB
Memory shared: 49152 Bytes
 

[Initialising JSphGpuSingle  07-09-2026 20:24:53]
ProgramFile=".../bin/linux/DualSPHysics5.4_linux64"
Available features: Project Chrono coupling, MoorDynPlus coupling, Wave generation, FlexStruc, mDBC no-slip, GPU execution, OpenMP execution.
ExecutionDir=".../jade/Projects/DualSPHysics"
XmlFile=".../generated/fixed_box_mdbc_fine/fixed_box_mdbc_fine.xml"
OutputDir=".../r3-fixed-box-force-gauge/runs/mdbc-probe-fine-root"
OutputDataDir=".../runs/mdbc-probe-fine-root/data"
XML-App: GenCase v5.4.354.01 (07-04-2025)
**Basic case configuration is loaded
**Special case configuration is loaded
Loading initial state of particles...
Loaded particles: 330,040
MapRealPos(border)=(-0.0260825,-0.0260825,-0.0260825)-(1.22608,0.826083,0.801083)
MapRealPos(final)=(-0.339124,-0.239124,-0.232874)-(1.53912,1.03912,1.42146)
**Initial state of particles is loaded
PosCellCode="13_10_9 (8192,1024,512)"
PosCellSize=0.043301  (1 x KernelSize)
**3D-Simulation parameters:
CaseName="fixed_box_mdbc_fine"
RunName="fixed_box_mdbc_fine"
SavePosDouble=False
SvExtraParts=""
SaveFtAce=False
SvTimers=True
Boundary="mDBC"
  SlipMode="DBC vel=0"
  mDBC-Corrector=False
  No Penetration=False
StepAlgorithm="Symplectic"
Kernel="Wendland"
  Wendland.awen=41165.72
  Wendland.bwenh=-4.391032e+08
Viscosity="Artificial"
  Visco=0.01
  ViscoBoundFactor=1
DensityDiffusion="Fourtakas et al 2019 (inner)"
  DensityDiffusionValue=0.1
Shifting="None"
RigidAlgorithm="None"
FloatingCount=0
CaseNp=330,040
CaseNbound=87,979
CaseNfixed=87,979
CaseNmoving=0
CaseNfloat=0
CaseNfluid=242,061
PeriodicActive="None"
Dp=0.0125
KernelH=0.021651  (CoefficientH=1; H/Dp=1.73205)
KernelSize=0.04330127
CteB=315321.4
Gamma=7
RhopZero=1000
Cs0=46.98137995525461
CFLnumber=0.2
DtIni=0.0004608343715455052
DtMin=2.304171892062362e-05
DtAllParticles=False
MassFluid=0.001953125
MassBound=0.001953125
TimeMax=0.8
TimePart=0.005
Gravity=(0,0,-9.81)
RhopOut=True
RhopOutMin=700
RhopOutMax=1300
WrnPartsOut=True
MinFluidStop=0
NpfMinimum=0
CellMode="Full"
ScellDiv=1
MapCells=(44,30,39)  (51,480 cells)
CellDomFixed=False
DomCells=(44,30,39)  (51,480 cells)
DomCellCode="1+11_10_10"
 
BlockSize calculation mode: Fixed.
  BsForcesBound=128 (39 regs)
  BsForcesFluid=128 (56 regs)
 
**CellDiv: Requested gpu memory for 346,670 particles (over-allocation: 1.05X): 5.3 MiB (1 times).
**CellDiv: Requested GPU memory for 51,480 cells (over-allocation: 5.55X): 0.8 MiB (1 times).
 
RunMode="Pos-Cell - Single-GPU"
 
Particle summary:
  Fixed....: 87,979  id:(0-87978)   MKs:2 (17-18)
  Moving...: 0
  Floating.: 0
  Fluid....: 242,061  id:(87979-330039)   MKs:1 (1)

Total particles: 330,040 (bound=87979 (fx=87979 mv=0 ft=0) fluid=242061)
Total MK blocks: 3 (bound=2 (fx=2 mv=0 ft=0) fluid=1)
 
GaugeSystem configuration:
Guage_0: 'BoxForce'
  Type.......: Force
  Compute....: 0 - 0.8   dt:0.0025
  Output.....: 0 - 0.8   dt:0.0025
  SaveVtkPart: False
  MkBound.....: 1 (Fixed particles)
  Particles id: 83883 - 87978
 

Initial allocated memory in CPU: 33,723,216 (32.16 MiB)  (10 particle arrays)
Initial allocated memory in GPU: 52,627,648 (50.19 MiB)  (15 particle arrays)
Part_0000        330,040 (100.0%) particles successfully stored

[Initialising simulation (d65bxign)  07-09-2026 20:24:53]
PART   PartTime   TotalSteps   Steps    Particles    Cells        Time/Sec   Finish time        
=====  =========  ===========  =======  ===========  ===========  =========  ===================
**Updated allocated memory in CPU: 29,761,200 (28.38 MiB)  (9 particle arrays)
**Updated allocated memory in GPU: 65,834,368 (62.78 MiB)  (18 particle arrays)
00001   0.005041           51       52      330,040        9,280      32.38  07-09-2026 20:25:18
00002   0.010060          106       55      330,040        9,280      37.03  07-09-2026 20:25:21
00003   0.015057          161       55      330,040        9,280      34.21  07-09-2026 20:25:21
00004   0.020070          216       55      330,040        9,280      36.36  07-09-2026 20:25:21
00005   0.025076          271       55      330,040        9,280      39.50  07-09-2026 20:25:21
00006   0.030071          326       55      330,040        9,280      39.26  07-09-2026 20:25:22
00007   0.035083          381       55      330,040        9,280      40.88  07-09-2026 20:25:23
00008   0.040088          436       55      330,040        9,280      34.91  07-09-2026 20:25:22
00009   0.045065          492       56      330,040        9,860      36.89  07-09-2026 20:25:22
00010   0.050065          549       57      330,040        9,860      59.19  07-09-2026 20:25:24
00011   0.055045          606       57      330,040        9,280      38.99  07-09-2026 20:25:24
00012   0.060024          663       57      330,040        9,280      38.29  07-09-2026 20:25:24
00013   0.065032          721       58      330,040       10,080      42.39  07-09-2026 20:25:24
00014   0.070055          779       58      330,040       10,080      36.26  07-09-2026 20:25:24
00015   0.075017          836       57      330,040       10,080      42.94  07-09-2026 20:25:24
00016   0.080029          913       77      330,040       10,080      46.84  07-09-2026 20:25:24
00017   0.085039          987       74      330,040       10,080      46.73  07-09-2026 20:25:25
00018   0.090048        1,058       71      330,040       10,080      44.29  07-09-2026 20:25:25
00019   0.095036        1,139       81      330,040       10,080      50.54  07-09-2026 20:25:25
00020   0.100011        1,262      123      330,040       10,080      90.80  07-09-2026 20:25:28
00021   0.105027        1,391      129      330,040       10,080      78.94  07-09-2026 20:25:29
00022   0.110017        1,503      112      330,040       10,080      75.93  07-09-2026 20:25:30
00023   0.115017        1,611      108      330,040       10,080      70.77  07-09-2026 20:25:31
00024   0.120005        1,724      113      330,040       10,080      70.54  07-09-2026 20:25:32
00025   0.125028        1,840      116      330,040       10,080      87.28  07-09-2026 20:25:32
00026   0.130035        1,954      114      330,040       10,080      72.10  07-09-2026 20:25:34
00027   0.135028        2,062      108      330,040       10,080      70.72  07-09-2026 20:25:34
00028   0.140024        2,166      104      330,040       10,710      64.80  07-09-2026 20:25:35
00029   0.145021        2,278      112      330,040       10,710      70.86  07-09-2026 20:25:35
00030   0.150018        2,377       99      330,040       11,340      61.13  07-09-2026 20:25:35
00031   0.155054        2,458       81      330,040       11,340      49.94  07-09-2026 20:25:35
00032   0.160012        2,545       87      330,040       11,340      72.92  07-09-2026 20:25:36
00033   0.165033        2,630       85      330,040       11,970      52.53  07-09-2026 20:25:36
00034   0.170024        2,715       85      330,040       11,970      56.48  07-09-2026 20:25:35
00035   0.175045        2,802       87      330,040       12,600      53.82  07-09-2026 20:25:36
00036   0.180021        2,886       84      330,040       12,600      51.64  07-09-2026 20:25:36
00037   0.185030        2,962       76      330,040       12,600      46.38  07-09-2026 20:25:35
00038   0.190019        3,038       76      330,040       12,600      47.07  07-09-2026 20:25:35
00039   0.195063        3,114       76      330,040       12,600      51.13  07-09-2026 20:25:36
00040   0.200052        3,196       82      330,040       12,600      67.31  07-09-2026 20:25:36
00041   0.205003        3,271       75      330,040       13,230      47.03  07-09-2026 20:25:35
00042   0.210005        3,364       93      330,040       13,230      61.19  07-09-2026 20:25:35
00043   0.215002        3,484      120      330,040       13,230      74.94  07-09-2026 20:25:36
00044   0.220041        3,609      125      330,040       13,860      75.65  07-09-2026 20:25:36
00045   0.225007        3,708       99      330,040       13,860      60.93  07-09-2026 20:25:37
00046   0.230013        3,812      104      330,040       13,860      79.91  07-09-2026 20:25:37
00047   0.235032        3,927      115      330,040       14,490      71.71  07-09-2026 20:25:37
00048   0.240002        4,034      107      330,040       14,490      64.73  07-09-2026 20:25:38
00049   0.245010        4,131       97      330,040       14,490      58.93  07-09-2026 20:25:37
00050   0.250025        4,218       87      330,040       15,120      53.14  07-09-2026 20:25:37
00051   0.255046        4,300       82      330,040       15,120      49.71  07-09-2026 20:25:37
00052   0.260001        4,377       77      330,040       15,120      47.54  07-09-2026 20:25:37
00053   0.265015        4,458       81      330,040       15,750      49.56  07-09-2026 20:25:37
00054   0.270042        4,533       75      330,040       15,750      60.62  07-09-2026 20:25:37
00055   0.275049        4,602       69      330,040       15,750      45.78  07-09-2026 20:25:37
00056   0.280035        4,672       70      330,040       15,750      43.41  07-09-2026 20:25:37
00057   0.285033        4,739       67      330,040       16,380      42.65  07-09-2026 20:25:37
00058   0.290011        4,804       65      330,040       16,380      40.80  07-09-2026 20:25:36
00059   0.295027        4,870       66      330,040       16,380      41.30  07-09-2026 20:25:36
00060   0.300041        4,948       78      330,040       16,380      50.49  07-09-2026 20:25:37
00061   0.305039        5,021       73      330,040       17,010      47.26  07-09-2026 20:25:36
00062   0.310049        5,099       78      330,040       17,010      49.43  07-09-2026 20:25:36
00063   0.315036        5,169       70      330,040       17,010      60.82  07-09-2026 20:25:36
00064   0.320031        5,263       94      330,040       17,010      61.66  07-09-2026 20:25:37
00065   0.325016        5,351       88      330,040       17,640      54.25  07-09-2026 20:25:36
00066   0.330031        5,423       72      330,040       17,640      44.44  07-09-2026 20:25:36
00067   0.335072        5,503       80      330,040       17,640      49.33  07-09-2026 20:25:36
00068   0.340013        5,574       71      330,040       19,320      45.47  07-09-2026 20:25:36
00069   0.345036        5,648       74      330,040       19,320      45.92  07-09-2026 20:25:36
00070   0.350064        5,716       68      330,040       20,010      41.84  07-09-2026 20:25:36
00071   0.355049        5,781       65      330,040       20,010      40.97  07-09-2026 20:25:35
00072   0.360001        5,847       66      330,040       20,010      65.17  07-09-2026 20:25:36
00073   0.365059        5,914       67      330,040       20,010      40.71  07-09-2026 20:25:36
00074   0.370013        5,980       66      330,040       20,010      41.92  07-09-2026 20:25:35
00075   0.375074        6,049       69      330,040       20,010      42.12  07-09-2026 20:25:35
00076   0.380041        6,117       68      330,040       20,700      43.06  07-09-2026 20:25:35
00077   0.385025        6,183       66      330,040       20,700      40.58  07-09-2026 20:25:35
00078   0.390008        6,248       65      330,040       20,700      40.04  07-09-2026 20:25:35
00079   0.395003        6,312       64      330,040       20,700      39.40  07-09-2026 20:25:35
00080   0.400020        6,380       68      330,040       20,700      41.36  07-09-2026 20:25:34
00081   0.405056        6,454       74      330,040       21,600      44.92  07-09-2026 20:25:34
00082   0.410013        6,523       69      330,040       21,600      72.19  07-09-2026 20:25:35
00083   0.415074        6,596       73      330,040       23,250      44.19  07-09-2026 20:25:35
00084   0.420051        6,671       75      330,040       23,250      46.01  07-09-2026 20:25:34
00085   0.425013        6,738       67      330,040       23,250      41.21  07-09-2026 20:25:34
00086   0.430038        6,805       67      330,040       23,250      40.57  07-09-2026 20:25:35
00087   0.435060        6,874       69      330,040       23,250      42.14  07-09-2026 20:25:34
00088   0.440015        6,939       65      330,040       23,250      40.87  07-09-2026 20:25:34
00089   0.445071        7,004       65      330,040       23,250      39.85  07-09-2026 20:25:34
00090   0.450052        7,071       67      330,040       23,250      42.51  07-09-2026 20:25:34
00091   0.455030        7,134       63      330,040       23,250      43.30  07-09-2026 20:25:34
00092   0.460012        7,199       65      330,040       23,250      55.02  07-09-2026 20:25:34
00093   0.465070        7,264       65      330,040       23,250      40.80  07-09-2026 20:25:34
00094   0.470036        7,327       63      330,040       24,180      39.20  07-09-2026 20:25:33
00095   0.475029        7,393       66      330,040       24,960      40.85  07-09-2026 20:25:34
00096   0.480047        7,458       65      330,040       24,960      40.01  07-09-2026 20:25:34
00097   0.485051        7,523       65      330,040       24,960      40.16  07-09-2026 20:25:34
00098   0.490056        7,587       64      330,040       25,920      39.99  07-09-2026 20:25:33
00099   0.495046        7,652       65      330,040       25,920      40.00  07-09-2026 20:25:33
00100   0.500068        7,717       65      330,040       25,920      39.58  07-09-2026 20:25:34
00101   0.505070        7,782       65      330,040       25,920      43.09  07-09-2026 20:25:33
00102   0.510052        7,845       63      330,040       25,920      58.79  07-09-2026 20:25:33
00103   0.515006        7,908       63      330,040       25,920      39.25  07-09-2026 20:25:33
00104   0.520026        7,971       63      330,040       25,920      38.49  07-09-2026 20:25:33
00105   0.525031        8,034       63      330,040       25,920      38.62  07-09-2026 20:25:33
00106   0.530002        8,096       62      330,040       25,920      41.93  07-09-2026 20:25:33
00107   0.535003        8,161       65      330,040       26,880      40.42  07-09-2026 20:25:33
00108   0.540007        8,224       63      330,040       26,880      39.72  07-09-2026 20:25:33
00109   0.545042        8,287       63      330,040       26,040      38.56  07-09-2026 20:25:32
00110   0.550065        8,350       63      330,040       26,040      44.60  07-09-2026 20:25:33
00111   0.555079        8,412       62      330,040       26,040      37.91  07-09-2026 20:25:33
00112   0.560078        8,474       62      330,040       26,040      38.44  07-09-2026 20:25:32
00113   0.565060        8,537       63      330,040       26,970      52.18  07-09-2026 20:25:32
00114   0.570010        8,599       62      330,040       26,970      36.72  07-09-2026 20:25:33
00115   0.575078        8,662       63      330,040       26,970      36.45  07-09-2026 20:25:33
00116   0.580048        8,723       61      330,040       26,970      35.97  07-09-2026 20:25:32
00117   0.585005        8,785       62      330,040       26,970      37.02  07-09-2026 20:25:32
00118   0.590015        8,848       63      330,040       26,970      36.63  07-09-2026 20:25:32
00119   0.595032        8,910       62      330,039       26,970      36.63  07-09-2026 20:25:32
  Particles out: 1  (total out: 1)  -  Current np: 330,039
00120   0.600014        8,971       61      330,039       26,970      35.68  07-09-2026 20:25:32
00121   0.605062        9,036       65      330,039       26,970      40.58  07-09-2026 20:25:32
00122   0.610023        9,098       62      330,034       26,970      36.68  07-09-2026 20:25:32
  Particles out: 5  (total out: 6)  -  Current np: 330,034
00123   0.615021        9,161       63      330,033       23,250      36.47  07-09-2026 20:25:32
  Particles out: 1  (total out: 7)  -  Current np: 330,033
00124   0.620037        9,225       64      330,033       23,250      55.74  07-09-2026 20:25:31
00125   0.625059        9,286       61      330,033       23,250      38.13  07-09-2026 20:25:32
00126   0.630028        9,347       61      330,033       22,500      38.26  07-09-2026 20:25:32
00127   0.635067        9,408       61      330,033       22,500      37.83  07-09-2026 20:25:32
00128   0.640028        9,469       61      330,033       22,500      38.69  07-09-2026 20:25:31
00129   0.645074        9,530       61      330,033       22,500      37.12  07-09-2026 20:25:31
00130   0.650000        9,589       59      330,033       22,500      38.37  07-09-2026 20:25:32
00131   0.655058        9,654       65      330,033       23,400      43.43  07-09-2026 20:25:31
00132   0.660017        9,714       60      330,033       22,620      40.50  07-09-2026 20:25:31
00133   0.665057        9,775       61      330,033       22,620      37.51  07-09-2026 20:25:31
00134   0.670024        9,837       62      330,033       22,620      40.35  07-09-2026 20:25:31
00135   0.675067        9,899       62      330,033       22,620      85.06  07-09-2026 20:25:32
00136   0.680069        9,960       61      330,033       22,620      39.28  07-09-2026 20:25:31
00137   0.685023       10,021       61      330,033       22,620      42.28  07-09-2026 20:25:31
00138   0.690064       10,083       62      330,030       21,840      39.84  07-09-2026 20:25:31
  Particles out: 3  (total out: 10)  -  Current np: 330,030
00139   0.695036       10,144       61      330,029       21,840      41.21  07-09-2026 20:25:32
  Particles out: 1  (total out: 11)  -  Current np: 330,029
00140   0.700052       10,206       62      330,028       21,840      45.54  07-09-2026 20:25:31
  Particles out: 1  (total out: 12)  -  Current np: 330,028
00141   0.705058       10,268       62      330,028       21,840      38.89  07-09-2026 20:25:31
00142   0.710010       10,328       60      330,027       21,060      40.95  07-09-2026 20:25:31
  Particles out: 1  (total out: 13)  -  Current np: 330,027
00143   0.715074       10,389       61      330,026       21,060      36.97  07-09-2026 20:25:31
  Particles out: 1  (total out: 14)  -  Current np: 330,026
00144   0.720025       10,449       60      330,023       21,060      57.90  07-09-2026 20:25:31
  Particles out: 3  (total out: 17)  -  Current np: 330,023
00145   0.725048       10,511       62      330,022       21,060      39.68  07-09-2026 20:25:31
  Particles out: 1  (total out: 18)  -  Current np: 330,022
00146   0.730059       10,572       61      330,020       12,600      37.55  07-09-2026 20:25:31
  Particles out: 2  (total out: 20)  -  Current np: 330,020
00147   0.735027       10,634       62      330,020       11,970      38.59  07-09-2026 20:25:31
00148   0.740051       10,697       63      330,020       11,970      38.86  07-09-2026 20:25:31
00149   0.745070       10,759       62      330,020       11,970      38.43  07-09-2026 20:25:31
00150   0.750083       10,820       61      330,020       11,340      43.55  07-09-2026 20:25:31
00151   0.755050       10,880       60      330,020       11,340      38.20  07-09-2026 20:25:31
00152   0.760027       10,941       61      330,020       11,340      39.70  07-09-2026 20:25:30
00153   0.765008       11,002       61      330,020       10,710      38.54  07-09-2026 20:25:31
00154   0.770006       11,064       62      330,020       10,710      39.68  07-09-2026 20:25:31
00155   0.775078       11,127       63      330,020       10,710      57.54  07-09-2026 20:25:31
00156   0.780070       11,187       60      330,020       10,710      39.05  07-09-2026 20:25:30
00157   0.785039       11,248       61      330,020       10,710      42.25  07-09-2026 20:25:30
00158   0.790067       11,315       67      330,020       10,710      43.36  07-09-2026 20:25:31
00159   0.795042       11,377       62      330,020       10,710      39.44  07-09-2026 20:25:31
00160   0.800031       11,438       61      330,020       10,710      44.28  07-09-2026 20:25:31

[Simulation finished  07-09-2026 20:25:31]
Particles of simulation (initial): 330,040
DTs adjusted to DtMin............: 0
Excluded particles...............: 20
Total Runtime....................: 38.155083 sec.
Simulation Runtime...............: 37.828716 sec.
Runtime per physical second......: 47.284035 sec.
Steps per second.................: 302.362885
Steps of simulation..............: 11,438
PART files.......................: 161
Maximum number of particles......: 330,040
Maximum number of cells..........: 26,970
CPU Memory.......................: 33,723,216 (32.16 MiB)
GPU Memory.......................: 65,834,368 (62.78 MiB)
GPU Memory (for cells)...........: 823,720 (0.79 MiB)
 
[GPU Timers]
VA-Init..........................: 0.326369 sec.
NL-Limits........................: 0.694633 sec.
NL-PreSort.......................: 0.081034 sec.
NL-RadixSort.....................: 8.328225 sec.
NL-CellBegin.....................: 0.598185 sec.
NL-SortData......................: 1.061496 sec.
NL-OutCheck......................: 0.000964 sec.
CF-PreForces.....................: 0.910339 sec.
CF-PreMDBC.......................: 4.023021 sec.
CF-Forces........................: 18.975255 sec.
SU-Shifting......................: 0 sec.
SU-ComputeStep...................: 0.857222 sec.
SU-Floating......................: 0 sec.
SU-Motion........................: 0 sec.
SU-Periodic......................: 0 sec.
SU-ResizeNp......................: 0 sec.
SU-DownData......................: 0.682507 sec.
SU-SavePart......................: 1.434152 sec.
SU-Chrono........................: 0 sec.
SU-Moorings......................: 0 sec.
SU-InOut.........................: 0 sec.
SU-Gauges........................: 0.136217 sec.
SU-FlexStruc.....................: 0 sec.
 
[Output files]
- CfgGauge_InitPoints.vtk.: Saves points used for gauge calculations (by JGaugeSystem).
- CfgInit_Domain.vtk......: Saves the limits of the case and the simulation domain limits.
- CfgInit_MapCells.vtk....: Saves the cell division of the simulation domain.
- CfgInit_Normals.vtk.....: Saves VTK file with initial normals (from boundary particles to boundary limit).
- CfgInit_NormalsGhost.vtk: Saves VTK file with initial normals (from boundary particles to ghost node).
- GaugesForce_BoxForce.csv: Saves Force data measured from boundary particles (by JGaugeForce).
- Run.csv.................: One line CSV file with execution parameters and other simulation data.
- Run.out.................: Log file of the simulation.
- RunPARTs.csv............: Saves extra information of simulated PARTs.
- data/PartInfo.ibi4......: Binary file with execution information for each instant (input for PartInfo program).
- data/PartOut_???.obi4...: Binary file with particles excluded during simulation (input for PartVtkOut program).
- data/Part_????.bi4......: Binary file with particle data in different instants.
- data/Part_Head.ibi4.....: Binary file with basic information of simulation data.
 
[References]
- Official solver reference DualSPHysics v5.0: J.M. Dominguez, G. Fourtakas,
    C. Altomare, R.B. Canelas, A. Tafuni, O. Garcia-Feal, I. Martinez-Estevez,
    A. Mokos, R. Vacondio, A.J.C. Crespo, B.D. Rogers, P.K. Stansby, M. Gomez-Gesteira.
    2022. DualSPHysics: from fluid dynamics to multiphysics problems.
    Computational Particle Mechanics, 9:867-895. doi: https://doi.org/10.1007/s40571-021-00404-2

- Optimised CPU multi-core and GPU implementation (Dominguez et al., 2013  https://doi.org/10.1016/j.cpc.2012.10.015)
- Modified Dynamic boundary conditions (English et al., 2021  https://doi.org/10.1007/s40571-021-00403-3)
- Density diffusion Term: Fourtakas (Fourtakas et al., 2019  https://doi.org/10.1016/j.compfluid.2019.06.009)
- Viscosity: Artificial (Monaghan, 1992  https://doi.org/10.1146/annurev.aa.30.090192.002551)
- Kernel: Quintic Wendland (Wendland, 1995  https://doi.org/10.1007/BF02123482)
- Time integration scheme: Symplectic (Leimkhuler, 1996  https://doi.org/10.1007/978-3-319-16375-8_1)

Finished execution (code=0).
