

 <GENCASE>  Copyright (c) 2025 by Dr Jose M. Dominguez
 All rights reserved.

 GenCase is a free tool for DualSPHysics simulations.
 DualSPHysics project is an international collaboration between
 University of Vigo (Spain) and University of Manchester (UK).

 Redistribution and use in binary form, without modification, are
 permitted provided that the following conditions are met:
 * Redistributions in binary form must reproduce the above copyright
   notice, this list of conditions and the following disclaimer in the
   documentation and/or other materials provided with the distribution.
 * Redistributions or modifications of source code are not permitted 
   unless expressly authorised, and must retain the above copyright 
   notice, this list of conditions and the following disclaimer.
 * Neither the name of the GenCase nor the names of its contributors
   may be used to endorse or promote products derived from this software
   without specific prior written permission.

 THIS SOFTWARE IS PROVIDED BY THE COPYRIGHT HOLDERS AND CONTRIBUTORS "AS IS"
 AND ANY EXPRESS OR IMPLIED WARRANTIES, INCLUDING, BUT NOT LIMITED TO, THE
 IMPLIED WARRANTIES OF MERCHANTABILITY AND FITNESS FOR A PARTICULAR PURPOSE
 ARE DISCLAIMED. IN NO EVENT SHALL THE COPYRIGHT OWNER BE LIABLE FOR ANY
 DIRECT, INDIRECT, INCIDENTAL, SPECIAL, EXEMPLARY, OR CONSEQUENTIAL DAMAGES
 (INCLUDING, BUT NOT LIMITED TO, PROCUREMENT OF SUBSTITUTE GOODS OR SERVICES;
 LOSS OF USE, DATA, OR PROFITS; OR BUSINESS INTERRUPTION) HOWEVER CAUSED AND
 ON ANY THEORY OF LIABILITY, WHETHER IN CONTRACT, STRICT LIABILITY, OR TORT
 (INCLUDING NEGLIGENCE OR OTHERWISE) ARISING IN ANY WAY OUT OF THE USE OF
 THIS SOFTWARE, EVEN IF ADVISED OF THE POSSIBILITY OF SUCH DAMAGE.


GenCase v5.4.354.01 (07-04-2025)
=================================
LoadDsphConfig> .../bin/linux/DsphConfig.xml
OmpThreads: 8

[LoadXMLInit]
List: GeometryForNormals
List: MAIN

Total operations: 15
[LoadXMLInit-End  time:0.000s]

[Draw]
List of available variables: Gravity_x=[0]  Gravity_y=[0]  Gravity_z=[-9.81]  Rhop0=[1000]  VResId=[0]  Dp=[0.04]  PosMin_x=[-0.2]  PosMin_y=[-0.2]  PosMin_z=[-0.2]  PosMax_x=[0.6]  PosMax_y=[0.5]  PosMax_z=[0.5]  CaseName=["canonical_rectangular"]  Data2D=[0]  Data2DPosy=[0]  H=[0.069282]  MassBound=[0.064]  MassFluid=[0.064]

Mk size: 1 bytes
Case limits: (-0.2,-0.2,-0.2) - (0.6,0.5,0.5)
Distance between points (Dp): 0.04
Reference position: (0,0,0)
Case domain: (0,0,0)-(19,16,16)
Domain points: 20 x 17 x 17 = 5,780
Case parts: 1 x 17z
Memory: 0.00 GiB  0.01 MiB  (5,780)

> MAIN
>> GeometryForNormals
FileShapes> hdp_Actual.vtk  shapes:5  points:8   (time:0.000s)
<< GeometryForNormals (6+1+1)
FileDbgDomains> lagrangian-fluid-lab/diagnostics/r3_f6_canonical_geometry/evidence/rectangular/generated/canonical_rectangular_dbg-fillbox.vtk  domains:1
FileShapes> _Actual.vtk  shapes:15  points:24   (time:0.000s)
<MAIN (Operations= 12+3+2 = 17)

Triangles: 40 (0 ignored)
[Draw-End  time:0.001s]

[LoadsXMLConfig]
Execution parameters.
Initials configuration.
Floating bodies configuration.
Properties configuration.
Predefined motion configuration.
[LoadsXMLConfig-End  time:0.000s]

[PreparePoints]
Computing Vtk-Cells data...  (time:0.001s)
BitSizeTot: 13 (1 + 4+4+4)
Points loaded: 1,917
Sorting points by Z...
Sorting points by Mk...
Computing Grid-points...  (time:0.000s)

List of Points:
Points -> Fixed-Boundary particles:
  block[  0] (mk: 17):   1476  -->    1476
Points -> Fluid particles:
  block[  1] (mk:  1):    441  -->     441

Particle summary:
  Fixed....: 1,476  id:(0-1475)   MKs:1 (17)
  Moving...: 0
  Floating.: 0
  Fluid....: 441  id:(1476-1916)   MKs:1 (1)

Total particles: 1,917 (bound=1476 (fx=1476 mv=0 ft=0) fluid=441)
Total MK blocks: 2 (bound=1 (fx=1 mv=0 ft=0) fluid=1)

Maximum depth: 0.24 (automatic)
Speed of system: 1.53441 (automatic)
Speed of sound: max(coefsound*speedsystem,10*sqrt(g*depth))
Speed of sound: 30.6881 max(30.6881,15.3441)
Speed of sound: 30.6881 (automatic)

Coefh:1.000000 (hdp:1.732051)

[PreparePoints-End  time:0.002s]

[SaveCase3D]
lagrangian-fluid-lab/diagnostics/r3_f6_canonical_geometry/evidence/rectangular/generated/canonical_rectangular_MkCells.vtk  (time:0.000s, shapes:20, points:80)
lagrangian-fluid-lab/diagnostics/r3_f6_canonical_geometry/evidence/rectangular/generated/canonical_rectangular.bi4<double>  (time:0.000s)
lagrangian-fluid-lab/diagnostics/r3_f6_canonical_geometry/evidence/rectangular/generated/canonical_rectangular_All.vtk  (time: 0.000s)
lagrangian-fluid-lab/diagnostics/r3_f6_canonical_geometry/evidence/rectangular/generated/canonical_rectangular_Bound.vtk  (time: 0.000s)
lagrangian-fluid-lab/diagnostics/r3_f6_canonical_geometry/evidence/rectangular/generated/canonical_rectangular_Fluid.vtk  (time: 0.000s)
lagrangian-fluid-lab/diagnostics/r3_f6_canonical_geometry/evidence/rectangular/generated/canonical_rectangular.xml  (time:0.000s)
 
Computing normals...
  Evaluating 1,476 particles with 5 shapes (distance 3x H = 0.207846).
  Time for computing 2,157 normals: 0.001s   Max.Memory: 1.25 MiB
  Non-zero particle normals: 1,476/1,476    Normals size range: (0.020000 - 0.173205).
  Final zero normals: 0/1,476 (0.0%)   Maximum normal: 0.173205 (2.50 x h)

Save files time: 0.003s

Particle limits:
  X range: -0.08 to 0.48 [m]
  Y range: -0.08 to 0.36 [m]
  Z range: -0.08 to 0.32 [m]

[SaveCase3D-End  time:0.004s]


Time of execution: 0.007 sec. (8 threads)

Finished execution (code=0).

