

 <DUALSPHYSICS5> Copyright (c) 2025 by
 Dr Jose M. Dominguez Alonso, Prof. Alejandro Crespo,
 Dr Georgios Fourtakas, Prof. Benedict Rogers,
 Dr Renato Vacondio, Dr Corrado Altomare,
 Dr Angelo Tafuni, Dr Orlando Garcia Feal,
 Dr Ivan Martinez Estevez, Dr Joseph O'Connor,
 Dr Aaron English, Dr Francesco Ricci,
 Prof. Moncho Gomez Gesteira, Prof. Peter Stansby

 EPHYSLAB Environmental Physics Laboratory, Universidade de Vigo
 School of Mechanical, Aerospace and Civil Engineering, University of Manchester

 DualSPHysics is free software: you can redistribute it and/or
 modify it under the terms of the GNU Lesser General Public License
 as published by the Free Software Foundation, either version 2.1 of
 the License, or (at your option) any later version.

 DualSPHysics is distributed in the hope that it will be useful,
 but WITHOUT ANY WARRANTY; without even the implied warranty of
 MERCHANTABILITY or FITNESS FOR A PARTICULAR PURPOSE.  See the
 GNU Lesser General Public License for more details.

 You should have received a copy of the GNU Lesser General Public License
 along with DualSPHysics. If not, see <http://www.gnu.org/licenses/>.

 Free download source files and documentation from DualSPHysics website (http://dual.sphysics.org).
 Full list of developers and contributors is available at https://dual.sphysics.org/developers
 Properly cite the use of DualSPHysics (Dominguez et al., 2022) (https://dual.sphysics.org/references).


DualSPHysics5 v5.4.355 (08-04-2025)
====================================
LoadDsphConfig> .../bin/linux/DsphConfig.xml
Threads by host for parallel execution: 64

[Initialising JSphCpuSingle  07-09-2026 19:45:16]
ProgramFile=".../bin/linux/DualSPHysics5.4CPU_linux64"
Available features: Project Chrono coupling, MoorDynPlus coupling, Wave generation, FlexStruc, mDBC no-slip, OpenMP execution.
ExecutionDir=".../jade/Projects/DualSPHysics"
XmlFile=".../rectangular/generated/canonical_rectangular.xml"
OutputDir=".../evidence/rectangular/solver"
OutputDataDir=".../rectangular/solver/data"
XML-App: GenCase v5.4.354.01 (07-04-2025)
**Basic case configuration is loaded
**Special case configuration is loaded
Loading initial state of particles...
Loaded particles: 1,917
MapRealPos(border)=(-0.0834641,-0.0834641,-0.0834641)-(0.483464,0.363464,0.323464)
MapRealPos(final)=(-0.0834641,-0.0834641,-0.0834641)-(0.483464,0.363464,0.323464)
**Initial state of particles is loaded
**3D-Simulation parameters:
CaseName="canonical_rectangular"
RunName="canonical_rectangular"
SavePosDouble=False
SvExtraParts=""
SaveFtAce=False
SvTimers=True
Boundary="mDBC"
  SlipMode="DBC vel=0"
  mDBC-Corrector=False
  No Penetration=False
StepAlgorithm="Symplectic"
Kernel="Wendland"
  Wendland.awen=1256.278
  Wendland.bwenh=-1308629
Viscosity="Artificial"
  Visco=0.01
  ViscoBoundFactor=1
DensityDiffusion="Fourtakas et al 2019 (full)"
  DensityDiffusionValue=0.1

*** WARNING: It is advised that selected DDT: 'Fourtakas et al 2019 (full)' is used with several boundary layers of particles when h/dp>1.5 (2h <= layers*Dp)

Shifting="None"
RigidAlgorithm="None"
FloatingCount=0
CaseNp=1,917
CaseNbound=1,476
CaseNfixed=1,476
CaseNmoving=0
CaseNfloat=0
CaseNfluid=441
PeriodicActive="None"
Dp=0.04
KernelH=0.069282  (CoefficientH=1; H/Dp=1.73205)
KernelSize=0.1385641
CteB=134537.1
Gamma=7
RhopZero=1000
Cs0=30.68810819152917
CFLnumber=0.2
DtIni=0.002257618231693577
DtMin=0.0001128809132667355
DtAllParticles=False
MassFluid=0.064
MassBound=0.064
TimeMax=0.001
TimePart=0.001
Gravity=(0,0,-9.81)
RhopOut=True
RhopOutMin=700
RhopOutMax=1300
WrnPartsOut=True
MinFluidStop=0
NpfMinimum=0
CellMode="Full"
ScellDiv=1
MapCells=(5,4,3)  (60 cells)
CellDomFixed=False
DomCells=(5,4,3)  (60 cells)
DomCellCode="1+11_10_10"
**CellDiv: Requested cpu memory for 2,140 particles (over-allocation: 1.12X): 0.1 MiB (1 times).
**CellDiv: Requested CPU memory for 60 cells (over-allocation: 1.00X): 0.0 MiB (1 times).
 
RunMode="Pos-Double - OpenMP(Threads:64)"
 
Particle summary:
  Fixed....: 1,476  id:(0-1475)   MKs:1 (17)
  Moving...: 0
  Floating.: 0
  Fluid....: 441  id:(1476-1916)   MKs:1 (1)

Total particles: 1,917 (bound=1476 (fx=1476 mv=0 ft=0) fluid=441)
Total MK blocks: 2 (bound=1 (fx=1 mv=0 ft=0) fluid=1)
 

Initial allocated memory in CPU: 250,914 (0.24 MiB)  (6 particle arrays)
Part_0000        1,917 (100.0%) particles successfully stored

[WARNINGS]
1. It is advised that selected DDT: 'Fourtakas et al 2019 (full)' is used with several boundary layers of particles when h/dp>1.5 (2h <= layers*Dp)

[Initialising simulation (q5vk3j1h)  07-09-2026 19:45:16]
PART   PartTime   TotalSteps   Steps    Particles    Cells        Time/Sec   Finish time        
=====  =========  ===========  =======  ===========  ===========  =========  ===================
00001   0.002258            1        1        1,917           60      15.27  07-09-2026 19:45:16
**Updated allocated memory in CPU: 430,874 (0.41 MiB)  (13 particle arrays)

[Simulation finished  07-09-2026 19:45:16]
Particles of simulation (initial): 1,917
DTs adjusted to DtMin............: 0
Excluded particles...............: 0
Total Runtime....................: 0.037378 sec.
Simulation Runtime...............: 0.034498 sec.
Runtime per physical second......: 15.280706 sec.
Steps per second.................: 28.987188
Steps of simulation..............: 1
PART files.......................: 2
Maximum number of particles......: 1,917
Maximum number of cells..........: 60
CPU Memory.......................: 430,874 (0.41 MiB)
 
[CPU Timers]
VA-Init..........................: 0.002890 sec.
NL-Limits........................: 0.000007 sec.
NL-MakeSort......................: 0.000015 sec.
NL-SortData......................: 0.000023 sec.
NL-OutCheck......................: 0 sec.
CF-PreForces.....................: 0.000109 sec.
CF-PreMDBC.......................: 0.002923 sec.
CF-Forces........................: 0.030954 sec.
SU-Shifting......................: 0 sec.
SU-ComputeStep...................: 0.000097 sec.
SU-Floating......................: 0 sec.
SU-Motion........................: 0 sec.
SU-Periodic......................: 0 sec.
SU-ResizeNp......................: 0 sec.
SU-SavePart......................: 0.000346 sec.
SU-Chrono........................: 0 sec.
SU-Moorings......................: 0 sec.
SU-InOut.........................: 0 sec.
SU-Gauges........................: 0 sec.
SU-FlexStruc.....................: 0 sec.
 
[Output files]
- CfgInit_Domain.vtk......: Saves the limits of the case and the simulation domain limits.
- CfgInit_MapCells.vtk....: Saves the cell division of the simulation domain.
- CfgInit_Normals.vtk.....: Saves VTK file with initial normals (from boundary particles to boundary limit).
- CfgInit_NormalsGhost.vtk: Saves VTK file with initial normals (from boundary particles to ghost node).
- Run.csv.................: One line CSV file with execution parameters and other simulation data.
- Run.out.................: Log file of the simulation.
- RunPARTs.csv............: Saves extra information of simulated PARTs.
- data/PartInfo.ibi4......: Binary file with execution information for each instant (input for PartInfo program).
- data/PartOut_???.obi4...: Binary file with particles excluded during simulation (input for PartVtkOut program).
- data/Part_????.bi4......: Binary file with particle data in different instants.
- data/Part_Head.ibi4.....: Binary file with basic information of simulation data.
 
[WARNINGS]
1. It is advised that selected DDT: 'Fourtakas et al 2019 (full)' is used with several boundary layers of particles when h/dp>1.5 (2h <= layers*Dp)
 
[References]
- Official solver reference DualSPHysics v5.0: J.M. Dominguez, G. Fourtakas,
    C. Altomare, R.B. Canelas, A. Tafuni, O. Garcia-Feal, I. Martinez-Estevez,
    A. Mokos, R. Vacondio, A.J.C. Crespo, B.D. Rogers, P.K. Stansby, M. Gomez-Gesteira.
    2022. DualSPHysics: from fluid dynamics to multiphysics problems.
    Computational Particle Mechanics, 9:867-895. doi: https://doi.org/10.1007/s40571-021-00404-2

- Optimised CPU multi-core and GPU implementation (Dominguez et al., 2013  https://doi.org/10.1016/j.cpc.2012.10.015)
- Modified Dynamic boundary conditions (English et al., 2021  https://doi.org/10.1007/s40571-021-00403-3)
- Density diffusion Term: Fourtakas (Fourtakas et al., 2019  https://doi.org/10.1016/j.compfluid.2019.06.009)
- Viscosity: Artificial (Monaghan, 1992  https://doi.org/10.1146/annurev.aa.30.090192.002551)
- Kernel: Quintic Wendland (Wendland, 1995  https://doi.org/10.1007/BF02123482)
- Time integration scheme: Symplectic (Leimkhuler, 1996  https://doi.org/10.1007/978-3-319-16375-8_1)

Finished execution (code=0).
