

 <GENCASE>  Copyright (c) 2025 by Dr Jose M. Dominguez
 All rights reserved.

 GenCase is a free tool for DualSPHysics simulations.
 DualSPHysics project is an international collaboration between
 University of Vigo (Spain) and University of Manchester (UK).

 Redistribution and use in binary form, without modification, are
 permitted provided that the following conditions are met:
 * Redistributions in binary form must reproduce the above copyright
   notice, this list of conditions and the following disclaimer in the
   documentation and/or other materials provided with the distribution.
 * Redistributions or modifications of source code are not permitted 
   unless expressly authorised, and must retain the above copyright 
   notice, this list of conditions and the following disclaimer.
 * Neither the name of the GenCase nor the names of its contributors
   may be used to endorse or promote products derived from this software
   without specific prior written permission.

 THIS SOFTWARE IS PROVIDED BY THE COPYRIGHT HOLDERS AND CONTRIBUTORS "AS IS"
 AND ANY EXPRESS OR IMPLIED WARRANTIES, INCLUDING, BUT NOT LIMITED TO, THE
 IMPLIED WARRANTIES OF MERCHANTABILITY AND FITNESS FOR A PARTICULAR PURPOSE
 ARE DISCLAIMED. IN NO EVENT SHALL THE COPYRIGHT OWNER BE LIABLE FOR ANY
 DIRECT, INDIRECT, INCIDENTAL, SPECIAL, EXEMPLARY, OR CONSEQUENTIAL DAMAGES
 (INCLUDING, BUT NOT LIMITED TO, PROCUREMENT OF SUBSTITUTE GOODS OR SERVICES;
 LOSS OF USE, DATA, OR PROFITS; OR BUSINESS INTERRUPTION) HOWEVER CAUSED AND
 ON ANY THEORY OF LIABILITY, WHETHER IN CONTRACT, STRICT LIABILITY, OR TORT
 (INCLUDING NEGLIGENCE OR OTHERWISE) ARISING IN ANY WAY OUT OF THE USE OF
 THIS SOFTWARE, EVEN IF ADVISED OF THE POSSIBILITY OF SUCH DAMAGE.


GenCase v5.4.354.01 (07-04-2025)
=================================
LoadDsphConfig> .../bin/linux/DsphConfig.xml
OmpThreads: 16

[LoadXMLInit]
List: MAIN

Total operations: 6
[LoadXMLInit-End  time:0.000s]

[Draw]
List of available variables: Gravity_x=[0]  Gravity_y=[0]  Gravity_z=[0]  Rhop0=[1000]  VResId=[0]  Dp=[0.0075]  PosMin_x=[0]  PosMin_y=[0]  PosMin_z=[-0.045]  PosMax_x=[0.24]  PosMax_y=[0.12]  PosMax_z=[0.045]  CaseName=["F8_OSCILLATORY_PRESSURE_CHANNEL_WOMERSLEY_R001"]  Data2D=[0]  Data2DPosy=[0]  H=[0.0129904]  MassBound=[0.000421875]  MassFluid=[0.000421875]

Mk size: 1 bytes
Case limits: (0,0,-0.045) - (0.24,0.12,0.045)
Distance between points (Dp): 0.0075
Reference position: (0,0,0)
Case domain: (0,0,0)-(31,15,11)
Domain points: 32 x 16 x 12 = 6,144
Case parts: 1 x 12z
Memory: 0.00 GiB  0.01 MiB  (6,144)

> MAIN
<MAIN (Operations= 4+2+0 = 6)

Triangles: 20 (0 ignored)
[Draw-End  time:0.001s]

[LoadsXMLConfig]
Execution parameters.
Initials configuration.
Floating bodies configuration.
Properties configuration.
Predefined motion configuration.
[LoadsXMLConfig-End  time:0.000s]

[PreparePoints]
Computing Vtk-Cells data...  (time:0.001s)
BitSizeTot: 14 (1 + 5+4+4)
Points loaded: 6,144
Sorting points by Mk...
Computing Grid-points...  (time:0.000s)

List of Points:
Points -> Fluid particles:
  block[  0] (mk:  1):   6144  -->    6144

Particle summary:
  Fixed....: 0
  Moving...: 0
  Floating.: 0
  Fluid....: 6,144  id:(0-6143)   MKs:1 (1)

Total particles: 6,144 (bound=0 (fx=0 mv=0 ft=0) fluid=6144)
Total MK blocks: 1 (bound=0 (fx=0 mv=0 ft=0) fluid=1)

*** WARNING: No boundary particles were created in the defined domain.


*** WARNING: Automatic maximum depth is zero since gravity is zero.


Maximum depth: 0 (automatic)
Speed of system: 0 (automatic)
Speed of sound: max(coefsound*speedsystem,10*sqrt(g*depth))
Speed of sound: 0 max(0,0)
Speed of sound: 10 (fixed)

Coefh:1.000000 (hdp:1.732051)

[PreparePoints-End  time:0.002s]

[SaveCase3D]
/home/jade/Projects/DualSPHysics/lagrangian-fluid-lab/campaigns/core-v1/cfd/f8-oscillatory-pressure-channel-r001/cpu-native-preflight-v1/generated/F8_OSCILLATORY_PRESSURE_CHANNEL_WOMERSLEY_R001_MkCells.vtk  (time:0.000s, shapes:6, points:24)
/home/jade/Projects/DualSPHysics/lagrangian-fluid-lab/campaigns/core-v1/cfd/f8-oscillatory-pressure-channel-r001/cpu-native-preflight-v1/generated/F8_OSCILLATORY_PRESSURE_CHANNEL_WOMERSLEY_R001.bi4<double>  (time:0.000s)
/home/jade/Projects/DualSPHysics/lagrangian-fluid-lab/campaigns/core-v1/cfd/f8-oscillatory-pressure-channel-r001/cpu-native-preflight-v1/generated/F8_OSCILLATORY_PRESSURE_CHANNEL_WOMERSLEY_R001_All.vtk  (time: 0.000s)
/home/jade/Projects/DualSPHysics/lagrangian-fluid-lab/campaigns/core-v1/cfd/f8-oscillatory-pressure-channel-r001/cpu-native-preflight-v1/generated/F8_OSCILLATORY_PRESSURE_CHANNEL_WOMERSLEY_R001_Fluid.vtk  (time: 0.000s)
/home/jade/Projects/DualSPHysics/lagrangian-fluid-lab/campaigns/core-v1/cfd/f8-oscillatory-pressure-channel-r001/cpu-native-preflight-v1/generated/F8_OSCILLATORY_PRESSURE_CHANNEL_WOMERSLEY_R001.xml  (time:0.001s)

*** WARNING: File 'acceleration/F8_OPC_q0p500_acceleration.csv' could not be copied.
*** /home/jade/Projects/DualSPHysics/lagrangian-fluid-lab/campaigns/core-v1/cfd/f8-oscillatory-pressure-channel-r001/cpu-native-preflight-v1/generated/F8_OSCILLATORY_PRESSURE_CHANNEL_WOMERSLEY_R001.xml(row:50)


Save files time: 0.002s

Particle limits:
  X range: 0 to 0.2325 [m]
  Y range: 0 to 0.1125 [m]
  Z range: -0.045 to 0.0375 [m]

[SaveCase3D-End  time:0.003s]

[WARNINGS]
1. No boundary particles were created in the defined domain.
2. Automatic maximum depth is zero since gravity is zero.
3. File 'acceleration/F8_OPC_q0p500_acceleration.csv' could not be copied.
*** /home/jade/Projects/DualSPHysics/lagrangian-fluid-lab/campaigns/core-v1/cfd/f8-oscillatory-pressure-channel-r001/cpu-native-preflight-v1/generated/F8_OSCILLATORY_PRESSURE_CHANNEL_WOMERSLEY_R001.xml(row:50)

Time of execution: 0.006 sec. (16 threads)

Finished execution (code=0).

