

 <GENCASE>  Copyright (c) 2025 by Dr Jose M. Dominguez
 All rights reserved.

 GenCase is a free tool for DualSPHysics simulations.
 DualSPHysics project is an international collaboration between
 University of Vigo (Spain) and University of Manchester (UK).

 Redistribution and use in binary form, without modification, are
 permitted provided that the following conditions are met:
 * Redistributions in binary form must reproduce the above copyright
   notice, this list of conditions and the following disclaimer in the
   documentation and/or other materials provided with the distribution.
 * Redistributions or modifications of source code are not permitted 
   unless expressly authorised, and must retain the above copyright 
   notice, this list of conditions and the following disclaimer.
 * Neither the name of the GenCase nor the names of its contributors
   may be used to endorse or promote products derived from this software
   without specific prior written permission.

 THIS SOFTWARE IS PROVIDED BY THE COPYRIGHT HOLDERS AND CONTRIBUTORS "AS IS"
 AND ANY EXPRESS OR IMPLIED WARRANTIES, INCLUDING, BUT NOT LIMITED TO, THE
 IMPLIED WARRANTIES OF MERCHANTABILITY AND FITNESS FOR A PARTICULAR PURPOSE
 ARE DISCLAIMED. IN NO EVENT SHALL THE COPYRIGHT OWNER BE LIABLE FOR ANY
 DIRECT, INDIRECT, INCIDENTAL, SPECIAL, EXEMPLARY, OR CONSEQUENTIAL DAMAGES
 (INCLUDING, BUT NOT LIMITED TO, PROCUREMENT OF SUBSTITUTE GOODS OR SERVICES;
 LOSS OF USE, DATA, OR PROFITS; OR BUSINESS INTERRUPTION) HOWEVER CAUSED AND
 ON ANY THEORY OF LIABILITY, WHETHER IN CONTRACT, STRICT LIABILITY, OR TORT
 (INCLUDING NEGLIGENCE OR OTHERWISE) ARISING IN ANY WAY OUT OF THE USE OF
 THIS SOFTWARE, EVEN IF ADVISED OF THE POSSIBILITY OF SUCH DAMAGE.


GenCase v5.4.354.01 (07-04-2025)
=================================
LoadDsphConfig> .../bin/linux/DsphConfig.xml
OmpThreads: 16

[LoadXMLInit]
List: GeometryForNormals
List: MAIN

Total operations: 22
[LoadXMLInit-End  time:0.000s]

[Draw]
List of available variables: Gravity_x=[0]  Gravity_y=[0]  Gravity_z=[-9.81]  Rhop0=[1000]  VResId=[0]  Dp=[0.025]  PosMin_x=[-0.1]  PosMin_y=[-0.1]  PosMin_z=[-0.1]  PosMax_x=[1.3]  PosMax_y=[0.9]  PosMax_z=[0.9]  CaseName=["fixed_box_mdbc_canonical"]  Data2D=[0]  Data2DPosy=[0]  H=[0.0433013]  MassBound=[0.015625]  MassFluid=[0.015625]

Mk size: 1 bytes
Case limits: (-0.1,-0.1,-0.1) - (1.3,0.9,0.9)
Distance between points (Dp): 0.025
Reference position: (0,0,0)
Case domain: (0,0,0)-(55,39,39)
Domain points: 56 x 40 x 40 = 89,600
Case parts: 1 x 40z
Memory: 0.00 GiB  0.09 MiB  (89,600)

> MAIN
>> GeometryForNormals
FileShapes> hdp_Actual.vtk  shapes:11  points:16   (time:0.000s)
<< GeometryForNormals (8+2+1)
FileShapes> _Actual.vtk  shapes:21  points:32   (time:0.000s)
<MAIN (Operations= 16+6+2 = 24)

Triangles: 92 (0 ignored)
[Draw-End  time:0.003s]

[LoadsXMLConfig]
Execution parameters.
Initials configuration.
Floating bodies configuration.
Properties configuration.
Predefined motion configuration.
[LoadsXMLConfig-End  time:0.000s]

[PreparePoints]
Computing Vtk-Cells data...  (time:0.006s)
BitSizeTot: 20 (2 + 6+6+6)
Points loaded: 51,801
Sorting points by Z...
Sorting points by Mk...
Computing Grid-points...  (time:0.003s)

List of Points:
Points -> Fixed-Boundary particles:
  block[  0] (mk: 17):  22011  -->   22011
  block[  1] (mk: 18):    504  -->     504
Points -> Fluid particles:
  block[  2] (mk:  1):  29286  -->   29286

Particle summary:
  Fixed....: 22,515  id:(0-22514)   MKs:2 (17-18)
  Moving...: 0
  Floating.: 0
  Fluid....: 29,286  id:(22515-51800)   MKs:1 (1)

Total particles: 51,801 (bound=22515 (fx=22515 mv=0 ft=0) fluid=29286)
Total MK blocks: 3 (bound=2 (fx=2 mv=0 ft=0) fluid=1)

Maximum depth: 0.55 (automatic)
Speed of system: 2.32282 (automatic)
Speed of sound: max(coefsound*speedsystem,10*sqrt(g*depth))
Speed of sound: 46.4564 max(46.4564,23.2282)
Speed of sound: 46.4564 (automatic)

Coefh:1.000000 (hdp:1.732051)

[PreparePoints-End  time:0.009s]

[SaveCase3D]
/home/jade/Projects/DualSPHysics/lagrangian-fluid-lab/campaigns/v0.1-candidate/cases/r3-fixed-box-force-gauge/generated/fixed_box_mdbc_canonical/fixed_box_mdbc_canonical_MkCells.vtk  (time:0.000s, shapes:32, points:128)
/home/jade/Projects/DualSPHysics/lagrangian-fluid-lab/campaigns/v0.1-candidate/cases/r3-fixed-box-force-gauge/generated/fixed_box_mdbc_canonical/fixed_box_mdbc_canonical.bi4<double>  (time:0.003s)
/home/jade/Projects/DualSPHysics/lagrangian-fluid-lab/campaigns/v0.1-candidate/cases/r3-fixed-box-force-gauge/generated/fixed_box_mdbc_canonical/fixed_box_mdbc_canonical_All.vtk  (time: 0.004s)
/home/jade/Projects/DualSPHysics/lagrangian-fluid-lab/campaigns/v0.1-candidate/cases/r3-fixed-box-force-gauge/generated/fixed_box_mdbc_canonical/fixed_box_mdbc_canonical_Bound.vtk  (time: 0.001s)
/home/jade/Projects/DualSPHysics/lagrangian-fluid-lab/campaigns/v0.1-candidate/cases/r3-fixed-box-force-gauge/generated/fixed_box_mdbc_canonical/fixed_box_mdbc_canonical_Fluid.vtk  (time: 0.001s)
/home/jade/Projects/DualSPHysics/lagrangian-fluid-lab/campaigns/v0.1-candidate/cases/r3-fixed-box-force-gauge/generated/fixed_box_mdbc_canonical/fixed_box_mdbc_canonical.xml  (time:0.001s)
 
Computing normals...
  Evaluating 22,515 particles with 11 shapes (distance 3x H = 0.129904).
  Time for computing 26,756 normals: 0.008s   Max.Memory: 3.21 MiB
  Non-zero particle normals: 22,515/22,515    Normals size range: (0.000000 - 0.160078).
  Final zero normals: 0/22,515 (0.0%)   Maximum normal: 0.160078 (3.70 x h)

Save files time: 0.025s

Particle limits:
  X range: -0.05 to 1.25 [m]
  Y range: -0.05 to 0.85 [m]
  Z range: -0.05 to 0.8 [m]

[SaveCase3D-End  time:0.032s]


Time of execution: 0.044 sec. (16 threads)

Finished execution (code=0).

