

 <DUALSPHYSICS5> Copyright (c) 2025 by
 Dr Jose M. Dominguez Alonso, Prof. Alejandro Crespo,
 Dr Georgios Fourtakas, Prof. Benedict Rogers,
 Dr Renato Vacondio, Dr Corrado Altomare,
 Dr Angelo Tafuni, Dr Orlando Garcia Feal,
 Dr Ivan Martinez Estevez, Dr Joseph O'Connor,
 Dr Aaron English, Dr Francesco Ricci,
 Prof. Moncho Gomez Gesteira, Prof. Peter Stansby

 EPHYSLAB Environmental Physics Laboratory, Universidade de Vigo
 School of Mechanical, Aerospace and Civil Engineering, University of Manchester

 DualSPHysics is free software: you can redistribute it and/or
 modify it under the terms of the GNU Lesser General Public License
 as published by the Free Software Foundation, either version 2.1 of
 the License, or (at your option) any later version.

 DualSPHysics is distributed in the hope that it will be useful,
 but WITHOUT ANY WARRANTY; without even the implied warranty of
 MERCHANTABILITY or FITNESS FOR A PARTICULAR PURPOSE.  See the
 GNU Lesser General Public License for more details.

 You should have received a copy of the GNU Lesser General Public License
 along with DualSPHysics. If not, see <http://www.gnu.org/licenses/>.

 Free download source files and documentation from DualSPHysics website (http://dual.sphysics.org).
 Full list of developers and contributors is available at https://dual.sphysics.org/developers
 Properly cite the use of DualSPHysics (Dominguez et al., 2022) (https://dual.sphysics.org/references).


DualSPHysics5 v5.4.355 (08-04-2025)
====================================
[CUDA Capable device(s)]
  Detected 8 CUDA Capable device(s)
  CUDA Driver Version / Runtime Version: 13.2 / 12.8
 
Device 0: "NVIDIA RTX 6000 Ada Generation"
  CUDA Capability Major....: 8.9
  Global memory............: 48511 MiB
  CUDA Cores...............: 18176 (142 Multiprocessors, 128 CUDA Cores/MP)
  GPU Max Clock rate.......: 2505 MHz (2.50 GHz)
  Memory Clock rate........: 10001 Mhz
  Memory Bus Width.........: 384-bit
  L2 Cache Size............: 98304 KiB
  Constant memory..........: 64 KiB
  Shared memory per block..: 48 KiB
  Registers per block......: 65536
  Maximum threads per MP...: 1536
  Maximum threads per block: 1024
  Concurrent copy and kernel execution....: Yes with 2 copy engine(s)
  Run time limit on kernels...............: Yes
  Integrated GPU sharing Host Memory......: No
  Support host page-locked memory mapping.: Yes
  Device has ECC support..................: Disabled
  Device supports Unified Addressing (UVA): Yes
  Device PCI (Domain / Bus / location)....: 0 / 33 / 0
  Device supports P2P and RDMA............: Yes
  Device supports P2P from/to GPUs........: 1,2,3,4,5,6,7
 
Device 1: "NVIDIA RTX 6000 Ada Generation"
  CUDA Capability Major....: 8.9
  Global memory............: 48511 MiB
  CUDA Cores...............: 18176 (142 Multiprocessors, 128 CUDA Cores/MP)
  GPU Max Clock rate.......: 2505 MHz (2.50 GHz)
  Memory Clock rate........: 10001 Mhz
  Memory Bus Width.........: 384-bit
  L2 Cache Size............: 98304 KiB
  Constant memory..........: 64 KiB
  Shared memory per block..: 48 KiB
  Registers per block......: 65536
  Maximum threads per MP...: 1536
  Maximum threads per block: 1024
  Concurrent copy and kernel execution....: Yes with 2 copy engine(s)
  Run time limit on kernels...............: Yes
  Integrated GPU sharing Host Memory......: No
  Support host page-locked memory mapping.: Yes
  Device has ECC support..................: Disabled
  Device supports Unified Addressing (UVA): Yes
  Device PCI (Domain / Bus / location)....: 0 / 64 / 0
  Device supports P2P and RDMA............: Yes
  Device supports P2P from/to GPUs........: 0,2,3,4,5,6,7
 
Device 2: "NVIDIA RTX 6000 Ada Generation"
  CUDA Capability Major....: 8.9
  Global memory............: 48511 MiB
  CUDA Cores...............: 18176 (142 Multiprocessors, 128 CUDA Cores/MP)
  GPU Max Clock rate.......: 2505 MHz (2.50 GHz)
  Memory Clock rate........: 10001 Mhz
  Memory Bus Width.........: 384-bit
  L2 Cache Size............: 98304 KiB
  Constant memory..........: 64 KiB
  Shared memory per block..: 48 KiB
  Registers per block......: 65536
  Maximum threads per MP...: 1536
  Maximum threads per block: 1024
  Concurrent copy and kernel execution....: Yes with 2 copy engine(s)
  Run time limit on kernels...............: Yes
  Integrated GPU sharing Host Memory......: No
  Support host page-locked memory mapping.: Yes
  Device has ECC support..................: Disabled
  Device supports Unified Addressing (UVA): Yes
  Device PCI (Domain / Bus / location)....: 0 / 65 / 0
  Device supports P2P and RDMA............: Yes
  Device supports P2P from/to GPUs........: 0,1,3,4,5,6,7
 
Device 3: "NVIDIA RTX 6000 Ada Generation"
  CUDA Capability Major....: 8.9
  Global memory............: 48511 MiB
  CUDA Cores...............: 18176 (142 Multiprocessors, 128 CUDA Cores/MP)
  GPU Max Clock rate.......: 2505 MHz (2.50 GHz)
  Memory Clock rate........: 10001 Mhz
  Memory Bus Width.........: 384-bit
  L2 Cache Size............: 98304 KiB
  Constant memory..........: 64 KiB
  Shared memory per block..: 48 KiB
  Registers per block......: 65536
  Maximum threads per MP...: 1536
  Maximum threads per block: 1024
  Concurrent copy and kernel execution....: Yes with 2 copy engine(s)
  Run time limit on kernels...............: Yes
  Integrated GPU sharing Host Memory......: No
  Support host page-locked memory mapping.: Yes
  Device has ECC support..................: Disabled
  Device supports Unified Addressing (UVA): Yes
  Device PCI (Domain / Bus / location)....: 0 / 66 / 0
  Device supports P2P and RDMA............: Yes
  Device supports P2P from/to GPUs........: 0,1,2,4,5,6,7
 
Device 4: "NVIDIA RTX 6000 Ada Generation"
  CUDA Capability Major....: 8.9
  Global memory............: 48511 MiB
  CUDA Cores...............: 18176 (142 Multiprocessors, 128 CUDA Cores/MP)
  GPU Max Clock rate.......: 2505 MHz (2.50 GHz)
  Memory Clock rate........: 10001 Mhz
  Memory Bus Width.........: 384-bit
  L2 Cache Size............: 98304 KiB
  Constant memory..........: 64 KiB
  Shared memory per block..: 48 KiB
  Registers per block......: 65536
  Maximum threads per MP...: 1536
  Maximum threads per block: 1024
  Concurrent copy and kernel execution....: Yes with 2 copy engine(s)
  Run time limit on kernels...............: Yes
  Integrated GPU sharing Host Memory......: No
  Support host page-locked memory mapping.: Yes
  Device has ECC support..................: Disabled
  Device supports Unified Addressing (UVA): Yes
  Device PCI (Domain / Bus / location)....: 0 / 157 / 0
  Device supports P2P and RDMA............: Yes
  Device supports P2P from/to GPUs........: 0,1,2,3,5,6,7
 
Device 5: "NVIDIA RTX 6000 Ada Generation"
  CUDA Capability Major....: 8.9
  Global memory............: 48511 MiB
  CUDA Cores...............: 18176 (142 Multiprocessors, 128 CUDA Cores/MP)
  GPU Max Clock rate.......: 2505 MHz (2.50 GHz)
  Memory Clock rate........: 10001 Mhz
  Memory Bus Width.........: 384-bit
  L2 Cache Size............: 98304 KiB
  Constant memory..........: 64 KiB
  Shared memory per block..: 48 KiB
  Registers per block......: 65536
  Maximum threads per MP...: 1536
  Maximum threads per block: 1024
  Concurrent copy and kernel execution....: Yes with 2 copy engine(s)
  Run time limit on kernels...............: Yes
  Integrated GPU sharing Host Memory......: No
  Support host page-locked memory mapping.: Yes
  Device has ECC support..................: Disabled
  Device supports Unified Addressing (UVA): Yes
  Device PCI (Domain / Bus / location)....: 0 / 158 / 0
  Device supports P2P and RDMA............: Yes
  Device supports P2P from/to GPUs........: 0,1,2,3,4,6,7
 
Device 6: "NVIDIA RTX 6000 Ada Generation"
  CUDA Capability Major....: 8.9
  Global memory............: 48511 MiB
  CUDA Cores...............: 18176 (142 Multiprocessors, 128 CUDA Cores/MP)
  GPU Max Clock rate.......: 2505 MHz (2.50 GHz)
  Memory Clock rate........: 10001 Mhz
  Memory Bus Width.........: 384-bit
  L2 Cache Size............: 98304 KiB
  Constant memory..........: 64 KiB
  Shared memory per block..: 48 KiB
  Registers per block......: 65536
  Maximum threads per MP...: 1536
  Maximum threads per block: 1024
  Concurrent copy and kernel execution....: Yes with 2 copy engine(s)
  Run time limit on kernels...............: Yes
  Integrated GPU sharing Host Memory......: No
  Support host page-locked memory mapping.: Yes
  Device has ECC support..................: Disabled
  Device supports Unified Addressing (UVA): Yes
  Device PCI (Domain / Bus / location)....: 0 / 173 / 0
  Device supports P2P and RDMA............: Yes
  Device supports P2P from/to GPUs........: 0,1,2,3,4,5,7
 
Device 7: "NVIDIA RTX 6000 Ada Generation"
  CUDA Capability Major....: 8.9
  Global memory............: 48511 MiB
  CUDA Cores...............: 18176 (142 Multiprocessors, 128 CUDA Cores/MP)
  GPU Max Clock rate.......: 2505 MHz (2.50 GHz)
  Memory Clock rate........: 10001 Mhz
  Memory Bus Width.........: 384-bit
  L2 Cache Size............: 98304 KiB
  Constant memory..........: 64 KiB
  Shared memory per block..: 48 KiB
  Registers per block......: 65536
  Maximum threads per MP...: 1536
  Maximum threads per block: 1024
  Concurrent copy and kernel execution....: Yes with 2 copy engine(s)
  Run time limit on kernels...............: Yes
  Integrated GPU sharing Host Memory......: No
  Support host page-locked memory mapping.: Yes
  Device has ECC support..................: Disabled
  Device supports Unified Addressing (UVA): Yes
  Device PCI (Domain / Bus / location)....: 0 / 174 / 0
  Device supports P2P and RDMA............: Yes
  Device supports P2P from/to GPUs........: 0,1,2,3,4,5,6
 
[GPU Hardware]
Device selected: 4 "NVIDIA RTX 6000 Ada Generation"
Compute capability: 8.9
Memory global: 48510 MiB
Memory shared: 49152 Bytes
 
[Initialising JSphGpuSingle  07-09-2026 20:34:26]
ProgramFile=".../bin/linux/DualSPHysics5.4_linux64"
Available features: Project Chrono coupling, MoorDynPlus coupling, Wave generation, FlexStruc, mDBC no-slip, GPU execution, OpenMP execution.
ExecutionDir=".../Projects/DualSPHysics/lagrangian-fluid-lab"
XmlFile=".../generated/fixed_box_mdbc_canonical/fixed_box_mdbc_canonical.xml"
OutputDir=".../mdbc-probe-canonical-final/attempts/20260907T123424.875319Z-4dfa3f2f.partial"
OutputDataDir=".../attempts/20260907T123424.875319Z-4dfa3f2f.partial/data"
XML-App: GenCase v5.4.354.01 (07-04-2025)
**Basic case configuration is loaded
**Special case configuration is loaded
Loading initial state of particles...
Loaded particles: 51,801
MapRealPos(border)=(-0.0521651,-0.0521651,-0.0521651)-(1.25217,0.852165,0.802165)
MapRealPos(final)=(-0.378248,-0.278248,-0.265748)-(1.57825,1.07825,1.44291)
**Initial state of particles is loaded
PosCellCode="13_10_9 (8192,1024,512)"
PosCellSize=0.086603  (1 x KernelSize)
**3D-Simulation parameters:
CaseName="fixed_box_mdbc_canonical"
RunName="fixed_box_mdbc_canonical"
SavePosDouble=False
SvExtraParts=""
SaveFtAce=False
SvTimers=True
Boundary="mDBC"
  SlipMode="DBC vel=0"
  mDBC-Corrector=False
  No Penetration=False
StepAlgorithm="Symplectic"
Kernel="Wendland"
  Wendland.awen=5145.715
  Wendland.bwenh=-1.372197e+07
Viscosity="Artificial"
  Visco=0.01
  ViscoBoundFactor=1
DensityDiffusion="Fourtakas et al 2019 (inner)"
  DensityDiffusionValue=0.1
Shifting="None"
RigidAlgorithm="None"
FloatingCount=0
CaseNp=51,801
CaseNbound=22,515
CaseNfixed=22,515
CaseNmoving=0
CaseNfloat=0
CaseNfluid=29,286
PeriodicActive="None"
Dp=0.025
KernelH=0.043301  (CoefficientH=1; H/Dp=1.73205)
KernelSize=0.08660254
CteB=308314.3
Gamma=7
RhopZero=1000
Cs0=46.45643086538181
CFLnumber=0.2
DtIni=0.0009320834296874009
DtMin=4.660417217882631e-05
DtAllParticles=False
MassFluid=0.015625
MassBound=0.015625
TimeMax=0.8
TimePart=0.01
Gravity=(0,0,-9.81)
RhopOut=True
RhopOutMin=700
RhopOutMax=1300
WrnPartsOut=True
MinFluidStop=0
NpfMinimum=0
CellMode="Full"
ScellDiv=1
MapCells=(23,16,20)  (7,360 cells)
CellDomFixed=False
DomCells=(23,16,20)  (7,360 cells)
DomCellCode="1+11_10_10"
 
BlockSize calculation mode: Fixed.
  BsForcesBound=128 (39 regs)
  BsForcesFluid=128 (56 regs)
 
**CellDiv: Requested gpu memory for 54,519 particles (over-allocation: 1.05X): 0.8 MiB (1 times).
**CellDiv: Requested GPU memory for 7,360 cells (over-allocation: 4.65X): 0.1 MiB (1 times).
 
RunMode="Pos-Cell - Single-GPU"
 
Particle summary:
  Fixed....: 22,515  id:(0-22514)   MKs:2 (17-18)
  Moving...: 0
  Floating.: 0
  Fluid....: 29,286  id:(22515-51800)   MKs:1 (1)

Total particles: 51,801 (bound=22515 (fx=22515 mv=0 ft=0) fluid=29286)
Total MK blocks: 3 (bound=2 (fx=2 mv=0 ft=0) fluid=1)
 
GaugeSystem configuration:
Guage_0: 'BoxForce'
  Type.......: Force
  Compute....: 0 - 0.8   dt:0.005
  Output.....: 0 - 0.8   dt:0.005
  SaveVtkPart: False
  MkBound.....: 1 (Fixed particles)
  Particles id: 22011 - 22514
 

Initial allocated memory in CPU: 5,342,838 (5.10 MiB)  (10 particle arrays)
Initial allocated memory in GPU: 8,266,324 (7.88 MiB)  (15 particle arrays)
Part_0000        51,801 (100.0%) particles successfully stored

[Initialising simulation (8ekrm1u7)  07-09-2026 20:34:26]
PART   PartTime   TotalSteps   Steps    Particles    Cells        Time/Sec   Finish time        
=====  =========  ===========  =======  ===========  ===========  =========  ===================
**Updated allocated memory in CPU: 4,719,690 (4.50 MiB)  (9 particle arrays)
**Updated allocated memory in GPU: 10,343,484 (9.86 MiB)  (18 particle arrays)
00001   0.010018           50       51       51,801        1,584       7.79  07-09-2026 20:34:32
00002   0.020002          104       54       51,801        1,584       8.32  07-09-2026 20:34:32
00003   0.030166          159       55       51,801        1,584       8.29  07-09-2026 20:34:32
00004   0.040130          213       54       51,801        1,584       8.22  07-09-2026 20:34:32
00005   0.050069          267       54       51,801        1,584       8.02  07-09-2026 20:34:32
00006   0.060106          322       55       51,801        1,584       8.52  07-09-2026 20:34:32
00007   0.070051          377       55       51,801        1,728       8.81  07-09-2026 20:34:32
00008   0.080037          432       55       51,801        1,728       8.75  07-09-2026 20:34:33
00009   0.090010          487       55       51,801        1,728       8.81  07-09-2026 20:34:32
00010   0.100170          543       56       51,801        1,728       8.87  07-09-2026 20:34:32
00011   0.110146          598       55       51,801        1,728       8.70  07-09-2026 20:34:32
00012   0.120153          653       55       51,801        1,728       8.57  07-09-2026 20:34:32
00013   0.130047          708       55       51,801        1,920       8.54  07-09-2026 20:34:32
00014   0.140099          765       57       51,801        1,920       8.79  07-09-2026 20:34:32
00015   0.150079          821       56       51,801        1,920       8.72  07-09-2026 20:34:32
00016   0.160166          877       56       51,801        1,920       8.44  07-09-2026 20:34:32
00017   0.170045          932       55       51,801        1,920       8.51  07-09-2026 20:34:32
00018   0.180078          989       57       51,801        1,920       8.66  07-09-2026 20:34:32
00019   0.190089        1,046       57       51,801        1,920       8.55  07-09-2026 20:34:32
00020   0.200054        1,104       58       51,801        1,920       9.08  07-09-2026 20:34:33
00021   0.210135        1,161       57       51,801        1,920       9.02  07-09-2026 20:34:33
00022   0.220142        1,218       57       51,801        1,920       9.20  07-09-2026 20:34:32
00023   0.230076        1,275       57       51,801        1,920       9.40  07-09-2026 20:34:32
00024   0.240117        1,333       58       51,801        1,920       9.22  07-09-2026 20:34:32
00025   0.250019        1,390       57       51,801        1,920       9.25  07-09-2026 20:34:32
00026   0.260141        1,448       58       51,801        1,920       9.28  07-09-2026 20:34:32
00027   0.270077        1,506       58       51,801        1,920       9.63  07-09-2026 20:34:32
00028   0.280156        1,569       63       51,801        1,920      10.16  07-09-2026 20:34:32
00029   0.290101        1,629       60       51,801        1,920       9.77  07-09-2026 20:34:32
00030   0.300019        1,687       58       51,801        1,920       9.55  07-09-2026 20:34:33
00031   0.310001        1,745       58       51,801        1,920      10.35  07-09-2026 20:34:33
00032   0.320027        1,804       59       51,801        1,920       9.72  07-09-2026 20:34:33
00033   0.330014        1,862       58       51,801        1,920       9.43  07-09-2026 20:34:33
00034   0.340045        1,922       60       51,801        1,920       9.43  07-09-2026 20:34:33
00035   0.350053        1,981       59       51,801        1,920       9.44  07-09-2026 20:34:33
00036   0.360058        2,040       59       51,801        1,920       9.41  07-09-2026 20:34:32
00037   0.370064        2,099       59       51,801        2,112       9.51  07-09-2026 20:34:32
00038   0.380016        2,159       60       51,801        2,112       9.56  07-09-2026 20:34:32
00039   0.390093        2,220       61       51,801        2,112      27.50  07-09-2026 20:34:33
00040   0.400002        2,280       60       51,801        2,112      30.42  07-09-2026 20:34:34
00041   0.410140        2,341       61       51,801        2,112      30.21  07-09-2026 20:34:34
00042   0.420018        2,401       60       51,801        2,112      30.59  07-09-2026 20:34:34
00043   0.430079        2,461       60       51,801        2,112      30.11  07-09-2026 20:34:35
00044   0.440110        2,521       60       51,801        2,112      30.47  07-09-2026 20:34:35
00045   0.450104        2,581       60       51,801        1,920      30.94  07-09-2026 20:34:35
00046   0.460121        2,640       59       51,801        1,920      29.55  07-09-2026 20:34:36
00047   0.470143        2,699       59       51,801        1,920      30.13  07-09-2026 20:34:36
00048   0.480052        2,757       58       51,801        1,920      29.76  07-09-2026 20:34:36
00049   0.490153        2,817       60       51,801        1,920      30.65  07-09-2026 20:34:37
00050   0.500135        2,877       60       51,801        2,112      30.71  07-09-2026 20:34:37
00051   0.510130        2,939       62       51,801        2,112      31.25  07-09-2026 20:34:37
00052   0.520077        2,998       59       51,801        2,112      29.88  07-09-2026 20:34:38
00053   0.530100        3,057       59       51,801        2,112      29.69  07-09-2026 20:34:38
00054   0.540062        3,116       59       51,801        2,112      30.20  07-09-2026 20:34:37
00055   0.550054        3,175       59       51,801        2,112      30.22  07-09-2026 20:34:37
00056   0.560086        3,235       60       51,801        2,112      30.43  07-09-2026 20:34:38
00057   0.570054        3,294       59       51,801        2,112      30.24  07-09-2026 20:34:38
00058   0.580131        3,354       60       51,801        2,112      28.98  07-09-2026 20:34:38
00059   0.590094        3,412       58       51,801        2,112      30.07  07-09-2026 20:34:39
00060   0.600032        3,471       59       51,801        2,112      30.88  07-09-2026 20:34:39
00061   0.610141        3,530       59       51,801        2,112      30.26  07-09-2026 20:34:39
00062   0.620051        3,590       60       51,801        2,112      30.97  07-09-2026 20:34:40
00063   0.630105        3,649       59       51,801        2,112      29.81  07-09-2026 20:34:39
00064   0.640028        3,706       57       51,801        1,920      29.60  07-09-2026 20:34:39
00065   0.650020        3,764       58       51,801        1,920      28.62  07-09-2026 20:34:39
00066   0.660003        3,822       58       51,801        1,920      30.26  07-09-2026 20:34:40
00067   0.670018        3,881       59       51,801        1,920      30.51  07-09-2026 20:34:40
00068   0.680116        3,940       59       51,801        1,920      30.16  07-09-2026 20:34:40
00069   0.690146        3,999       59       51,801        1,920      30.33  07-09-2026 20:34:41
00070   0.700109        4,057       58       51,801        1,920      30.03  07-09-2026 20:34:40
00071   0.710148        4,118       61       51,801        1,920      31.05  07-09-2026 20:34:40
00072   0.720019        4,176       58       51,801        1,920      29.98  07-09-2026 20:34:41
00073   0.730013        4,235       59       51,801        1,920      29.89  07-09-2026 20:34:41
00074   0.740146        4,294       59       51,801        1,920      29.52  07-09-2026 20:34:41
00075   0.750100        4,352       58       51,801        1,920      29.72  07-09-2026 20:34:40
00076   0.760065        4,411       59       51,801        1,920      30.26  07-09-2026 20:34:41
00077   0.770024        4,470       59       51,801        1,920      30.48  07-09-2026 20:34:41
00078   0.780073        4,529       59       51,801        1,920      30.38  07-09-2026 20:34:41
00079   0.790082        4,588       59       51,801        1,920      30.40  07-09-2026 20:34:42
00080   0.800084        4,647       59       51,801        1,920      29.73  07-09-2026 20:34:42

[Simulation finished  07-09-2026 20:34:42]
Particles of simulation (initial): 51,801
DTs adjusted to DtMin............: 0
Excluded particles...............: 0
Total Runtime....................: 16.259230 sec.
Simulation Runtime...............: 16.076361 sec.
Runtime per physical second......: 20.093336 sec.
Steps per second.................: 289.057953
Steps of simulation..............: 4,647
PART files.......................: 81
Maximum number of particles......: 51,801
Maximum number of cells..........: 2,112
CPU Memory.......................: 5,342,838 (5.10 MiB)
GPU Memory.......................: 10,343,484 (9.86 MiB)
GPU Memory (for cells)...........: 117,800 (0.11 MiB)
 
[GPU Timers]
VA-Init..........................: 0.182874 sec.
NL-Limits........................: 0.947669 sec.
NL-PreSort.......................: 0.027084 sec.
NL-RadixSort.....................: 1.352551 sec.
NL-CellBegin.....................: 1.044985 sec.
NL-SortData......................: 0.912355 sec.
NL-OutCheck......................: 0 sec.
CF-PreForces.....................: 1.940914 sec.
CF-PreMDBC.......................: 2.220521 sec.
CF-Forces........................: 6.910537 sec.
SU-Shifting......................: 0 sec.
SU-ComputeStep...................: 0.493464 sec.
SU-Floating......................: 0 sec.
SU-Motion........................: 0 sec.
SU-Periodic......................: 0 sec.
SU-ResizeNp......................: 0 sec.
SU-DownData......................: 0.050837 sec.
SU-SavePart......................: 0.103906 sec.
SU-Chrono........................: 0 sec.
SU-Moorings......................: 0 sec.
SU-InOut.........................: 0 sec.
SU-Gauges........................: 0.059019 sec.
SU-FlexStruc.....................: 0 sec.
 
[Output files]
- CfgGauge_InitPoints.vtk.: Saves points used for gauge calculations (by JGaugeSystem).
- CfgInit_Domain.vtk......: Saves the limits of the case and the simulation domain limits.
- CfgInit_MapCells.vtk....: Saves the cell division of the simulation domain.
- CfgInit_Normals.vtk.....: Saves VTK file with initial normals (from boundary particles to boundary limit).
- CfgInit_NormalsGhost.vtk: Saves VTK file with initial normals (from boundary particles to ghost node).
- GaugesForce_BoxForce.csv: Saves Force data measured from boundary particles (by JGaugeForce).
- Run.csv.................: One line CSV file with execution parameters and other simulation data.
- Run.out.................: Log file of the simulation.
- RunPARTs.csv............: Saves extra information of simulated PARTs.
- data/PartInfo.ibi4......: Binary file with execution information for each instant (input for PartInfo program).
- data/PartOut_???.obi4...: Binary file with particles excluded during simulation (input for PartVtkOut program).
- data/Part_????.bi4......: Binary file with particle data in different instants.
- data/Part_Head.ibi4.....: Binary file with basic information of simulation data.
 
[References]
- Official solver reference DualSPHysics v5.0: J.M. Dominguez, G. Fourtakas,
    C. Altomare, R.B. Canelas, A. Tafuni, O. Garcia-Feal, I. Martinez-Estevez,
    A. Mokos, R. Vacondio, A.J.C. Crespo, B.D. Rogers, P.K. Stansby, M. Gomez-Gesteira.
    2022. DualSPHysics: from fluid dynamics to multiphysics problems.
    Computational Particle Mechanics, 9:867-895. doi: https://doi.org/10.1007/s40571-021-00404-2

- Optimised CPU multi-core and GPU implementation (Dominguez et al., 2013  https://doi.org/10.1016/j.cpc.2012.10.015)
- Modified Dynamic boundary conditions (English et al., 2021  https://doi.org/10.1007/s40571-021-00403-3)
- Density diffusion Term: Fourtakas (Fourtakas et al., 2019  https://doi.org/10.1016/j.compfluid.2019.06.009)
- Viscosity: Artificial (Monaghan, 1992  https://doi.org/10.1146/annurev.aa.30.090192.002551)
- Kernel: Quintic Wendland (Wendland, 1995  https://doi.org/10.1007/BF02123482)
- Time integration scheme: Symplectic (Leimkhuler, 1996  https://doi.org/10.1007/978-3-319-16375-8_1)

Finished execution (code=0).

