

 <GENCASE>  Copyright (c) 2025 by Dr Jose M. Dominguez
 All rights reserved.

 GenCase is a free tool for DualSPHysics simulations.
 DualSPHysics project is an international collaboration between
 University of Vigo (Spain) and University of Manchester (UK).

 Redistribution and use in binary form, without modification, are
 permitted provided that the following conditions are met:
 * Redistributions in binary form must reproduce the above copyright
   notice, this list of conditions and the following disclaimer in the
   documentation and/or other materials provided with the distribution.
 * Redistributions or modifications of source code are not permitted 
   unless expressly authorised, and must retain the above copyright 
   notice, this list of conditions and the following disclaimer.
 * Neither the name of the GenCase nor the names of its contributors
   may be used to endorse or promote products derived from this software
   without specific prior written permission.

 THIS SOFTWARE IS PROVIDED BY THE COPYRIGHT HOLDERS AND CONTRIBUTORS "AS IS"
 AND ANY EXPRESS OR IMPLIED WARRANTIES, INCLUDING, BUT NOT LIMITED TO, THE
 IMPLIED WARRANTIES OF MERCHANTABILITY AND FITNESS FOR A PARTICULAR PURPOSE
 ARE DISCLAIMED. IN NO EVENT SHALL THE COPYRIGHT OWNER BE LIABLE FOR ANY
 DIRECT, INDIRECT, INCIDENTAL, SPECIAL, EXEMPLARY, OR CONSEQUENTIAL DAMAGES
 (INCLUDING, BUT NOT LIMITED TO, PROCUREMENT OF SUBSTITUTE GOODS OR SERVICES;
 LOSS OF USE, DATA, OR PROFITS; OR BUSINESS INTERRUPTION) HOWEVER CAUSED AND
 ON ANY THEORY OF LIABILITY, WHETHER IN CONTRACT, STRICT LIABILITY, OR TORT
 (INCLUDING NEGLIGENCE OR OTHERWISE) ARISING IN ANY WAY OUT OF THE USE OF
 THIS SOFTWARE, EVEN IF ADVISED OF THE POSSIBILITY OF SUCH DAMAGE.


GenCase v5.4.354.01 (07-04-2025)
=================================
LoadDsphConfig> .../bin/linux/DsphConfig.xml
OmpThreads: 16

[LoadXMLInit]
List: MAIN

Total operations: 10
[LoadXMLInit-End  time:0.000s]

[Draw]
List of available variables: Gravity_x=[0]  Gravity_y=[0]  Gravity_z=[-9.81]  Rhop0=[1000]  VResId=[0]  Dp=[0.025]  PosMin_x=[-0.1]  PosMin_y=[-0.1]  PosMin_z=[-0.1]  PosMax_x=[1.3]  PosMax_y=[0.9]  PosMax_z=[0.9]  CaseName=["fixed_box_dbc_gravity"]  Data2D=[0]  Data2DPosy=[0]  H=[0.0433013]  MassBound=[0.015625]  MassFluid=[0.015625]

Mk size: 1 bytes
Case limits: (-0.1,-0.1,-0.1) - (1.3,0.9,0.9)
Distance between points (Dp): 0.025
Case domain: (0,0,0)-(55,39,39)
Domain points: 56 x 40 x 40 = 89,600
Case parts: 1 x 40z
Memory: 0.00 GiB  0.09 MiB  (89,600)

> MAIN
<MAIN (Operations= 6+4+0 = 10)

Triangles: 58 (0 ignored)
[Draw-End  time:0.002s]

[LoadsXMLConfig]
Execution parameters.
Initials configuration.
Floating bodies configuration.
Properties configuration.
Predefined motion configuration.
[LoadsXMLConfig-End  time:0.000s]

[PreparePoints]
Computing Vtk-Cells data...  (time:0.005s)
BitSizeTot: 20 (2 + 6+6+6)
Points loaded: 36,752
Sorting points by Z...
Sorting points by Mk...
Computing Grid-points...  (time:0.002s)

List of Points:
Points -> Fixed-Boundary particles:
  block[  0] (mk: 17):   6737  -->    6737
  block[  1] (mk: 18):    729  -->     729
Points -> Fluid particles:
  block[  2] (mk:  1):  29286  -->   29286

Particle summary:
  Fixed....: 7,466  id:(0-7465)   MKs:2 (17-18)
  Moving...: 0
  Floating.: 0
  Fluid....: 29,286  id:(7466-36751)   MKs:1 (1)

Total particles: 36,752 (bound=7466 (fx=7466 mv=0 ft=0) fluid=29286)
Total MK blocks: 3 (bound=2 (fx=2 mv=0 ft=0) fluid=1)

Maximum depth: 0.55 (automatic)
Speed of system: 2.32282 (automatic)
Speed of sound: max(coefsound*speedsystem,10*sqrt(g*depth))
Speed of sound: 46.4564 max(46.4564,23.2282)
Speed of sound: 46.4564 (automatic)

Coefh:1.000000 (hdp:1.732051)

[PreparePoints-End  time:0.008s]

[SaveCase3D]
/home/jade/Projects/DualSPHysics/lagrangian-fluid-lab/campaigns/v0.1-candidate/cases/r3-fixed-box-force-gauge/generated/fixed_box_dbc_gravity/fixed_box_dbc_gravity_MkCells.vtk  (time:0.000s, shapes:32, points:128)
/home/jade/Projects/DualSPHysics/lagrangian-fluid-lab/campaigns/v0.1-candidate/cases/r3-fixed-box-force-gauge/generated/fixed_box_dbc_gravity/fixed_box_dbc_gravity.bi4<double>  (time:0.003s)
/home/jade/Projects/DualSPHysics/lagrangian-fluid-lab/campaigns/v0.1-candidate/cases/r3-fixed-box-force-gauge/generated/fixed_box_dbc_gravity/fixed_box_dbc_gravity_All.vtk  (time: 0.003s)
/home/jade/Projects/DualSPHysics/lagrangian-fluid-lab/campaigns/v0.1-candidate/cases/r3-fixed-box-force-gauge/generated/fixed_box_dbc_gravity/fixed_box_dbc_gravity_Bound.vtk  (time: 0.000s)
/home/jade/Projects/DualSPHysics/lagrangian-fluid-lab/campaigns/v0.1-candidate/cases/r3-fixed-box-force-gauge/generated/fixed_box_dbc_gravity/fixed_box_dbc_gravity_Fluid.vtk  (time: 0.002s)
/home/jade/Projects/DualSPHysics/lagrangian-fluid-lab/campaigns/v0.1-candidate/cases/r3-fixed-box-force-gauge/generated/fixed_box_dbc_gravity/fixed_box_dbc_gravity.xml  (time:0.000s)

Save files time: 0.009s

Particle limits:
  X range: 0 to 1.2 [m]
  Y range: 0 to 0.8 [m]
  Z range: 0 to 0.8 [m]

[SaveCase3D-End  time:0.012s]


Time of execution: 0.022 sec. (16 threads)

Finished execution (code=0).

