

 <DUALSPHYSICS5> Copyright (c) 2025 by
 Dr Jose M. Dominguez Alonso, Prof. Alejandro Crespo,
 Dr Georgios Fourtakas, Prof. Benedict Rogers,
 Dr Renato Vacondio, Dr Corrado Altomare,
 Dr Angelo Tafuni, Dr Orlando Garcia Feal,
 Dr Ivan Martinez Estevez, Dr Joseph O'Connor,
 Dr Aaron English, Dr Francesco Ricci,
 Prof. Moncho Gomez Gesteira, Prof. Peter Stansby

 EPHYSLAB Environmental Physics Laboratory, Universidade de Vigo
 School of Mechanical, Aerospace and Civil Engineering, University of Manchester

 DualSPHysics is free software: you can redistribute it and/or
 modify it under the terms of the GNU Lesser General Public License
 as published by the Free Software Foundation, either version 2.1 of
 the License, or (at your option) any later version.

 DualSPHysics is distributed in the hope that it will be useful,
 but WITHOUT ANY WARRANTY; without even the implied warranty of
 MERCHANTABILITY or FITNESS FOR A PARTICULAR PURPOSE.  See the
 GNU Lesser General Public License for more details.

 You should have received a copy of the GNU Lesser General Public License
 along with DualSPHysics. If not, see <http://www.gnu.org/licenses/>.

 Free download source files and documentation from DualSPHysics website (http://dual.sphysics.org).
 Full list of developers and contributors is available at https://dual.sphysics.org/developers
 Properly cite the use of DualSPHysics (Dominguez et al., 2022) (https://dual.sphysics.org/references).


DualSPHysics5 v5.4.355 (08-04-2025)
====================================
LoadDsphConfig> .../bin/linux/DsphConfig.xml
[CUDA Capable device(s)]
  Detected 8 CUDA Capable device(s)
  CUDA Driver Version / Runtime Version: 13.2 / 12.8
 
Device 0: "NVIDIA RTX 6000 Ada Generation"
  CUDA Capability Major....: 8.9
  Global memory............: 48511 MiB
  CUDA Cores...............: 18176 (142 Multiprocessors, 128 CUDA Cores/MP)
  GPU Max Clock rate.......: 2505 MHz (2.50 GHz)
  Memory Clock rate........: 10001 Mhz
  Memory Bus Width.........: 384-bit
  L2 Cache Size............: 98304 KiB
  Constant memory..........: 64 KiB
  Shared memory per block..: 48 KiB
  Registers per block......: 65536
  Maximum threads per MP...: 1536
  Maximum threads per block: 1024
  Concurrent copy and kernel execution....: Yes with 2 copy engine(s)
  Run time limit on kernels...............: Yes
  Integrated GPU sharing Host Memory......: No
  Support host page-locked memory mapping.: Yes
  Device has ECC support..................: Disabled
  Device supports Unified Addressing (UVA): Yes
  Device PCI (Domain / Bus / location)....: 0 / 33 / 0
  Device supports P2P and RDMA............: Yes
  Device supports P2P from/to GPUs........: 1,2,3,4,5,6,7
 
Device 1: "NVIDIA RTX 6000 Ada Generation"
  CUDA Capability Major....: 8.9
  Global memory............: 48511 MiB
  CUDA Cores...............: 18176 (142 Multiprocessors, 128 CUDA Cores/MP)
  GPU Max Clock rate.......: 2505 MHz (2.50 GHz)
  Memory Clock rate........: 10001 Mhz
  Memory Bus Width.........: 384-bit
  L2 Cache Size............: 98304 KiB
  Constant memory..........: 64 KiB
  Shared memory per block..: 48 KiB
  Registers per block......: 65536
  Maximum threads per MP...: 1536
  Maximum threads per block: 1024
  Concurrent copy and kernel execution....: Yes with 2 copy engine(s)
  Run time limit on kernels...............: Yes
  Integrated GPU sharing Host Memory......: No
  Support host page-locked memory mapping.: Yes
  Device has ECC support..................: Disabled
  Device supports Unified Addressing (UVA): Yes
  Device PCI (Domain / Bus / location)....: 0 / 64 / 0
  Device supports P2P and RDMA............: Yes
  Device supports P2P from/to GPUs........: 0,2,3,4,5,6,7
 
Device 2: "NVIDIA RTX 6000 Ada Generation"
  CUDA Capability Major....: 8.9
  Global memory............: 48511 MiB
  CUDA Cores...............: 18176 (142 Multiprocessors, 128 CUDA Cores/MP)
  GPU Max Clock rate.......: 2505 MHz (2.50 GHz)
  Memory Clock rate........: 10001 Mhz
  Memory Bus Width.........: 384-bit
  L2 Cache Size............: 98304 KiB
  Constant memory..........: 64 KiB
  Shared memory per block..: 48 KiB
  Registers per block......: 65536
  Maximum threads per MP...: 1536
  Maximum threads per block: 1024
  Concurrent copy and kernel execution....: Yes with 2 copy engine(s)
  Run time limit on kernels...............: Yes
  Integrated GPU sharing Host Memory......: No
  Support host page-locked memory mapping.: Yes
  Device has ECC support..................: Disabled
  Device supports Unified Addressing (UVA): Yes
  Device PCI (Domain / Bus / location)....: 0 / 65 / 0
  Device supports P2P and RDMA............: Yes
  Device supports P2P from/to GPUs........: 0,1,3,4,5,6,7
 
Device 3: "NVIDIA RTX 6000 Ada Generation"
  CUDA Capability Major....: 8.9
  Global memory............: 48511 MiB
  CUDA Cores...............: 18176 (142 Multiprocessors, 128 CUDA Cores/MP)
  GPU Max Clock rate.......: 2505 MHz (2.50 GHz)
  Memory Clock rate........: 10001 Mhz
  Memory Bus Width.........: 384-bit
  L2 Cache Size............: 98304 KiB
  Constant memory..........: 64 KiB
  Shared memory per block..: 48 KiB
  Registers per block......: 65536
  Maximum threads per MP...: 1536
  Maximum threads per block: 1024
  Concurrent copy and kernel execution....: Yes with 2 copy engine(s)
  Run time limit on kernels...............: Yes
  Integrated GPU sharing Host Memory......: No
  Support host page-locked memory mapping.: Yes
  Device has ECC support..................: Disabled
  Device supports Unified Addressing (UVA): Yes
  Device PCI (Domain / Bus / location)....: 0 / 66 / 0
  Device supports P2P and RDMA............: Yes
  Device supports P2P from/to GPUs........: 0,1,2,4,5,6,7
 
Device 4: "NVIDIA RTX 6000 Ada Generation"
  CUDA Capability Major....: 8.9
  Global memory............: 48511 MiB
  CUDA Cores...............: 18176 (142 Multiprocessors, 128 CUDA Cores/MP)
  GPU Max Clock rate.......: 2505 MHz (2.50 GHz)
  Memory Clock rate........: 10001 Mhz
  Memory Bus Width.........: 384-bit
  L2 Cache Size............: 98304 KiB
  Constant memory..........: 64 KiB
  Shared memory per block..: 48 KiB
  Registers per block......: 65536
  Maximum threads per MP...: 1536
  Maximum threads per block: 1024
  Concurrent copy and kernel execution....: Yes with 2 copy engine(s)
  Run time limit on kernels...............: Yes
  Integrated GPU sharing Host Memory......: No
  Support host page-locked memory mapping.: Yes
  Device has ECC support..................: Disabled
  Device supports Unified Addressing (UVA): Yes
  Device PCI (Domain / Bus / location)....: 0 / 157 / 0
  Device supports P2P and RDMA............: Yes
  Device supports P2P from/to GPUs........: 0,1,2,3,5,6,7
 
Device 5: "NVIDIA RTX 6000 Ada Generation"
  CUDA Capability Major....: 8.9
  Global memory............: 48511 MiB
  CUDA Cores...............: 18176 (142 Multiprocessors, 128 CUDA Cores/MP)
  GPU Max Clock rate.......: 2505 MHz (2.50 GHz)
  Memory Clock rate........: 10001 Mhz
  Memory Bus Width.........: 384-bit
  L2 Cache Size............: 98304 KiB
  Constant memory..........: 64 KiB
  Shared memory per block..: 48 KiB
  Registers per block......: 65536
  Maximum threads per MP...: 1536
  Maximum threads per block: 1024
  Concurrent copy and kernel execution....: Yes with 2 copy engine(s)
  Run time limit on kernels...............: Yes
  Integrated GPU sharing Host Memory......: No
  Support host page-locked memory mapping.: Yes
  Device has ECC support..................: Disabled
  Device supports Unified Addressing (UVA): Yes
  Device PCI (Domain / Bus / location)....: 0 / 158 / 0
  Device supports P2P and RDMA............: Yes
  Device supports P2P from/to GPUs........: 0,1,2,3,4,6,7
 
Device 6: "NVIDIA RTX 6000 Ada Generation"
  CUDA Capability Major....: 8.9
  Global memory............: 48511 MiB
  CUDA Cores...............: 18176 (142 Multiprocessors, 128 CUDA Cores/MP)
  GPU Max Clock rate.......: 2505 MHz (2.50 GHz)
  Memory Clock rate........: 10001 Mhz
  Memory Bus Width.........: 384-bit
  L2 Cache Size............: 98304 KiB
  Constant memory..........: 64 KiB
  Shared memory per block..: 48 KiB
  Registers per block......: 65536
  Maximum threads per MP...: 1536
  Maximum threads per block: 1024
  Concurrent copy and kernel execution....: Yes with 2 copy engine(s)
  Run time limit on kernels...............: Yes
  Integrated GPU sharing Host Memory......: No
  Support host page-locked memory mapping.: Yes
  Device has ECC support..................: Disabled
  Device supports Unified Addressing (UVA): Yes
  Device PCI (Domain / Bus / location)....: 0 / 173 / 0
  Device supports P2P and RDMA............: Yes
  Device supports P2P from/to GPUs........: 0,1,2,3,4,5,7
 
Device 7: "NVIDIA RTX 6000 Ada Generation"
  CUDA Capability Major....: 8.9
  Global memory............: 48511 MiB
  CUDA Cores...............: 18176 (142 Multiprocessors, 128 CUDA Cores/MP)
  GPU Max Clock rate.......: 2505 MHz (2.50 GHz)
  Memory Clock rate........: 10001 Mhz
  Memory Bus Width.........: 384-bit
  L2 Cache Size............: 98304 KiB
  Constant memory..........: 64 KiB
  Shared memory per block..: 48 KiB
  Registers per block......: 65536
  Maximum threads per MP...: 1536
  Maximum threads per block: 1024
  Concurrent copy and kernel execution....: Yes with 2 copy engine(s)
  Run time limit on kernels...............: Yes
  Integrated GPU sharing Host Memory......: No
  Support host page-locked memory mapping.: Yes
  Device has ECC support..................: Disabled
  Device supports Unified Addressing (UVA): Yes
  Device PCI (Domain / Bus / location)....: 0 / 174 / 0
  Device supports P2P and RDMA............: Yes
  Device supports P2P from/to GPUs........: 0,1,2,3,4,5,6
 
[GPU Hardware]
Device selected: 4 "NVIDIA RTX 6000 Ada Generation"
Compute capability: 8.9
Memory global: 48510 MiB
Memory shared: 49152 Bytes
 

[Initialising JSphGpuSingle  07-09-2026 19:51:27]
ProgramFile=".../bin/linux/DualSPHysics5.4_linux64"
Available features: Project Chrono coupling, MoorDynPlus coupling, Wave generation, FlexStruc, mDBC no-slip, GPU execution, OpenMP execution.
ExecutionDir=".../Projects/DualSPHysics/lagrangian-fluid-lab"
XmlFile=".../generated/fixed_box_dbc_gravity/fixed_box_dbc_gravity.xml"
OutputDir=".../fixed_box_dbc_gravity/attempts/20260907T115125.880420Z-7a8059da.partial"
OutputDataDir=".../attempts/20260907T115125.880420Z-7a8059da.partial/data"
XML-App: GenCase v5.4.354.01 (07-04-2025)
**Basic case configuration is loaded
**Special case configuration is loaded
Loading initial state of particles...
Loaded particles: 36,752
MapRealPos(border)=(-0.00216506,-0.00216506,-0.00216506)-(1.20217,0.802165,0.802165)
MapRealPos(final)=(-0.303248,-0.203248,-0.203248)-(1.50325,1.00325,1.40541)
**Initial state of particles is loaded
PosCellCode="13_10_9 (8192,1024,512)"
PosCellSize=0.086603  (1 x KernelSize)
**3D-Simulation parameters:
CaseName="fixed_box_dbc_gravity"
RunName="fixed_box_dbc_gravity"
SavePosDouble=False
SvExtraParts=""
SaveFtAce=False
SvTimers=True
Boundary="DBC"
StepAlgorithm="Verlet"
  VerletSteps=40
Kernel="Wendland"
  Wendland.awen=5145.715
  Wendland.bwenh=-1.372197e+07
Viscosity="Artificial"
  Visco=0.01
  ViscoBoundFactor=1
DensityDiffusion="Fourtakas et al 2019 (inner)"
  DensityDiffusionValue=0.1
Shifting="None"
RigidAlgorithm="None"
FloatingCount=0
CaseNp=36,752
CaseNbound=7,466
CaseNfixed=7,466
CaseNmoving=0
CaseNfloat=0
CaseNfluid=29,286
PeriodicActive="None"
Dp=0.025
KernelH=0.043301  (CoefficientH=1; H/Dp=1.73205)
KernelSize=0.08660254
CteB=308314.3
Gamma=7
RhopZero=1000
Cs0=46.45643086538181
CFLnumber=0.2
DtIni=0.0009320834296874009
DtMin=4.660417217882631e-05
DtAllParticles=False
MassFluid=0.015625
MassBound=0.015625
TimeMax=0.8
TimePart=0.01
Gravity=(0,0,-9.81)
RhopOut=True
RhopOutMin=700
RhopOutMax=1300
WrnPartsOut=True
MinFluidStop=0
NpfMinimum=0
CellMode="Full"
ScellDiv=1
MapCells=(21,14,19)  (5,586 cells)
CellDomFixed=False
DomCells=(21,14,19)  (5,586 cells)
DomCellCode="1+11_10_10"
 
BlockSize calculation mode: Fixed.
  BsForcesBound=128 (39 regs)
  BsForcesFluid=128 (56 regs)
 
**CellDiv: Requested gpu memory for 38,717 particles (over-allocation: 1.05X): 0.6 MiB (1 times).
**CellDiv: Requested GPU memory for 5,586 cells (over-allocation: 4.14X): 0.1 MiB (1 times).
 
RunMode="Pos-Cell - Single-GPU"
 
Particle summary:
  Fixed....: 7,466  id:(0-7465)   MKs:2 (17-18)
  Moving...: 0
  Floating.: 0
  Fluid....: 29,286  id:(7466-36751)   MKs:1 (1)

Total particles: 36,752 (bound=7466 (fx=7466 mv=0 ft=0) fluid=29286)
Total MK blocks: 3 (bound=2 (fx=2 mv=0 ft=0) fluid=1)
 
GaugeSystem configuration:
Guage_0: 'BoxForce'
  Type.......: Force
  Compute....: 0 - 0.8   dt:0.005
  Output.....: 0 - 0.8   dt:0.005
  SaveVtkPart: False
  MkBound.....: 1 (Fixed particles)
  Particles id: 6737 - 7465
 

Initial allocated memory in CPU: 3,365,280 (3.21 MiB)  (9 particle arrays)
Initial allocated memory in GPU: 5,581,744 (5.32 MiB)  (14 particle arrays)
Part_0000        36,752 (100.0%) particles successfully stored

[Initialising simulation (h2jp91rc)  07-09-2026 19:51:27]
PART   PartTime   TotalSteps   Steps    Particles    Cells        Time/Sec   Finish time        
=====  =========  ===========  =======  ===========  ===========  =========  ===================
**Updated allocated memory in CPU: 3,365,280 (3.21 MiB)  (9 particle arrays)
**Updated allocated memory in GPU: 6,024,304 (5.75 MiB)  (15 particle arrays)
00001   0.010014           54       55       36,752        1,350       4.35  07-09-2026 19:51:30
00002   0.020169          109       55       36,752        1,350       4.27  07-09-2026 19:51:30
00003   0.030155          163       54       36,752        1,350       4.13  07-09-2026 19:51:30
00004   0.040133          217       54       36,752        1,350       3.67  07-09-2026 19:51:30
00005   0.050116          271       54       36,752        1,350       3.53  07-09-2026 19:51:29
00006   0.060089          325       54       36,752        1,350       3.52  07-09-2026 19:51:29
00007   0.070036          379       54       36,752        1,350       3.60  07-09-2026 19:51:29
00008   0.080005          433       54       36,752        1,350       3.56  07-09-2026 19:51:29
00009   0.090136          488       55       36,752        1,350       3.56  07-09-2026 19:51:29
00010   0.100086          542       54       36,752        1,350       3.60  07-09-2026 19:51:29
00011   0.110038          596       54       36,752        1,350       3.74  07-09-2026 19:51:29
00012   0.120177          651       55       36,752        1,350       3.85  07-09-2026 19:51:30
00013   0.130136          705       54       36,752        1,350       3.75  07-09-2026 19:51:30
00014   0.140090          759       54       36,752        1,350       3.93  07-09-2026 19:51:30
00015   0.150003          813       54       36,752        1,350       3.63  07-09-2026 19:51:30
00016   0.160074          868       55       36,752        1,350       3.57  07-09-2026 19:51:30
00017   0.170179          923       55       36,752        1,350       3.93  07-09-2026 19:51:30
00018   0.180101          978       55       36,752        1,350       3.85  07-09-2026 19:51:30
00019   0.190150        1,034       56       36,752        1,350       3.49  07-09-2026 19:51:30
00020   0.200110        1,089       55       36,752        1,350       3.59  07-09-2026 19:51:30
00021   0.210076        1,144       55       36,752        1,350       3.62  07-09-2026 19:51:30
00022   0.220161        1,200       56       36,752        1,350       3.55  07-09-2026 19:51:30
00023   0.230111        1,255       55       36,752        1,350       3.54  07-09-2026 19:51:30
00024   0.240035        1,310       55       36,752        1,350       3.57  07-09-2026 19:51:30
00025   0.250001        1,365       55       36,752        1,350       3.54  07-09-2026 19:51:30
00026   0.260165        1,424       59       36,752        1,350       3.68  07-09-2026 19:51:30
00027   0.270092        1,483       59       36,752        1,350       3.82  07-09-2026 19:51:29
00028   0.280028        1,541       58       36,752        1,350       3.73  07-09-2026 19:51:29
00029   0.290117        1,599       58       36,752        1,500       3.65  07-09-2026 19:51:29
00030   0.300051        1,655       56       36,752        1,500       3.54  07-09-2026 19:51:29
00031   0.310053        1,711       56       36,752        1,500       3.56  07-09-2026 19:51:29
00032   0.320086        1,767       56       36,752        1,500       3.59  07-09-2026 19:51:29
00033   0.330156        1,825       58       36,752        1,500       3.75  07-09-2026 19:51:29
00034   0.340144        1,882       57       36,752        1,500       3.71  07-09-2026 19:51:29
00035   0.350176        1,939       57       36,752        1,500       3.65  07-09-2026 19:51:29
00036   0.360070        1,996       57       36,752        1,500       3.70  07-09-2026 19:51:29
00037   0.370018        2,053       57       36,752        1,500       3.68  07-09-2026 19:51:29
00038   0.380145        2,110       57       36,752        1,500       3.67  07-09-2026 19:51:29
00039   0.390145        2,168       58       36,752        1,500       3.85  07-09-2026 19:51:29
00040   0.400113        2,228       60       36,752        1,500       4.03  07-09-2026 19:51:30
00041   0.410035        2,290       62       36,752        1,500       4.07  07-09-2026 19:51:30
00042   0.420151        2,352       62       36,752        1,500       3.98  07-09-2026 19:51:30
00043   0.430018        2,411       59       36,752        1,500       3.95  07-09-2026 19:51:30
00044   0.440056        2,471       60       36,752        1,500       3.94  07-09-2026 19:51:30
00045   0.450077        2,530       59       36,752        1,500       3.97  07-09-2026 19:51:30
00046   0.460136        2,589       59       36,752        1,500       4.26  07-09-2026 19:51:30
00047   0.470078        2,646       57       36,752        1,500       3.74  07-09-2026 19:51:30
00048   0.480056        2,703       57       36,752        1,500       3.83  07-09-2026 19:51:30
00049   0.490045        2,762       59       36,752        1,500       4.07  07-09-2026 19:51:30
00050   0.500048        2,821       59       36,752        1,500       4.14  07-09-2026 19:51:30
00051   0.510120        2,879       58       36,752        1,500       3.80  07-09-2026 19:51:30
00052   0.520016        2,935       56       36,752        1,500       3.63  07-09-2026 19:51:30
00053   0.530086        2,992       57       36,752        1,500       3.60  07-09-2026 19:51:30
00054   0.540093        3,052       60       36,752        1,500       3.83  07-09-2026 19:51:29
00055   0.550060        3,114       62       36,752        1,500       4.00  07-09-2026 19:51:29
00056   0.560108        3,176       62       36,752        1,500       3.83  07-09-2026 19:51:29
00057   0.570039        3,236       60       36,752        1,500       3.86  07-09-2026 19:51:29
00058   0.580172        3,294       58       36,752        1,500       3.62  07-09-2026 19:51:29
00059   0.590019        3,350       56       36,752        1,500       3.59  07-09-2026 19:51:29
00060   0.600066        3,408       58       36,752        1,500       3.73  07-09-2026 19:51:29
00061   0.610071        3,466       58       36,752        1,500       3.78  07-09-2026 19:51:29
00062   0.620080        3,525       59       36,752        1,500       3.75  07-09-2026 19:51:29
00063   0.630119        3,583       58       36,752        1,500       3.70  07-09-2026 19:51:29
00064   0.640058        3,639       56       36,752        1,500       3.61  07-09-2026 19:51:29
00065   0.650142        3,696       57       36,752        1,500       3.65  07-09-2026 19:51:29
00066   0.660051        3,753       57       36,752        1,500       3.68  07-09-2026 19:51:30
00067   0.670148        3,811       58       36,752        1,500       4.38  07-09-2026 19:51:30
00068   0.680100        3,869       58       36,752        1,500       3.90  07-09-2026 19:51:30
00069   0.690171        3,927       58       36,752        1,500       3.86  07-09-2026 19:51:30
00070   0.700100        3,984       57       36,752        1,500       3.72  07-09-2026 19:51:30
00071   0.710060        4,041       57       36,752        1,500       3.79  07-09-2026 19:51:30
00072   0.720129        4,099       58       36,752        1,500       3.76  07-09-2026 19:51:30
00073   0.730151        4,157       58       36,752        1,500       3.76  07-09-2026 19:51:30
00074   0.740069        4,214       57       36,752        1,500       3.67  07-09-2026 19:51:30
00075   0.750024        4,271       57       36,752        1,500       3.73  07-09-2026 19:51:30
00076   0.760080        4,329       58       36,752        1,500       3.88  07-09-2026 19:51:30
00077   0.770023        4,386       57       36,752        1,500       3.87  07-09-2026 19:51:30
00078   0.780059        4,444       58       36,752        1,500       3.83  07-09-2026 19:51:30
00079   0.790160        4,501       57       36,752        1,500       3.62  07-09-2026 19:51:30
00080   0.800017        4,557       56       36,752        1,500       3.81  07-09-2026 19:51:30

[Simulation finished  07-09-2026 19:51:30]
Particles of simulation (initial): 36,752
DTs adjusted to DtMin............: 0
Excluded particles...............: 0
Total Runtime....................: 3.269067 sec.
Simulation Runtime...............: 3.020992 sec.
Runtime per physical second......: 3.776161 sec.
Steps per second.................: 1508.444946
Steps of simulation..............: 4,557
PART files.......................: 81
Maximum number of particles......: 36,752
Maximum number of cells..........: 1,500
CPU Memory.......................: 3,365,280 (3.21 MiB)
GPU Memory.......................: 6,024,304 (5.75 MiB)
GPU Memory (for cells)...........: 89,416 (0.09 MiB)
 
[GPU Timers]
VA-Init..........................: 0.248079 sec.
NL-Limits........................: 0.075921 sec.
NL-PreSort.......................: 0.018146 sec.
NL-RadixSort.....................: 0.294900 sec.
NL-CellBegin.....................: 0.117242 sec.
NL-SortData......................: 0.094619 sec.
NL-OutCheck......................: 0 sec.
CF-PreForces.....................: 0.182481 sec.
CF-PreMDBC.......................: 0 sec.
CF-Forces........................: 1.983508 sec.
SU-Shifting......................: 0 sec.
SU-ComputeStep...................: 0.069566 sec.
SU-Floating......................: 0 sec.
SU-Motion........................: 0 sec.
SU-Periodic......................: 0 sec.
SU-ResizeNp......................: 0 sec.
SU-DownData......................: 0.044006 sec.
SU-SavePart......................: 0.086016 sec.
SU-Chrono........................: 0 sec.
SU-Moorings......................: 0 sec.
SU-InOut.........................: 0 sec.
SU-Gauges........................: 0.047067 sec.
SU-FlexStruc.....................: 0 sec.
 
[Output files]
- CfgGauge_InitPoints.vtk.: Saves points used for gauge calculations (by JGaugeSystem).
- CfgInit_Domain.vtk......: Saves the limits of the case and the simulation domain limits.
- CfgInit_MapCells.vtk....: Saves the cell division of the simulation domain.
- GaugesForce_BoxForce.csv: Saves Force data measured from boundary particles (by JGaugeForce).
- Run.csv.................: One line CSV file with execution parameters and other simulation data.
- Run.out.................: Log file of the simulation.
- RunPARTs.csv............: Saves extra information of simulated PARTs.
- data/PartInfo.ibi4......: Binary file with execution information for each instant (input for PartInfo program).
- data/PartOut_???.obi4...: Binary file with particles excluded during simulation (input for PartVtkOut program).
- data/Part_????.bi4......: Binary file with particle data in different instants.
- data/Part_Head.ibi4.....: Binary file with basic information of simulation data.
 
[References]
- Official solver reference DualSPHysics v5.0: J.M. Dominguez, G. Fourtakas,
    C. Altomare, R.B. Canelas, A. Tafuni, O. Garcia-Feal, I. Martinez-Estevez,
    A. Mokos, R. Vacondio, A.J.C. Crespo, B.D. Rogers, P.K. Stansby, M. Gomez-Gesteira.
    2022. DualSPHysics: from fluid dynamics to multiphysics problems.
    Computational Particle Mechanics, 9:867-895. doi: https://doi.org/10.1007/s40571-021-00404-2

- Optimised CPU multi-core and GPU implementation (Dominguez et al., 2013  https://doi.org/10.1016/j.cpc.2012.10.015)
- Dynamic boundary conditions (Crespo et al., 2007  https://doi.org/10.3970/cmc.2007.005.173)
- Density diffusion Term: Fourtakas (Fourtakas et al., 2019  https://doi.org/10.1016/j.compfluid.2019.06.009)
- Viscosity: Artificial (Monaghan, 1992  https://doi.org/10.1146/annurev.aa.30.090192.002551)
- Kernel: Quintic Wendland (Wendland, 1995  https://doi.org/10.1007/BF02123482)
- Time integration scheme: Verlet (Verlet, 1967  https://doi.org/10.1103/PhysRev.159.98)

Finished execution (code=0).
