

 <GENCASE>  Copyright (c) 2025 by Dr Jose M. Dominguez
 All rights reserved.

 GenCase is a free tool for DualSPHysics simulations.
 DualSPHysics project is an international collaboration between
 University of Vigo (Spain) and University of Manchester (UK).

 Redistribution and use in binary form, without modification, are
 permitted provided that the following conditions are met:
 * Redistributions in binary form must reproduce the above copyright
   notice, this list of conditions and the following disclaimer in the
   documentation and/or other materials provided with the distribution.
 * Redistributions or modifications of source code are not permitted 
   unless expressly authorised, and must retain the above copyright 
   notice, this list of conditions and the following disclaimer.
 * Neither the name of the GenCase nor the names of its contributors
   may be used to endorse or promote products derived from this software
   without specific prior written permission.

 THIS SOFTWARE IS PROVIDED BY THE COPYRIGHT HOLDERS AND CONTRIBUTORS "AS IS"
 AND ANY EXPRESS OR IMPLIED WARRANTIES, INCLUDING, BUT NOT LIMITED TO, THE
 IMPLIED WARRANTIES OF MERCHANTABILITY AND FITNESS FOR A PARTICULAR PURPOSE
 ARE DISCLAIMED. IN NO EVENT SHALL THE COPYRIGHT OWNER BE LIABLE FOR ANY
 DIRECT, INDIRECT, INCIDENTAL, SPECIAL, EXEMPLARY, OR CONSEQUENTIAL DAMAGES
 (INCLUDING, BUT NOT LIMITED TO, PROCUREMENT OF SUBSTITUTE GOODS OR SERVICES;
 LOSS OF USE, DATA, OR PROFITS; OR BUSINESS INTERRUPTION) HOWEVER CAUSED AND
 ON ANY THEORY OF LIABILITY, WHETHER IN CONTRACT, STRICT LIABILITY, OR TORT
 (INCLUDING NEGLIGENCE OR OTHERWISE) ARISING IN ANY WAY OUT OF THE USE OF
 THIS SOFTWARE, EVEN IF ADVISED OF THE POSSIBILITY OF SUCH DAMAGE.


GenCase v5.4.354.01 (07-04-2025)
=================================
LoadDsphConfig> .../bin/linux/DsphConfig.xml
OmpThreads: 8

[LoadXMLInit]
List: GeometryForNormals
List: MAIN

Total operations: 20
[LoadXMLInit-End  time:0.000s]

[Draw]
List of available variables: Gravity_x=[0]  Gravity_y=[0]  Gravity_z=[-9.81]  Rhop0=[1000]  VResId=[0]  Dp=[0.04]  PosMin_x=[-0.2]  PosMin_y=[-0.2]  PosMin_z=[-0.2]  PosMax_x=[0.6]  PosMax_y=[0.5]  PosMax_z=[0.6]  CaseName=["canonical_float1_cylinder"]  Data2D=[0]  Data2DPosy=[0]  H=[0.069282]  MassBound=[0.064]  MassFluid=[0.064]

Mk size: 1 bytes
Case limits: (-0.2,-0.2,-0.2) - (0.6,0.5,0.6)
Distance between points (Dp): 0.04
Reference position: (0,0,0)
Case domain: (0,0,0)-(19,16,19)
Domain points: 20 x 17 x 20 = 6,800
Case parts: 1 x 20z
Memory: 0.00 GiB  0.01 MiB  (6,800)

> MAIN
>> GeometryForNormals
FileShapes> hdp_Actual.vtk  shapes:77  points:58   (time:0.000s)
<< GeometryForNormals (8+2+1)
FileDbgDomains> lagrangian-fluid-lab/diagnostics/r3_f6_canonical_geometry/evidence/float1_cylinder/generated/canonical_float1_cylinder_dbg-fillbox.vtk  domains:1
FileShapes> _Actual.vtk  shapes:231  points:124   (time:0.000s)
<MAIN (Operations= 15+5+2 = 22)

Triangles: 40 (0 ignored)
[Draw-End  time:0.002s]

[LoadsXMLConfig]
Execution parameters.
Initials configuration.
Floating bodies configuration.
Properties configuration.
Predefined motion configuration.
[LoadsXMLConfig-End  time:0.000s]

[PreparePoints]
Computing Vtk-Cells data...  (time:0.001s)
BitSizeTot: 14 (2 + 4+4+4)
Points loaded: 2,097
Sorting points by Z...
Sorting points by Mk...
Computing Grid-points...  (time:0.000s)

List of Points:
Points -> Fixed-Boundary particles:
  block[  0] (mk: 17):   1593  -->    1593
Points -> Floating-Boundary particles:
  block[  1] (mk: 22):     84  -->      84
Points -> Fluid particles:
  block[  2] (mk:  1):    420  -->     420

Particle summary:
  Fixed....: 1,593  id:(0-1592)   MKs:1 (17)
  Moving...: 0
  Floating.: 84  id:(1593-1676)   MKs:1 (22)
  Fluid....: 420  id:(1677-2096)   MKs:1 (1)

Total particles: 2,097 (bound=1677 (fx=1593 mv=0 ft=84) fluid=420)
Total MK blocks: 3 (bound=2 (fx=1 mv=0 ft=1) fluid=1)

Maximum depth: 0.28 (automatic from the height of water+floating bodies)
Speed of system: 1.65735 (automatic)
Speed of sound: max(coefsound*speedsystem,10*sqrt(g*depth))
Speed of sound: 33.1469 max(33.1469,16.5735)
Speed of sound: 33.1469 (automatic)

Coefh:1.000000 (hdp:1.732051)

[PreparePoints-End  time:0.002s]

[SaveCase3D]
lagrangian-fluid-lab/diagnostics/r3_f6_canonical_geometry/evidence/float1_cylinder/generated/canonical_float1_cylinder_MkCells.vtk  (time:0.000s, shapes:56, points:224)
lagrangian-fluid-lab/diagnostics/r3_f6_canonical_geometry/evidence/float1_cylinder/generated/canonical_float1_cylinder.bi4<double>  (time:0.000s)
lagrangian-fluid-lab/diagnostics/r3_f6_canonical_geometry/evidence/float1_cylinder/generated/canonical_float1_cylinder_All.vtk  (time: 0.000s)
lagrangian-fluid-lab/diagnostics/r3_f6_canonical_geometry/evidence/float1_cylinder/generated/canonical_float1_cylinder_Bound.vtk  (time: 0.000s)
lagrangian-fluid-lab/diagnostics/r3_f6_canonical_geometry/evidence/float1_cylinder/generated/canonical_float1_cylinder_Fluid.vtk  (time: 0.000s)
lagrangian-fluid-lab/diagnostics/r3_f6_canonical_geometry/evidence/float1_cylinder/generated/canonical_float1_cylinder.xml  (time:0.000s)
 
Computing normals...
  Evaluating 1,677 particles with 77 shapes (distance 3x H = 0.207846).
  Time for computing 24,356 normals: 0.006s   Max.Memory: 1.33 MiB
  Non-zero particle normals: 1,677/1,677    Normals size range: (0.019841 - 0.173205).
  Final zero normals: 0/1,677 (0.0%)   Maximum normal: 0.173205 (2.50 x h)

Save files time: 0.008s

Particle limits:
  X range: -0.08 to 0.48 [m]
  Y range: -0.08 to 0.36 [m]
  Z range: -0.08 to 0.36 [m]

[SaveCase3D-End  time:0.009s]


Time of execution: 0.013 sec. (8 threads)

Finished execution (code=0).

